Component: ARM Compiler 5.06 update 5 (build 528) Tool: armlink [4d35e2]

==============================================================================

Section Cross References

    startup_va108xx.o(RESET) refers to startup_va108xx.o(STACK) for __initial_sp
    startup_va108xx.o(RESET) refers to startup_va108xx.o(.text) for Reset_Handler
    startup_va108xx.o(RESET) refers to port.o(.emb_text) for PendSV_Handler
    startup_va108xx.o(RESET) refers to port.o(i.SysTick_Handler) for SysTick_Handler
    startup_va108xx.o(RESET) refers to uart.o(i.VOR_UART0_IRQHandler) for VOR_UART0_IRQHandler
    startup_va108xx.o(RESET) refers to sampling_engine.o(i.OC27_IRQHandler) for OC27_IRQHandler
    startup_va108xx.o(RESET) refers to sampling_engine.o(i.OC30_IRQHandler) for OC30_IRQHandler
    startup_va108xx.o(RESET) refers to sampling_engine.o(i.OC31_IRQHandler) for OC31_IRQHandler
    startup_va108xx.o(.text) refers to system_va108xx.o(i.SystemInit) for SystemInit
    startup_va108xx.o(.text) refers to entry.o(.ARM.Collect$$$$00000000) for __main
    system_va108xx.o(i.SystemCoreClockUpdate) refers to system_va108xx.o(.data) for .data
    system_va108xx.o(i.SystemInit) refers to system_va108xx.o(.data) for .data
    driver.common.o(i.VOR_Get_ClockFreq) refers to system_va108xx.o(.data) for SystemCoreClock
    driver.common.o(i.VOR_Sleep) refers to uidiv.o(.text) for __aeabi_uidivmod
    driver.common.o(i.VOR_Sleep) refers to system_va108xx.o(.data) for SystemCoreClock
    main.o(i.ConfigurePins) refers to driver.common.o(i.VOR_GPIO_PinMux) for VOR_GPIO_PinMux
    main.o(i.TaskMain) refers to output.o(i.PrintVersion) for PrintVersion
    main.o(i.TaskMain) refers to parser.o(i.ParseCommand) for ParseCommand
    main.o(i.TaskMain) refers to output.o(i.PrintData) for PrintData
    main.o(i.TimersInit) refers to main.o(i.NVIC_SetPriority) for NVIC_SetPriority
    main.o(i.main) refers to main.o(i.ConfigurePins) for ConfigurePins
    main.o(i.main) refers to main.o(i.TimersInit) for TimersInit
    main.o(i.main) refers to uart.o(i.UART0Init) for UART0Init
    main.o(i.main) refers to main.o(i.SPIInit) for SPIInit
    main.o(i.main) refers to parser.o(i.ParserInit) for ParserInit
    main.o(i.main) refers to sampling_engine.o(i.SamplingEngineInit) for SamplingEngineInit
    main.o(i.main) refers to main.o(i.TaskMain) for TaskMain
    uart.o(i.UART0Init) refers to uart.o(.bss) for .bss
    uart.o(i.UART0Init) refers to uart.o(.data) for .data
    uart.o(i.UART0Read) refers to uart.o(.data) for .data
    uart.o(i.UART0Read) refers to uart.o(.bss) for .bss
    uart.o(i.VOR_UART0_IRQHandler) refers to uart.o(.data) for .data
    uart.o(i.VOR_UART0_IRQHandler) refers to uart.o(.bss) for .bss
    output.o(i.PrintADC01Samples) refers to uart.o(i.UART0WriteStr) for UART0WriteStr
    output.o(i.PrintADC01Samples) refers to output.o(.bss) for .bss
    output.o(i.PrintADC01Samples) refers to output.o(.constdata) for .constdata
    output.o(i.PrintADCMuxSamples) refers to uart.o(i.UART0WriteStr) for UART0WriteStr
    output.o(i.PrintADCMuxSamples) refers to output.o(.bss) for .bss
    output.o(i.PrintADCMuxSamples) refers to output.o(.constdata) for .constdata
    output.o(i.PrintBurstModeData) refers to sampling_engine.o(i.GetTime) for GetTime
    output.o(i.PrintBurstModeData) refers to sampling_engine.o(i.ReadBurstResults) for ReadBurstResults
    output.o(i.PrintBurstModeData) refers to output.o(i.getTempK10_from_adcCodeSum) for getTempK10_from_adcCodeSum
    output.o(i.PrintBurstModeData) refers to uidiv.o(.text) for __aeabi_uidivmod
    output.o(i.PrintBurstModeData) refers to idiv.o(.text) for __aeabi_idivmod
    output.o(i.PrintBurstModeData) refers to printf8.o(i.__0sprintf$8) for __2sprintf
    output.o(i.PrintBurstModeData) refers to uart.o(i.UART0WriteStr) for UART0WriteStr
    output.o(i.PrintBurstModeData) refers to output.o(i.PrintADC01Samples) for PrintADC01Samples
    output.o(i.PrintBurstModeData) refers to output.o(i.PrintADCMuxSamples) for PrintADCMuxSamples
    output.o(i.PrintContinuousModeData) refers to sampling_engine.o(i.ReadContinuousResults) for ReadContinuousResults
    output.o(i.PrintContinuousModeData) refers to uart.o(i.UART0WriteStr) for UART0WriteStr
    output.o(i.PrintContinuousModeData) refers to output.o(.data) for .data
    output.o(i.PrintContinuousModeData) refers to output.o(.constdata) for .constdata
    output.o(i.PrintData) refers to sampling_engine.o(i.IsDataAvailable) for IsDataAvailable
    output.o(i.PrintData) refers to sampling_engine.o(i.GetMode) for GetMode
    output.o(i.PrintData) refers to output.o(i.PrintContinuousModeData) for PrintContinuousModeData
    output.o(i.PrintData) refers to output.o(i.PrintBurstModeData) for PrintBurstModeData
    output.o(i.PrintData) refers to sampling_engine.o(i.MarkDataAsConsumed) for MarkDataAsConsumed
    output.o(i.PrintData) refers to uart.o(i.UART0WriteStr) for UART0WriteStr
[...]
    printf1.o(i.__0vprintf$1) refers to fputc.o(i.fputc) for fputc
    printf1.o(i.__0vprintf$1) refers to stdout.o(.data) for __stdout
    printf1.o(i.__0vsnprintf$1) refers to printf1.o(i._printf_core) for _printf_core
    printf1.o(i.__0vsnprintf$1) refers to printf1.o(i._snputc) for _snputc
    printf1.o(i.__0vsprintf$1) refers to printf1.o(i._printf_core) for _printf_core
    printf1.o(i.__0vsprintf$1) refers to printf1.o(i._sputc) for _sputc
    printf1.o(i._printf_core) refers to uidiv.o(.text) for __aeabi_uidivmod
    printf2.o(i.__0fprintf$2) refers to printf2.o(i._printf_core) for _printf_core
    printf2.o(i.__0fprintf$2) refers to fputc.o(i.fputc) for fputc
    printf2.o(i.__0printf$2) refers to printf2.o(i._printf_core) for _printf_core
    printf2.o(i.__0printf$2) refers to fputc.o(i.fputc) for fputc
    printf2.o(i.__0printf$2) refers to stdout.o(.data) for __stdout
    printf2.o(i.__0snprintf$2) refers to printf2.o(i._printf_core) for _printf_core
    printf2.o(i.__0snprintf$2) refers to printf2.o(i._snputc) for _snputc
    printf2.o(i.__0sprintf$2) refers to printf2.o(i._printf_core) for _printf_core
    printf2.o(i.__0sprintf$2) refers to printf2.o(i._sputc) for _sputc
    printf2.o(i.__0vfprintf$2) refers to printf2.o(i._printf_core) for _printf_core
    printf2.o(i.__0vfprintf$2) refers to fputc.o(i.fputc) for fputc
    printf2.o(i.__0vprintf$2) refers to printf2.o(i._printf_core) for _printf_core
    printf2.o(i.__0vprintf$2) refers to fputc.o(i.fputc) for fputc
    printf2.o(i.__0vprintf$2) refers to stdout.o(.data) for __stdout
    printf2.o(i.__0vsnprintf$2) refers to printf2.o(i._printf_core) for _printf_core
    printf2.o(i.__0vsnprintf$2) refers to printf2.o(i._snputc) for _snputc
    printf2.o(i.__0vsprintf$2) refers to printf2.o(i._printf_core) for _printf_core
    printf2.o(i.__0vsprintf$2) refers to printf2.o(i._sputc) for _sputc
    printf3.o(i.__0fprintf$3) refers to printf3.o(i._printf_core) for _printf_core
    printf3.o(i.__0fprintf$3) refers to fputc.o(i.fputc) for fputc
    printf3.o(i.__0printf$3) refers to printf3.o(i._printf_core) for _printf_core
    printf3.o(i.__0printf$3) refers to fputc.o(i.fputc) for fputc
    printf3.o(i.__0printf$3) refers to stdout.o(.data) for __stdout
    printf3.o(i.__0snprintf$3) refers to printf3.o(i._printf_core) for _printf_core
    printf3.o(i.__0snprintf$3) refers to printf3.o(i._snputc) for _snputc
    printf3.o(i.__0sprintf$3) refers to printf3.o(i._printf_core) for _printf_core
    printf3.o(i.__0sprintf$3) refers to printf3.o(i._sputc) for _sputc
    printf3.o(i.__0vfprintf$3) refers to printf3.o(i._printf_core) for _printf_core
    printf3.o(i.__0vfprintf$3) refers to fputc.o(i.fputc) for fputc
    printf3.o(i.__0vprintf$3) refers to printf3.o(i._printf_core) for _printf_core
    printf3.o(i.__0vprintf$3) refers to fputc.o(i.fputc) for fputc
    printf3.o(i.__0vprintf$3) refers to stdout.o(.data) for __stdout
    printf3.o(i.__0vsnprintf$3) refers to printf3.o(i._printf_core) for _printf_core
    printf3.o(i.__0vsnprintf$3) refers to printf3.o(i._snputc) for _snputc
    printf3.o(i.__0vsprintf$3) refers to printf3.o(i._printf_core) for _printf_core
    printf3.o(i.__0vsprintf$3) refers to printf3.o(i._sputc) for _sputc
    printf3.o(i._printf_core) refers to uidiv.o(.text) for __aeabi_uidivmod
    printf4.o(i.__0fprintf$4) refers to printf4.o(i._printf_core) for _printf_core
    printf4.o(i.__0fprintf$4) refers to fputc.o(i.fputc) for fputc
    printf4.o(i.__0printf$4) refers to printf4.o(i._printf_core) for _printf_core
    printf4.o(i.__0printf$4) refers to fputc.o(i.fputc) for fputc
    printf4.o(i.__0printf$4) refers to stdout.o(.data) for __stdout
    printf4.o(i.__0snprintf$4) refers to printf4.o(i._printf_core) for _printf_core
    printf4.o(i.__0snprintf$4) refers to printf4.o(i._snputc) for _snputc
    printf4.o(i.__0sprintf$4) refers to printf4.o(i._printf_core) for _printf_core
    printf4.o(i.__0sprintf$4) refers to printf4.o(i._sputc) for _sputc
    printf4.o(i.__0vfprintf$4) refers to printf4.o(i._printf_core) for _printf_core
    printf4.o(i.__0vfprintf$4) refers to fputc.o(i.fputc) for fputc
    printf4.o(i.__0vprintf$4) refers to printf4.o(i._printf_core) for _printf_core
    printf4.o(i.__0vprintf$4) refers to fputc.o(i.fputc) for fputc
    printf4.o(i.__0vprintf$4) refers to stdout.o(.data) for __stdout
    printf4.o(i.__0vsnprintf$4) refers to printf4.o(i._printf_core) for _printf_core
    printf4.o(i.__0vsnprintf$4) refers to printf4.o(i._snputc) for _snputc
    printf4.o(i.__0vsprintf$4) refers to printf4.o(i._printf_core) for _printf_core
    printf4.o(i.__0vsprintf$4) refers to printf4.o(i._sputc) for _sputc
    printf4.o(i._printf_core) refers to uldiv.o(.text) for __aeabi_uldivmod
    printf5.o(i.__0fprintf$5) refers to printf5.o(i._printf_core) for _printf_core
    printf5.o(i.__0fprintf$5) refers to fputc.o(i.fputc) for fputc
    printf5.o(i.__0printf$5) refers to printf5.o(i._printf_core) for _printf_core
    printf5.o(i.__0printf$5) refers to fputc.o(i.fputc) for fputc
    printf5.o(i.__0printf$5) refers to stdout.o(.data) for __stdout
    printf5.o(i.__0snprintf$5) refers to printf5.o(i._printf_core) for _printf_core
    printf5.o(i.__0snprintf$5) refers to printf5.o(i._snputc) for _snputc
    printf5.o(i.__0sprintf$5) refers to printf5.o(i._printf_core) for _printf_core
    printf5.o(i.__0sprintf$5) refers to printf5.o(i._sputc) for _sputc
    printf5.o(i.__0vfprintf$5) refers to printf5.o(i._printf_core) for _printf_core
    printf5.o(i.__0vfprintf$5) refers to fputc.o(i.fputc) for fputc
    printf5.o(i.__0vprintf$5) refers to printf5.o(i._printf_core) for _printf_core
    printf5.o(i.__0vprintf$5) refers to fputc.o(i.fputc) for fputc
    printf5.o(i.__0vprintf$5) refers to stdout.o(.data) for __stdout
    printf5.o(i.__0vsnprintf$5) refers to printf5.o(i._printf_core) for _printf_core
    printf5.o(i.__0vsnprintf$5) refers to printf5.o(i._snputc) for _snputc
    printf5.o(i.__0vsprintf$5) refers to printf5.o(i._printf_core) for _printf_core
    printf5.o(i.__0vsprintf$5) refers to printf5.o(i._sputc) for _sputc
    printf5.o(i._printf_core) refers to uldiv.o(.text) for __aeabi_uldivmod
    printf6.o(i.__0fprintf$6) refers to printf6.o(i._printf_core) for _printf_core
    printf6.o(i.__0fprintf$6) refers to fputc.o(i.fputc) for fputc
    printf6.o(i.__0printf$6) refers to printf6.o(i._printf_core) for _printf_core
    printf6.o(i.__0printf$6) refers to fputc.o(i.fputc) for fputc
    printf6.o(i.__0printf$6) refers to stdout.o(.data) for __stdout
    printf6.o(i.__0snprintf$6) refers to printf6.o(i._printf_core) for _printf_core
    printf6.o(i.__0snprintf$6) refers to printf6.o(i._snputc) for _snputc
    printf6.o(i.__0sprintf$6) refers to printf6.o(i._printf_core) for _printf_core
    printf6.o(i.__0sprintf$6) refers to printf6.o(i._sputc) for _sputc
    printf6.o(i.__0vfprintf$6) refers to printf6.o(i._printf_core) for _printf_core
    printf6.o(i.__0vfprintf$6) refers to fputc.o(i.fputc) for fputc
    printf6.o(i.__0vprintf$6) refers to printf6.o(i._printf_core) for _printf_core
    printf6.o(i.__0vprintf$6) refers to fputc.o(i.fputc) for fputc
    printf6.o(i.__0vprintf$6) refers to stdout.o(.data) for __stdout
    printf6.o(i.__0vsnprintf$6) refers to printf6.o(i._printf_core) for _printf_core
    printf6.o(i.__0vsnprintf$6) refers to printf6.o(i._snputc) for _snputc
    printf6.o(i.__0vsprintf$6) refers to printf6.o(i._printf_core) for _printf_core
    printf6.o(i.__0vsprintf$6) refers to printf6.o(i._sputc) for _sputc
    printf6.o(i._printf_core) refers to printf6.o(i._printf_pre_padding) for _printf_pre_padding
    printf6.o(i._printf_core) refers to printf6.o(i._printf_post_padding) for _printf_post_padding
    printf6.o(i._printf_core) refers to uidiv.o(.text) for __aeabi_uidivmod
    printf7.o(i.__0fprintf$7) refers to printf7.o(i._printf_core) for _printf_core
    printf7.o(i.__0fprintf$7) refers to fputc.o(i.fputc) for fputc
    printf7.o(i.__0printf$7) refers to printf7.o(i._printf_core) for _printf_core
    printf7.o(i.__0printf$7) refers to fputc.o(i.fputc) for fputc
    printf7.o(i.__0printf$7) refers to stdout.o(.data) for __stdout
    printf7.o(i.__0snprintf$7) refers to printf7.o(i._printf_core) for _printf_core
    printf7.o(i.__0snprintf$7) refers to printf7.o(i._snputc) for _snputc
    printf7.o(i.__0sprintf$7) refers to printf7.o(i._printf_core) for _printf_core
    printf7.o(i.__0sprintf$7) refers to printf7.o(i._sputc) for _sputc
    printf7.o(i.__0vfprintf$7) refers to printf7.o(i._printf_core) for _printf_core
    printf7.o(i.__0vfprintf$7) refers to fputc.o(i.fputc) for fputc
    printf7.o(i.__0vprintf$7) refers to printf7.o(i._printf_core) for _printf_core
    printf7.o(i.__0vprintf$7) refers to fputc.o(i.fputc) for fputc
    printf7.o(i.__0vprintf$7) refers to stdout.o(.data) for __stdout
    printf7.o(i.__0vsnprintf$7) refers to printf7.o(i._printf_core) for _printf_core
    printf7.o(i.__0vsnprintf$7) refers to printf7.o(i._snputc) for _snputc
    printf7.o(i.__0vsprintf$7) refers to printf7.o(i._printf_core) for _printf_core
    printf7.o(i.__0vsprintf$7) refers to printf7.o(i._sputc) for _sputc
    printf7.o(i._printf_core) refers to printf7.o(i._printf_pre_padding) for _printf_pre_padding
    printf7.o(i._printf_core) refers to printf7.o(i._printf_post_padding) for _printf_post_padding
    printf7.o(i._printf_core) refers to uldiv.o(.text) for __aeabi_uldivmod
    printf8.o(i.__0fprintf$8) refers to printf8.o(i._printf_core) for _printf_core
    printf8.o(i.__0fprintf$8) refers to fputc.o(i.fputc) for fputc
    printf8.o(i.__0printf$8) refers to printf8.o(i._printf_core) for _printf_core
    printf8.o(i.__0printf$8) refers to fputc.o(i.fputc) for fputc
    printf8.o(i.__0printf$8) refers to stdout.o(.data) for __stdout
    printf8.o(i.__0snprintf$8) refers to printf8.o(i._printf_core) for _printf_core
    printf8.o(i.__0snprintf$8) refers to printf8.o(i._snputc) for _snputc
    printf8.o(i.__0sprintf$8) refers to printf8.o(i._printf_core) for _printf_core
    printf8.o(i.__0sprintf$8) refers to printf8.o(i._sputc) for _sputc
    printf8.o(i.__0vfprintf$8) refers to printf8.o(i._printf_core) for _printf_core
    printf8.o(i.__0vfprintf$8) refers to fputc.o(i.fputc) for fputc
    printf8.o(i.__0vprintf$8) refers to printf8.o(i._printf_core) for _printf_core
    printf8.o(i.__0vprintf$8) refers to fputc.o(i.fputc) for fputc
    printf8.o(i.__0vprintf$8) refers to stdout.o(.data) for __stdout
    printf8.o(i.__0vsnprintf$8) refers to printf8.o(i._printf_core) for _printf_core
    printf8.o(i.__0vsnprintf$8) refers to printf8.o(i._snputc) for _snputc
    printf8.o(i.__0vsprintf$8) refers to printf8.o(i._printf_core) for _printf_core
    printf8.o(i.__0vsprintf$8) refers to printf8.o(i._sputc) for _sputc
    printf8.o(i._printf_core) refers to printf8.o(i._printf_pre_padding) for _printf_pre_padding
    printf8.o(i._printf_core) refers to printf8.o(i._printf_post_padding) for _printf_post_padding
    printf8.o(i._printf_core) refers to uldiv.o(.text) for __aeabi_uldivmod
    printfa.o(i.__0fprintf) refers (Special) to iusefp.o(.text) for __I$use$fp
    printfa.o(i.__0fprintf) refers to printfa.o(i._printf_core) for _printf_core
    printfa.o(i.__0fprintf) refers to fputc.o(i.fputc) for fputc
    printfa.o(i.__0printf) refers (Special) to iusefp.o(.text) for __I$use$fp
    printfa.o(i.__0printf) refers to printfa.o(i._printf_core) for _printf_core
    printfa.o(i.__0printf) refers to fputc.o(i.fputc) for fputc
    printfa.o(i.__0printf) refers to stdout.o(.data) for __stdout
    printfa.o(i.__0snprintf) refers (Special) to iusefp.o(.text) for __I$use$fp
    printfa.o(i.__0snprintf) refers to printfa.o(i._printf_core) for _printf_core
    printfa.o(i.__0snprintf) refers to printfa.o(i._snputc) for _snputc
    printfa.o(i.__0sprintf) refers (Special) to iusefp.o(.text) for __I$use$fp
    printfa.o(i.__0sprintf) refers to printfa.o(i._printf_core) for _printf_core
    printfa.o(i.__0sprintf) refers to printfa.o(i._sputc) for _sputc
    printfa.o(i.__0vfprintf) refers (Special) to iusefp.o(.text) for __I$use$fp
    printfa.o(i.__0vfprintf) refers to printfa.o(i._printf_core) for _printf_core
    printfa.o(i.__0vfprintf) refers to fputc.o(i.fputc) for fputc
    printfa.o(i.__0vprintf) refers (Special) to iusefp.o(.text) for __I$use$fp
    printfa.o(i.__0vprintf) refers to printfa.o(i._printf_core) for _printf_core
    printfa.o(i.__0vprintf) refers to fputc.o(i.fputc) for fputc
    printfa.o(i.__0vprintf) refers to stdout.o(.data) for __stdout
    printfa.o(i.__0vsnprintf) refers (Special) to iusefp.o(.text) for __I$use$fp
    printfa.o(i.__0vsnprintf) refers to printfa.o(i._printf_core) for _printf_core
    printfa.o(i.__0vsnprintf) refers to printfa.o(i._snputc) for _snputc
    printfa.o(i.__0vsprintf) refers (Special) to iusefp.o(.text) for __I$use$fp
    printfa.o(i.__0vsprintf) refers to printfa.o(i._printf_core) for _printf_core
    printfa.o(i.__0vsprintf) refers to printfa.o(i._sputc) for _sputc
    printfa.o(i._fp_digits) refers (Special) to iusefp.o(.text) for __I$use$fp
    printfa.o(i._fp_digits) refers to dmul.o(.text) for __aeabi_dmul
    printfa.o(i._fp_digits) refers to ddiv.o(.text) for __aeabi_ddiv
    printfa.o(i._fp_digits) refers to cdrcmple.o(.text) for __aeabi_cdrcmple
    printfa.o(i._fp_digits) refers to dadd.o(.text) for __aeabi_dadd
    printfa.o(i._fp_digits) refers to dfixul.o(.text) for __aeabi_d2ulz
    printfa.o(i._fp_digits) refers to uldiv.o(.text) for __aeabi_uldivmod
    printfa.o(i._printf_core) refers (Special) to iusefp.o(.text) for __I$use$fp
    printfa.o(i._printf_core) refers to printfa.o(i._printf_pre_padding) for _printf_pre_padding
    printfa.o(i._printf_core) refers to uldiv.o(.text) for __aeabi_uldivmod
    printfa.o(i._printf_core) refers to printfa.o(i._printf_post_padding) for _printf_post_padding
    printfa.o(i._printf_core) refers to printfa.o(i._fp_digits) for _fp_digits
    printfa.o(i._printf_core) refers to uidiv.o(.text) for __aeabi_uidivmod
    printfa.o(i._printf_post_padding) refers (Special) to iusefp.o(.text) for __I$use$fp
    printfa.o(i._printf_pre_padding) refers (Special) to iusefp.o(.text) for __I$use$fp
    printfa.o(i._snputc) refers (Special) to iusefp.o(.text) for __I$use$fp
    printfa.o(i._sputc) refers (Special) to iusefp.o(.text) for __I$use$fp
    __0sscanf.o(.text) refers to scanf_char.o(.text) for __vfscanf_char
    __0sscanf.o(.text) refers to _sgetc.o(.text) for _sgetc
    _scanf_int.o(.text) refers to _chval.o(.text) for _chval
    dadd.o(.text) refers (Special) to iusefp.o(.text) for __I$use$fp
    dadd.o(.text) refers to llshl.o(.text) for __aeabi_llsl
    dadd.o(.text) refers to llsshr.o(.text) for __aeabi_lasr
    dadd.o(.text) refers to depilogue.o(.text) for _double_epilogue
    dfltui.o(.text) refers (Special) to iusefp.o(.text) for __I$use$fp
    dfltui.o(.text) refers to depilogue.o(.text) for _double_epilogue
    dfixui.o(.text) refers (Special) to iusefp.o(.text) for __I$use$fp
    dfixui.o(.text) refers to llushr.o(.text) for __aeabi_llsr
    cdcmple.o(.text) refers (Special) to iusefp.o(.text) for __I$use$fp
    cdrcmple.o(.text) refers (Special) to iusefp.o(.text) for __I$use$fp
    entry2.o(.ARM.Collect$$$$00000001) refers to entry2.o(.ARM.Collect$$$$00002712) for __lit__00000000
    entry2.o(.ARM.Collect$$$$00002712) refers to startup_va108xx.o(STACK) for __initial_sp
    entry2.o(__vectab_stack_and_reset_area) refers to startup_va108xx.o(STACK) for __initial_sp
    entry2.o(__vectab_stack_and_reset_area) refers to entry.o(.ARM.Collect$$$$00000000) for __main
    entry5.o(.ARM.Collect$$$$00000004) refers to init.o(.text) for __scatterload
    entry9a.o(.ARM.Collect$$$$0000000B) refers to main.o(i.main) for main
    entry9b.o(.ARM.Collect$$$$0000000C) refers to main.o(i.main) for main
    fputc.o(i.fputc) refers (Special) to iusesemip.o(.text) for __I$use$semihosting$fputc
    fputc.o(i.fputc) refers (Special) to semi.o(.text) for __semihosting_library_function
    scanf_char.o(.text) refers to _scanf.o(.text) for __vfscanf
    scanf_char.o(.text) refers to isspace_c.o(.text) for isspace
    depilogue.o(.text) refers to depilogue.o(i.__ARM_clz) for __ARM_clz
    depilogue.o(.text) refers to llshl.o(.text) for __aeabi_llsl
    depilogue.o(.text) refers to llushr.o(.text) for __aeabi_llsr
    dmul.o(.text) refers to depilogue.o(.text) for _double_epilogue
    ddiv.o(.text) refers to depilogue.o(.text) for _double_round
    dfixul.o(.text) refers to llushr.o(.text) for __aeabi_llsr
    dfixul.o(.text) refers to llshl.o(.text) for __aeabi_llsl
    init.o(.text) refers to entry5.o(.ARM.Collect$$$$00000004) for __main_after_scatterload
    isspace_c.o(.text) refers to ctype_c.o(.text) for __ctype_lookup
    _scanf.o(.text) refers (Weak) to _scanf_int.o(.text) for _scanf_int
    _scanf.o(.text) refers (Weak) to _scanf_str.o(.text) for _scanf_string
    ctype_c.o(.text) refers to ctype_c.o(.constdata) for .constdata


==============================================================================

Removing Unused input sections from the image.

    Removing startup_va108xx.o(HEAP), (3072 bytes).
    Removing system_va108xx.o(.rev16_text), (4 bytes).
    Removing system_va108xx.o(.revsh_text), (4 bytes).
    Removing system_va108xx.o(i.SystemCoreClockUpdate), (16 bytes).
    Removing driver.common.o(.rev16_text), (4 bytes).
    Removing driver.common.o(.revsh_text), (4 bytes).
    Removing driver.common.o(i.VOR_Get_ClockFreq), (12 bytes).
    Removing driver.common.o(i.VOR_Get_SysTime), (2 bytes).
    Removing driver.common.o(i.VOR_Sleep), (40 bytes).
    Removing main.o(.rev16_text), (4 bytes).
    Removing main.o(.revsh_text), (4 bytes).
    Removing main.o(i.FeedWatchdog), (2 bytes).
    Removing main.o(i.TaskDemo), (10 bytes).
    Removing main.o(i.check_EFCONFIG), (52 bytes).
    Removing main.o(i.vApplicationMallocFailedHook), (2 bytes).
    Removing uart.o(.rev16_text), (4 bytes).
    Removing uart.o(.revsh_text), (4 bytes).
    Removing output.o(.rev16_text), (4 bytes).
    Removing output.o(.revsh_text), (4 bytes).
    Removing output.o(i.getVolt1000fromSum), (20 bytes).
    Removing parser.o(.rev16_text), (4 bytes).
    Removing parser.o(.revsh_text), (4 bytes).
    Removing sampling_engine.o(.rev16_text), (4 bytes).
    Removing sampling_engine.o(.revsh_text), (4 bytes).
    Removing sampling_engine.o(.bss), (16 bytes).
    Removing sampling_engine.o(.data), (4 bytes).
    Removing sampling_engine.o(.data), (4 bytes).
    Removing sampling_engine.o(.data), (4 bytes).
    Removing list.o(i.vListInitialise), (22 bytes).
    Removing list.o(i.vListInitialiseItem), (6 bytes).
    Removing list.o(i.vListInsert), (48 bytes).
    Removing queue.o(i.pcQueueGetName), (40 bytes).
    Removing queue.o(i.prvCopyDataFromQueue), (38 bytes).
    Removing queue.o(i.prvCopyDataToQueue), (112 bytes).
    Removing queue.o(i.prvIsQueueEmpty), (28 bytes).
    Removing queue.o(i.prvNotifyQueueSetContainer), (90 bytes).
    Removing queue.o(i.prvUnlockQueue), (128 bytes).
    Removing queue.o(i.ucQueueGetQueueType), (6 bytes).
    Removing queue.o(i.uxQueueGetQueueNumber), (4 bytes).
    Removing queue.o(i.uxQueueMessagesWaiting), (24 bytes).
    Removing queue.o(i.uxQueueMessagesWaitingFromISR), (12 bytes).
    Removing queue.o(i.uxQueueSpacesAvailable), (28 bytes).
    Removing queue.o(i.vQueueAddToRegistry), (36 bytes).
    Removing queue.o(i.vQueueDelete), (22 bytes).
    Removing queue.o(i.vQueueSetQueueNumber), (4 bytes).
    Removing queue.o(i.vQueueUnregisterQueue), (40 bytes).
    Removing queue.o(i.vQueueWaitForMessageRestricted), (68 bytes).
    Removing queue.o(i.xQueueAddToSet), (38 bytes).
    Removing queue.o(i.xQueueCreateCountingSemaphore), (36 bytes).
    Removing queue.o(i.xQueueCreateMutex), (36 bytes).
    Removing queue.o(i.xQueueCreateSet), (12 bytes).
    Removing queue.o(i.xQueueGenericCreate), (72 bytes).
    Removing queue.o(i.xQueueGenericReceive), (312 bytes).
    Removing queue.o(i.xQueueGenericReset), (108 bytes).
    Removing queue.o(i.xQueueGenericSend), (296 bytes).
    Removing queue.o(i.xQueueGenericSendFromISR), (158 bytes).
    Removing queue.o(i.xQueueGiveFromISR), (132 bytes).
    Removing queue.o(i.xQueueGiveMutexRecursive), (50 bytes).
    Removing queue.o(i.xQueueIsQueueEmptyFromISR), (22 bytes).
    Removing queue.o(i.xQueueIsQueueFullFromISR), (24 bytes).
    Removing queue.o(i.xQueuePeekFromISR), (76 bytes).
    Removing queue.o(i.xQueueReceiveFromISR), (120 bytes).
    Removing queue.o(i.xQueueRemoveFromSet), (36 bytes).
    Removing queue.o(i.xQueueSelectFromSet), (20 bytes).
    Removing queue.o(i.xQueueSelectFromSetFromISR), (18 bytes).
    Removing queue.o(i.xQueueTakeMutexRecursive), (56 bytes).
    Removing queue.o(.bss), (64 bytes).
    Removing tasks.o(i.eTaskGetState), (92 bytes).
    Removing tasks.o(i.pcTaskGetName), (24 bytes).
    Removing tasks.o(i.prvAddCurrentTaskToDelayedList), (88 bytes).
    Removing tasks.o(i.prvAddNewTaskToReadyList), (188 bytes).
    Removing tasks.o(i.prvCheckTasksWaitingTermination), (80 bytes).
    Removing tasks.o(i.prvDeleteTCB), (18 bytes).
    Removing tasks.o(i.prvIdleTask), (24 bytes).
    Removing tasks.o(i.prvInitialiseNewTask), (136 bytes).
    Removing tasks.o(i.prvListTasksWithinSingleList), (88 bytes).
    Removing tasks.o(i.prvTaskCheckFreeStackSpace), (20 bytes).
    Removing tasks.o(i.prvTaskIsTaskSuspended), (44 bytes).
    Removing tasks.o(i.pvTaskIncrementMutexHeldCount), (24 bytes).
    Removing tasks.o(i.ulTaskNotifyTake), (96 bytes).
    Removing tasks.o(i.uxTaskGetNumberOfTasks), (12 bytes).
    Removing tasks.o(i.uxTaskGetStackHighWaterMark), (24 bytes).
    Removing tasks.o(i.uxTaskGetSystemState), (148 bytes).
    Removing tasks.o(i.uxTaskGetTaskNumber), (8 bytes).
    Removing tasks.o(i.uxTaskPriorityGet), (32 bytes).
    Removing tasks.o(i.uxTaskPriorityGetFromISR), (32 bytes).
    Removing tasks.o(i.uxTaskResetEventItemValue), (24 bytes).
    Removing tasks.o(i.vTaskDelay), (48 bytes).
    Removing tasks.o(i.vTaskDelayUntil), (92 bytes).
    Removing tasks.o(i.vTaskDelete), (120 bytes).
    Removing tasks.o(i.vTaskEndScheduler), (20 bytes).
    Removing tasks.o(i.vTaskGetInfo), (112 bytes).
    Removing tasks.o(i.vTaskMissedYield), (12 bytes).
    Removing tasks.o(i.vTaskNotifyGiveFromISR), (140 bytes).
    Removing tasks.o(i.vTaskPlaceOnEventList), (36 bytes).
    Removing tasks.o(i.vTaskPlaceOnEventListRestricted), (48 bytes).
    Removing tasks.o(i.vTaskPlaceOnUnorderedEventList), (60 bytes).
    Removing tasks.o(i.vTaskPriorityInherit), (100 bytes).
    Removing tasks.o(i.vTaskPrioritySet), (148 bytes).
    Removing tasks.o(i.vTaskResume), (92 bytes).
    Removing tasks.o(i.vTaskSetTaskNumber), (8 bytes).
    Removing tasks.o(i.vTaskSetTimeOutState), (24 bytes).
    Removing tasks.o(i.vTaskStartScheduler), (84 bytes).
    Removing tasks.o(i.vTaskSuspend), (124 bytes).
    Removing tasks.o(i.vTaskSuspendAll), (16 bytes).
    Removing tasks.o(i.xTaskCheckForTimeOut), (84 bytes).
    Removing tasks.o(i.xTaskCreate), (78 bytes).
    Removing tasks.o(i.xTaskGenericNotify), (164 bytes).
    Removing tasks.o(i.xTaskGenericNotifyFromISR), (196 bytes).
    Removing tasks.o(i.xTaskGetCurrentTaskHandle), (12 bytes).
    Removing tasks.o(i.xTaskGetSchedulerState), (32 bytes).
    Removing tasks.o(i.xTaskGetTickCount), (12 bytes).
    Removing tasks.o(i.xTaskGetTickCountFromISR), (12 bytes).
    Removing tasks.o(i.xTaskNotifyStateClear), (48 bytes).
    Removing tasks.o(i.xTaskNotifyWait), (124 bytes).
    Removing tasks.o(i.xTaskPriorityDisinherit), (104 bytes).
    Removing tasks.o(i.xTaskRemoveFromEventList), (100 bytes).
    Removing tasks.o(i.xTaskRemoveFromUnorderedEventList), (96 bytes).
    Removing tasks.o(i.xTaskResumeAll), (172 bytes).
    Removing tasks.o(i.xTaskResumeFromISR), (108 bytes).
    Removing port.o(i.prvTaskExitError), (20 bytes).
    Removing port.o(i.pxPortInitialiseStack), (32 bytes).
    Removing port.o(i.vPortEndScheduler), (24 bytes).
    Removing port.o(i.vPortEnterCritical), (24 bytes).
    Removing port.o(i.vPortExitCritical), (28 bytes).
    Removing port.o(i.vPortSVCHandler), (2 bytes).
    Removing port.o(i.vPortYield), (24 bytes).
    Removing port.o(i.xPortStartScheduler), (72 bytes).
    Removing port.o(.data), (4 bytes).
    Removing heap_1.o(i.pvPortMalloc), (96 bytes).
    Removing heap_1.o(i.vPortFree), (10 bytes).
    Removing heap_1.o(i.vPortInitialiseBlocks), (12 bytes).
    Removing heap_1.o(i.xPortGetFreeHeapSize), (20 bytes).
    Removing heap_1.o(.bss), (8000 bytes).
    Removing heap_1.o(.data), (8 bytes).
    Removing timers.o(i.pcTimerGetName), (12 bytes).
    Removing timers.o(i.prvCheckForValidListAndQueue), (80 bytes).
    Removing timers.o(i.prvInsertTimerInActiveList), (56 bytes).
    Removing timers.o(i.prvProcessReceivedCommands), (168 bytes).
    Removing timers.o(i.prvProcessTimerOrBlockTask), (156 bytes).
    Removing timers.o(i.prvSampleTimeNow), (40 bytes).
    Removing timers.o(i.prvSwitchTimerLists), (96 bytes).
    Removing timers.o(i.prvTimerTask), (36 bytes).
    Removing timers.o(i.pvTimerGetTimerID), (24 bytes).
    Removing timers.o(i.vTimerSetTimerID), (24 bytes).
    Removing timers.o(i.xTimerCreate), (66 bytes).
    Removing timers.o(i.xTimerCreateTimerTask), (64 bytes).
    Removing timers.o(i.xTimerGenericCommand), (80 bytes).
    Removing timers.o(i.xTimerGetExpiryTime), (12 bytes).
    Removing timers.o(i.xTimerGetPeriod), (12 bytes).
    Removing timers.o(i.xTimerGetTimerDaemonTaskHandle), (20 bytes).
    Removing timers.o(i.xTimerIsTimerActive), (34 bytes).
    Removing timers.o(.bss), (40 bytes).
    Removing timers.o(.data), (20 bytes).
    Removing dmul.o(.text), (208 bytes).
    Removing ddiv.o(.text), (240 bytes).
    Removing dfixul.o(.text), (64 bytes).

157 unused section(s) (total 19510 bytes) removed from the image.

==============================================================================

Image Symbol Table

    Local Symbols

    Symbol Name                              Value     Ov Type        Size  Object(Section)

    RESET                                    0x00000000   Section      192  startup_va108xx.o(RESET)
    ../clib/microlib/ctype/ctype.c           0x00000000   Number         0  ctype_c.o ABSOLUTE
    ../clib/microlib/ctype/ctype.c           0x00000000   Number         0  isspace_c.o ABSOLUTE
    ../clib/microlib/division.c              0x00000000   Number         0  uidiv.o ABSOLUTE
    ../clib/microlib/division.c              0x00000000   Number         0  idiv.o ABSOLUTE
    ../clib/microlib/division.c              0x00000000   Number         0  uldiv.o ABSOLUTE
    ../clib/microlib/init/entry.s            0x00000000   Number         0  entry7a.o ABSOLUTE
    ../clib/microlib/init/entry.s            0x00000000   Number         0  entry7b.o ABSOLUTE
    ../clib/microlib/init/entry.s            0x00000000   Number         0  entry8a.o ABSOLUTE
    ../clib/microlib/init/entry.s            0x00000000   Number         0  entry8b.o ABSOLUTE
    ../clib/microlib/init/entry.s            0x00000000   Number         0  entry9a.o ABSOLUTE
    ../clib/microlib/init/entry.s            0x00000000   Number         0  entry9b.o ABSOLUTE
    ../clib/microlib/init/entry.s            0x00000000   Number         0  entry10a.o ABSOLUTE
    ../clib/microlib/init/entry.s            0x00000000   Number         0  entry.o ABSOLUTE
    ../clib/microlib/init/entry.s            0x00000000   Number         0  entry10b.o ABSOLUTE
    ../clib/microlib/init/entry.s            0x00000000   Number         0  entry11a.o ABSOLUTE
    ../clib/microlib/init/entry.s            0x00000000   Number         0  entry11b.o ABSOLUTE
    ../clib/microlib/init/entry.s            0x00000000   Number         0  entry2.o ABSOLUTE
    ../clib/microlib/init/entry.s            0x00000000   Number         0  entry5.o ABSOLUTE
    ../clib/microlib/longlong.c              0x00000000   Number         0  llshl.o ABSOLUTE
    ../clib/microlib/longlong.c              0x00000000   Number         0  llushr.o ABSOLUTE
    ../clib/microlib/longlong.c              0x00000000   Number         0  llsshr.o ABSOLUTE
    ../clib/microlib/printf/printf.c         0x00000000   Number         0  printf3.o ABSOLUTE
    ../clib/microlib/printf/printf.c         0x00000000   Number         0  printfb.o ABSOLUTE
    ../clib/microlib/printf/printf.c         0x00000000   Number         0  printf4.o ABSOLUTE
    ../clib/microlib/printf/printf.c         0x00000000   Number         0  printfa.o ABSOLUTE
    ../clib/microlib/printf/printf.c         0x00000000   Number         0  printf2.o ABSOLUTE
    ../clib/microlib/printf/printf.c         0x00000000   Number         0  printf1.o ABSOLUTE
    ../clib/microlib/printf/printf.c         0x00000000   Number         0  printf8.o ABSOLUTE
    ../clib/microlib/printf/printf.c         0x00000000   Number         0  printf7.o ABSOLUTE
    ../clib/microlib/printf/printf.c         0x00000000   Number         0  printf0.o ABSOLUTE
    ../clib/microlib/printf/printf.c         0x00000000   Number         0  printf6.o ABSOLUTE
    ../clib/microlib/printf/printf.c         0x00000000   Number         0  printf5.o ABSOLUTE
    ../clib/microlib/printf/stubs.s          0x00000000   Number         0  stubs.o ABSOLUTE
    ../clib/microlib/stdio/fputc.c           0x00000000   Number         0  fputc.o ABSOLUTE
    ../clib/microlib/stdio/semi.s            0x00000000   Number         0  semi.o ABSOLUTE
    ../clib/microlib/stdio/streams.c         0x00000000   Number         0  stdout.o ABSOLUTE
    ../clib/microlib/string/memcpy.c         0x00000000   Number         0  memcpyb.o ABSOLUTE
    ../clib/microlib/string/memcpy.c         0x00000000   Number         0  memcpya.o ABSOLUTE
    ../clib/microlib/string/memset.c         0x00000000   Number         0  memseta.o ABSOLUTE
    ../clib/microlib/string/strcmp.c         0x00000000   Number         0  strcmp.o ABSOLUTE
    ../clib/microlib/stubs.s                 0x00000000   Number         0  iusesemip.o ABSOLUTE
    ../clib/microlib/stubs.s                 0x00000000   Number         0  iusefp.o ABSOLUTE
    ../clib/scanf.c                          0x00000000   Number         0  scanf_char.o ABSOLUTE
    ../clib/scanf.c                          0x00000000   Number         0  _scanf.o ABSOLUTE
    ../clib/scanf.c                          0x00000000   Number         0  _sgetc.o ABSOLUTE
    ../clib/scanf.c                          0x00000000   Number         0  _chval.o ABSOLUTE
    ../clib/scanf.c                          0x00000000   Number         0  __0sscanf.o ABSOLUTE
    ../clib/scanf.c                          0x00000000   Number         0  _scanf_int.o ABSOLUTE
    ../clib/scanf.c                          0x00000000   Number         0  _scanf_str.o ABSOLUTE
    ../fplib/microlib/fpadd.c                0x00000000   Number         0  dadd.o ABSOLUTE
    ../fplib/microlib/fpdiv.c                0x00000000   Number         0  ddiv.o ABSOLUTE
    ../fplib/microlib/fpepilogue.c           0x00000000   Number         0  depilogue.o ABSOLUTE
    ../fplib/microlib/fpfix.c                0x00000000   Number         0  dfixul.o ABSOLUTE
    ../fplib/microlib/fpfix.c                0x00000000   Number         0  dfixui.o ABSOLUTE
    ../fplib/microlib/fpflt.c                0x00000000   Number         0  dfltui.o ABSOLUTE
    ../fplib/microlib/fpmul.c                0x00000000   Number         0  dmul.o ABSOLUTE
    ..\..\common\src\startup_va108xx.s       0x00000000   Number         0  startup_va108xx.o ABSOLUTE
    ..\..\common\src\system_va108xx.c        0x00000000   Number         0  system_va108xx.o ABSOLUTE
    ..\..\driver\src\driver.common.c         0x00000000   Number         0  driver.common.o ABSOLUTE
    ..\\..\\common\\src\\system_va108xx.c    0x00000000   Number         0  system_va108xx.o ABSOLUTE
    ..\\..\\driver\\src\\driver.common.c     0x00000000   Number         0  driver.common.o ABSOLUTE
    Source\\portable\\RVDS\\ARM_CM0\\port.c  0x00000000   Number         0  port.o ABSOLUTE
    Source\list.c                            0x00000000   Number         0  list.o ABSOLUTE
    Source\portable\MemMang\heap_1.c         0x00000000   Number         0  heap_1.o ABSOLUTE
    Source\portable\RVDS\ARM_CM0\port.c      0x00000000   Number         0  port.o ABSOLUTE
    Source\queue.c                           0x00000000   Number         0  queue.o ABSOLUTE
    Source\tasks.c                           0x00000000   Number         0  tasks.o ABSOLUTE
    Source\timers.c                          0x00000000   Number         0  timers.o ABSOLUTE
    cdcmple.s                                0x00000000   Number         0  cdcmple.o ABSOLUTE
    cdrcmple.s                               0x00000000   Number         0  cdrcmple.o ABSOLUTE
    dc.s                                     0x00000000   Number         0  dc.o ABSOLUTE
    handlers.s                               0x00000000   Number         0  handlers.o ABSOLUTE
    init.s                                   0x00000000   Number         0  init.o ABSOLUTE
    src\\main.c                              0x00000000   Number         0  main.o ABSOLUTE
    src\\output.c                            0x00000000   Number         0  output.o ABSOLUTE
    src\\parser.c                            0x00000000   Number         0  parser.o ABSOLUTE
    src\\sampling_engine.c                   0x00000000   Number         0  sampling_engine.o ABSOLUTE
    src\\uart.c                              0x00000000   Number         0  uart.o ABSOLUTE
    src\main.c                               0x00000000   Number         0  main.o ABSOLUTE
    src\output.c                             0x00000000   Number         0  output.o ABSOLUTE
    src\parser.c                             0x00000000   Number         0  parser.o ABSOLUTE
    src\sampling_engine.c                    0x00000000   Number         0  sampling_engine.o ABSOLUTE
    src\uart.c                               0x00000000   Number         0  uart.o ABSOLUTE
    .ARM.Collect$$$$00000000                 0x000000c0   Section        0  entry.o(.ARM.Collect$$$$00000000)
    .ARM.Collect$$$$00000001                 0x000000c0   Section        4  entry2.o(.ARM.Collect$$$$00000001)
    .ARM.Collect$$$$00000004                 0x000000c4   Section        4  entry5.o(.ARM.Collect$$$$00000004)
    .ARM.Collect$$$$00000008                 0x000000c8   Section        0  entry7b.o(.ARM.Collect$$$$00000008)
    .ARM.Collect$$$$0000000A                 0x000000c8   Section        0  entry8b.o(.ARM.Collect$$$$0000000A)
    .ARM.Collect$$$$0000000B                 0x000000c8   Section        8  entry9a.o(.ARM.Collect$$$$0000000B)
    .ARM.Collect$$$$0000000D                 0x000000d0   Section        0  entry10a.o(.ARM.Collect$$$$0000000D)
    .ARM.Collect$$$$0000000F                 0x000000d0   Section        0  entry11a.o(.ARM.Collect$$$$0000000F)
    .ARM.Collect$$$$00002712                 0x000000d0   Section        4  entry2.o(.ARM.Collect$$$$00002712)
    __lit__00000000                          0x000000d0   Data           4  entry2.o(.ARM.Collect$$$$00002712)
    .emb_text                                0x000000d4   Section      120  port.o(.emb_text)
    .text                                    0x0000014c   Section       36  startup_va108xx.o(.text)
    .text                                    0x00000170   Section        0  uidiv.o(.text)
    .text                                    0x0000019c   Section        0  idiv.o(.text)
    .text                                    0x000001c4   Section        0  uldiv.o(.text)
    .text                                    0x00000224   Section        0  memseta.o(.text)
    .text                                    0x00000248   Section        0  strcmp.o(.text)
    .text                                    0x00000264   Section        0  __0sscanf.o(.text)
    .text                                    0x000002a0   Section        0  _scanf_int.o(.text)
    .text                                    0x000003ea   Section        0  _scanf_str.o(.text)
    .text                                    0x000004d4   Section        0  dadd.o(.text)
    .text                                    0x00000638   Section        0  dfltui.o(.text)
    .text                                    0x00000654   Section        0  dfixui.o(.text)
    .text                                    0x00000690   Section       40  cdcmple.o(.text)
    .text                                    0x000006b8   Section       40  cdrcmple.o(.text)
    .text                                    0x000006e0   Section        0  llshl.o(.text)
    .text                                    0x00000700   Section        0  llushr.o(.text)
    .text                                    0x00000722   Section        0  llsshr.o(.text)
    .text                                    0x00000748   Section        0  _chval.o(.text)
    .text                                    0x00000768   Section        0  scanf_char.o(.text)
    _scanf_char_input                        0x00000769   Thumb Code    12  scanf_char.o(.text)
    .text                                    0x00000794   Section        0  _sgetc.o(.text)
    .text                                    0x000007d8   Section        0  iusefp.o(.text)
    .text                                    0x000007d8   Section        0  depilogue.o(.text)
    .text                                    0x00000898   Section       36  init.o(.text)
    .text                                    0x000008bc   Section        0  isspace_c.o(.text)
    .text                                    0x000008cc   Section        0  _scanf.o(.text)
    .text                                    0x00000c04   Section        0  ctype_c.o(.text)
    i.BuildCommand                           0x00000c28   Section        0  parser.o(i.BuildCommand)
    i.ConfigureMemory                        0x00000cc4   Section        0  sampling_engine.o(i.ConfigureMemory)
    i.ConfigureMuxSampling                   0x00000d9c   Section        0  sampling_engine.o(i.ConfigureMuxSampling)
    i.ConfigurePeripherals                   0x00000e10   Section        0  sampling_engine.o(i.ConfigurePeripherals)
    i.ConfigurePins                          0x00000f2c   Section        0  main.o(i.ConfigurePins)
    i.ConfigureTrigger                       0x00001068   Section        0  sampling_engine.o(i.ConfigureTrigger)
    ConfigureTrigger                         0x00001069   Thumb Code   162  sampling_engine.o(i.ConfigureTrigger)
    i.GetMode                                0x00001124   Section        0  sampling_engine.o(i.GetMode)
    i.GetTime                                0x00001130   Section        0  sampling_engine.o(i.GetTime)
    i.ISR_SampleADC01                        0x0000113c   Section        0  sampling_engine.o(i.ISR_SampleADC01)
    i.ISR_SampleADCMux_RTDOnly               0x000012c0   Section        0  sampling_engine.o(i.ISR_SampleADCMux_RTDOnly)
    i.ISR_SampleADCMux_SampleRequestedChannels 0x00001320   Section        0  sampling_engine.o(i.ISR_SampleADCMux_SampleRequestedChannels)
    i.ISR_SampleADCMux_TransitionToRTD       0x00001398   Section        0  sampling_engine.o(i.ISR_SampleADCMux_TransitionToRTD)
    i.ISR_SampleADCMux_VCCAndFinish          0x000013e0   Section        0  sampling_engine.o(i.ISR_SampleADCMux_VCCAndFinish)
    i.IsDataAvailable                        0x00001490   Section        0  sampling_engine.o(i.IsDataAvailable)
    i.MarkDataAsConsumed                     0x0000149c   Section        0  sampling_engine.o(i.MarkDataAsConsumed)
    i.NVIC_SetPriority                       0x000014a8   Section        0  main.o(i.NVIC_SetPriority)
    NVIC_SetPriority                         0x000014a9   Thumb Code    60  main.o(i.NVIC_SetPriority)
    i.OC27_IRQHandler                        0x000014ec   Section        0  sampling_engine.o(i.OC27_IRQHandler)
    i.OC30_IRQHandler                        0x0000153c   Section        0  sampling_engine.o(i.OC30_IRQHandler)
    i.OC31_IRQHandler                        0x00001558   Section        0  sampling_engine.o(i.OC31_IRQHandler)
    i.OnlyOversample                         0x0000156c   Section        0  sampling_engine.o(i.OnlyOversample)
    i.ParseCommand                           0x0000158c   Section        0  parser.o(i.ParseCommand)
    i.ParserInit                             0x000019c4   Section        0  parser.o(i.ParserInit)
    i.PrintADC01Samples                      0x000019c8   Section        0  output.o(i.PrintADC01Samples)
    i.PrintADCMuxSamples                     0x00001aac   Section        0  output.o(i.PrintADCMuxSamples)
    i.PrintBurstModeData                     0x00001be0   Section        0  output.o(i.PrintBurstModeData)
    i.PrintContinuousModeData                0x00001ca0   Section        0  output.o(i.PrintContinuousModeData)
    i.PrintData                              0x00001d1c   Section        0  output.o(i.PrintData)
    i.PrintVersion                           0x00001d9c   Section        0  output.o(i.PrintVersion)
    i.ReadBurstResults                       0x00001f40   Section        0  sampling_engine.o(i.ReadBurstResults)
    i.ReadContinuousResults                  0x00001f64   Section        0  sampling_engine.o(i.ReadContinuousResults)
    i.SPIInit                                0x00001f78   Section        0  main.o(i.SPIInit)
    i.SamplingEngineInit                     0x00001fa4   Section        0  sampling_engine.o(i.SamplingEngineInit)
    i.SetAcquisitionParams                   0x00002000   Section        0  sampling_engine.o(i.SetAcquisitionParams)
    i.SetBurstModeSamplePeriod               0x00002070   Section        0  sampling_engine.o(i.SetBurstModeSamplePeriod)
    i.SetContinuousModeSamplePeriod          0x00002094   Section        0  sampling_engine.o(i.SetContinuousModeSamplePeriod)
    i.SetMode                                0x000020ac   Section        0  sampling_engine.o(i.SetMode)
    i.SetTime                                0x000020c4   Section        0  sampling_engine.o(i.SetTime)
    i.Start                                  0x000020ec   Section        0  sampling_engine.o(i.Start)
    i.Stop                                   0x0000216c   Section        0  sampling_engine.o(i.Stop)
    i.SysTick_Handler                        0x000021a4   Section        0  port.o(i.SysTick_Handler)
    i.SystemInit                             0x000021c8   Section        0  system_va108xx.o(i.SystemInit)
    i.TaskMain                               0x0000220c   Section        0  main.o(i.TaskMain)
    i.TimersInit                             0x0000221c   Section        0  main.o(i.TimersInit)
    i.UART0Init                              0x000022bc   Section        0  uart.o(i.UART0Init)
    i.UART0Read                              0x0000231c   Section        0  uart.o(i.UART0Read)
    i.UART0WriteStr                          0x00002360   Section        0  uart.o(i.UART0WriteStr)
    i.VOR_GPIO_PinMux                        0x0000237c   Section        0  driver.common.o(i.VOR_GPIO_PinMux)
    i.VOR_UART0_IRQHandler                   0x000023a0   Section        0  uart.o(i.VOR_UART0_IRQHandler)
    i._SetADCMuxChannel                      0x000023d0   Section        0  sampling_engine.o(i._SetADCMuxChannel)
    _SetADCMuxChannel                        0x000023d1   Thumb Code    16  sampling_engine.o(i._SetADCMuxChannel)
    i._SetSPI1ToADC0                         0x000023e4   Section        0  sampling_engine.o(i._SetSPI1ToADC0)
    _SetSPI1ToADC0                           0x000023e5   Thumb Code    44  sampling_engine.o(i._SetSPI1ToADC0)
    i._SetSPI1ToADC2                         0x00002410   Section        0  sampling_engine.o(i._SetSPI1ToADC2)
    _SetSPI1ToADC2                           0x00002411   Thumb Code    44  sampling_engine.o(i._SetSPI1ToADC2)
    i.__0sprintf$8                           0x0000243c   Section        0  printf8.o(i.__0sprintf$8)
    i.__ARM_clz                              0x00002464   Section        0  depilogue.o(i.__ARM_clz)
    i.__ARM_common_ll_muluu                  0x00002492   Section        0  sampling_engine.o(i.__ARM_common_ll_muluu)
    i.__ARM_common_switch8                   0x000024c2   Section        0  parser.o(i.__ARM_common_switch8)
    i.__scatterload_copy                     0x000024dc   Section       14  handlers.o(i.__scatterload_copy)
    i.__scatterload_null                     0x000024ea   Section        2  handlers.o(i.__scatterload_null)
    i.__scatterload_zeroinit                 0x000024ec   Section       14  handlers.o(i.__scatterload_zeroinit)
    i._printf_core                           0x000024fc   Section        0  printf8.o(i._printf_core)
    _printf_core                             0x000024fd   Thumb Code  1020  printf8.o(i._printf_core)
    i._printf_post_padding                   0x00002924   Section        0  printf8.o(i._printf_post_padding)
    _printf_post_padding                     0x00002925   Thumb Code    32  printf8.o(i._printf_post_padding)
    i._printf_pre_padding                    0x00002944   Section        0  printf8.o(i._printf_pre_padding)
    _printf_pre_padding                      0x00002945   Thumb Code    44  printf8.o(i._printf_pre_padding)
    i._sputc                                 0x00002970   Section        0  printf8.o(i._sputc)
    _sputc                                   0x00002971   Thumb Code    10  printf8.o(i._sputc)
    i.getTempK10_from_adcCodeSum             0x0000297c   Section        0  output.o(i.getTempK10_from_adcCodeSum)
    i.main                                   0x00002b30   Section        0  main.o(i.main)
    i.prvResetNextTaskUnblockTime            0x00002b5c   Section        0  tasks.o(i.prvResetNextTaskUnblockTime)
    prvResetNextTaskUnblockTime              0x00002b5d   Thumb Code    28  tasks.o(i.prvResetNextTaskUnblockTime)
    i.uxListRemove                           0x00002b7c   Section        0  list.o(i.uxListRemove)
    i.vApplicationStackOverflowHook          0x00002ba0   Section        0  main.o(i.vApplicationStackOverflowHook)
    i.vApplicationTickHook                   0x00002ba2   Section        0  main.o(i.vApplicationTickHook)
    i.vListInsertEnd                         0x00002ba4   Section        0  list.o(i.vListInsertEnd)
    i.vTaskSwitchContext                     0x00002bbc   Section        0  tasks.o(i.vTaskSwitchContext)
    i.xTaskIncrementTick                     0x00002c40   Section        0  tasks.o(i.xTaskIncrementTick)
    .constdata                               0x00002d08   Section       16  output.o(.constdata)
    m_pcNibbleToAscii                        0x00002d08   Data          16  output.o(.constdata)
    .constdata                               0x00002d18   Section       64  ctype_c.o(.constdata)
    .data                                    0x10000000   Section        4  system_va108xx.o(.data)
    .data                                    0x10000004   Section       12  uart.o(.data)
    pui8RxHead                               0x10000004   Data           4  uart.o(.data)
    pui8RxTail                               0x10000008   Data           4  uart.o(.data)
    pui8RxEnd                                0x1000000c   Data           4  uart.o(.data)
    .data                                    0x10000010   Section       64  output.o(.data)
    m_pcContinuousStrBuffer                  0x10000010   Data          64  output.o(.data)
    .data                                    0x10000050   Section        4  parser.o(.data)
    ui32RxCmdBufferIndex                     0x10000050   Data           4  parser.o(.data)
    .data                                    0x10000054   Section       68  sampling_engine.o(.data)
    m_ui8SequenceIdx                         0x10000054   Data           1  sampling_engine.o(.data)
    m_bDataAvailable                         0x10000055   Data           1  sampling_engine.o(.data)
    m_bOnlyOversample                        0x10000056   Data           1  sampling_engine.o(.data)
    m_iStatus                                0x10000057   Data           1  sampling_engine.o(.data)
    m_iRunMode                               0x10000058   Data           1  sampling_engine.o(.data)
    burstMode_timeStamp                      0x1000005c   Data           4  sampling_engine.o(.data)
    burstMode_expPeriodSeconds               0x10000060   Data           4  sampling_engine.o(.data)
    burstMode_expPeriodSecondsDownCounter    0x10000064   Data           4  sampling_engine.o(.data)
    adc01Mode_sampDownCounter                0x10000068   Data           4  sampling_engine.o(.data)
    m_ui32Seconds                            0x1000006c   Data           4  sampling_engine.o(.data)
    spiCount                                 0x10000070   Data           4  sampling_engine.o(.data)
    pfISR_SampleADC01                        0x10000074   Data           4  sampling_engine.o(.data)
    pfISR_SampleADC2Mux                      0x10000078   Data           4  sampling_engine.o(.data)
    m_ui32ChannelMask                        0x1000007c   Data           4  sampling_engine.o(.data)
    m_ui32ADC01SamplePeriodClks              0x10000080   Data           4  sampling_engine.o(.data)
    m_ui32ADCMuxSamplePeriodClks             0x10000084   Data           4  sampling_engine.o(.data)
    m_ui32ADC01NumSamples                    0x10000088   Data           4  sampling_engine.o(.data)
    m_ui32ADCMuxChannelNumSamples            0x1000008c   Data           4  sampling_engine.o(.data)
    m_ui32ContinuousSamplePeriod             0x10000090   Data           4  sampling_engine.o(.data)
    nextMuxChPins                            0x10000094   Data           4  sampling_engine.o(.data)
    .data                                    0x10000098   Section       60  tasks.o(.data)
    uxDeletedTasksWaitingCleanUp             0x1000009c   Data           4  tasks.o(.data)
    uxCurrentNumberOfTasks                   0x100000a0   Data           4  tasks.o(.data)
    xTickCount                               0x100000a4   Data           4  tasks.o(.data)
    uxTopReadyPriority                       0x100000a8   Data           4  tasks.o(.data)
    xSchedulerRunning                        0x100000ac   Data           4  tasks.o(.data)
    uxPendedTicks                            0x100000b0   Data           4  tasks.o(.data)
    xYieldPending                            0x100000b4   Data           4  tasks.o(.data)
    xNumOfOverflows                          0x100000b8   Data           4  tasks.o(.data)
    uxTaskNumber                             0x100000bc   Data           4  tasks.o(.data)
    xNextTaskUnblockTime                     0x100000c0   Data           4  tasks.o(.data)
    xIdleTaskHandle                          0x100000c4   Data           4  tasks.o(.data)
    uxSchedulerSuspended                     0x100000c8   Data           4  tasks.o(.data)
    pxDelayedTaskList                        0x100000cc   Data           4  tasks.o(.data)
    pxOverflowDelayedTaskList                0x100000d0   Data           4  tasks.o(.data)
    .bss                                     0x100000d4   Section      256  uart.o(.bss)
    pui8RxBuffer                             0x100000d4   Data         256  uart.o(.bss)
    .bss                                     0x100001d4   Section       64  output.o(.bss)
    m_pcStrBuffer                            0x100001d4   Data          64  output.o(.bss)
    .bss                                     0x10000214   Section      128  parser.o(.bss)
    pui8RxCmdBuffer                          0x10000214   Data          64  parser.o(.bss)
    pcStrBuffer                              0x10000254   Data          64  parser.o(.bss)
    .bss                                     0x10000294   Section    16520  sampling_engine.o(.bss)
    m_pui16Buffer                            0x10000294   Data       16384  sampling_engine.o(.bss)
    m_sADC0Params                            0x10004294   Data          20  sampling_engine.o(.bss)
    m_sADC1Params                            0x100042a8   Data          20  sampling_engine.o(.bss)
    m_sADCMuxParams                          0x100042bc   Data          20  sampling_engine.o(.bss)
    muxModeStat                              0x100042d0   Data          56  sampling_engine.o(.bss)
    burstModeConfig                          0x10004308   Data          20  sampling_engine.o(.bss)
    .bss                                     0x1000431c   Section      160  tasks.o(.bss)
    pxReadyTasksLists                        0x1000431c   Data          60  tasks.o(.bss)
    xDelayedTaskList1                        0x10004358   Data          20  tasks.o(.bss)
    xDelayedTaskList2                        0x1000436c   Data          20  tasks.o(.bss)
    xPendingReadyList                        0x10004380   Data          20  tasks.o(.bss)
    xTasksWaitingTermination                 0x10004394   Data          20  tasks.o(.bss)
    xSuspendedTaskList                       0x100043a8   Data          20  tasks.o(.bss)
    STACK                                    0x100043c0   Section     1024  startup_va108xx.o(STACK)

    Global Symbols

    Symbol Name                              Value     Ov Type        Size  Object(Section)

    BuildAttributes$$THM_ISAv3M$S$PE$A:L22$X:L11$S22$IEEE1$IW$USESV6$~STKCKD$USESV7$~SHL$OSPACE$ROPI$EBA8$MICROLIB$REQ8$PRES8$EABIv2 0x00000000   Number         0  anon$$obj.o ABSOLUTE
    __ARM_use_no_argv                        0x00000000   Number         0  main.o ABSOLUTE
    __Vectors                                0x00000000   Data           4  startup_va108xx.o(RESET)
    _printf_a                                0x00000000   Number         0  stubs.o ABSOLUTE
    _printf_c                                0x00000000   Number         0  stubs.o ABSOLUTE
    _printf_charcount                        0x00000000   Number         0  stubs.o ABSOLUTE
    _printf_d                                0x00000000   Number         0  stubs.o ABSOLUTE
    _printf_e                                0x00000000   Number         0  stubs.o ABSOLUTE
    _printf_f                                0x00000000   Number         0  stubs.o ABSOLUTE
    _printf_flags                            0x00000000   Number         0  stubs.o ABSOLUTE
    _printf_fp_dec                           0x00000000   Number         0  stubs.o ABSOLUTE
    _printf_fp_hex                           0x00000000   Number         0  stubs.o ABSOLUTE
    _printf_g                                0x00000000   Number         0  stubs.o ABSOLUTE
    _printf_i                                0x00000000   Number         0  stubs.o ABSOLUTE
    _printf_int_dec                          0x00000000   Number         0  stubs.o ABSOLUTE
    _printf_l                                0x00000000   Number         0  stubs.o ABSOLUTE
    _printf_lc                               0x00000000   Number         0  stubs.o ABSOLUTE
    _printf_ll                               0x00000000   Number         0  stubs.o ABSOLUTE
    _printf_lld                              0x00000000   Number         0  stubs.o ABSOLUTE
    _printf_lli                              0x00000000   Number         0  stubs.o ABSOLUTE
    _printf_llo                              0x00000000   Number         0  stubs.o ABSOLUTE
    _printf_llu                              0x00000000   Number         0  stubs.o ABSOLUTE
    _printf_llx                              0x00000000   Number         0  stubs.o ABSOLUTE
    _printf_longlong_dec                     0x00000000   Number         0  stubs.o ABSOLUTE
    _printf_longlong_hex                     0x00000000   Number         0  stubs.o ABSOLUTE
    _printf_longlong_oct                     0x00000000   Number         0  stubs.o ABSOLUTE
    _printf_ls                               0x00000000   Number         0  stubs.o ABSOLUTE
    _printf_mbtowc                           0x00000000   Number         0  stubs.o ABSOLUTE
    _printf_n                                0x00000000   Number         0  stubs.o ABSOLUTE
    _printf_o                                0x00000000   Number         0  stubs.o ABSOLUTE
    _printf_p                                0x00000000   Number         0  stubs.o ABSOLUTE
    _printf_percent                          0x00000000   Number         0  stubs.o ABSOLUTE
    _printf_pre_padding                      0x00000000   Number         0  stubs.o ABSOLUTE
    _printf_return_value                     0x00000000   Number         0  stubs.o ABSOLUTE
    _printf_s                                0x00000000   Number         0  stubs.o ABSOLUTE
    _printf_sizespec                         0x00000000   Number         0  stubs.o ABSOLUTE
    _printf_str                              0x00000000   Number         0  stubs.o ABSOLUTE
    _printf_truncate_signed                  0x00000000   Number         0  stubs.o ABSOLUTE
    _printf_truncate_unsigned                0x00000000   Number         0  stubs.o ABSOLUTE
    _printf_u                                0x00000000   Number         0  stubs.o ABSOLUTE
    _printf_wc                               0x00000000   Number         0  stubs.o ABSOLUTE
    _printf_wctomb                           0x00000000   Number         0  stubs.o ABSOLUTE
    _printf_widthprec                        0x00000000   Number         0  stubs.o ABSOLUTE
    _printf_x                                0x00000000   Number         0  stubs.o ABSOLUTE
    __cpp_initialize__aeabi_                  - Undefined Weak Reference
    __cxa_finalize                            - Undefined Weak Reference
    __decompress                              - Undefined Weak Reference
    _clock_init                               - Undefined Weak Reference
    _microlib_exit                            - Undefined Weak Reference
    _scanf_longlong                           - Undefined Weak Reference
    _scanf_real                               - Undefined Weak Reference
    __Vectors_End                            0x000000c0   Data           0  startup_va108xx.o(RESET)
    __Vectors_Size                           0x000000c0   Number         0  startup_va108xx.o ABSOLUTE
    __main                                   0x000000c1   Thumb Code     0  entry.o(.ARM.Collect$$$$00000000)
    _main_stk                                0x000000c1   Thumb Code     0  entry2.o(.ARM.Collect$$$$00000001)
    _main_scatterload                        0x000000c5   Thumb Code     0  entry5.o(.ARM.Collect$$$$00000004)
    __main_after_scatterload                 0x000000c9   Thumb Code     0  entry5.o(.ARM.Collect$$$$00000004)
    _main_clock                              0x000000c9   Thumb Code     0  entry7b.o(.ARM.Collect$$$$00000008)
    _main_cpp_init                           0x000000c9   Thumb Code     0  entry8b.o(.ARM.Collect$$$$0000000A)
    _main_init                               0x000000c9   Thumb Code     0  entry9a.o(.ARM.Collect$$$$0000000B)
    __rt_final_cpp                           0x000000d1   Thumb Code     0  entry10a.o(.ARM.Collect$$$$0000000D)
    __rt_final_exit                          0x000000d1   Thumb Code     0  entry11a.o(.ARM.Collect$$$$0000000F)
    __asm___6_port_c_39a90d8d__prvPortStartFirstTask 0x000000d5   Thumb Code    36  port.o(.emb_text)
    ulSetInterruptMaskFromISR                0x000000fd   Thumb Code     8  port.o(.emb_text)
    vClearInterruptMaskFromISR               0x00000105   Thumb Code     6  port.o(.emb_text)
    PendSV_Handler                           0x0000010b   Thumb Code    62  port.o(.emb_text)
    Reset_Handler                            0x0000014d   Thumb Code     8  startup_va108xx.o(.text)
    NMI_Handler                              0x00000155   Thumb Code     2  startup_va108xx.o(.text)
    HardFault_Handler                        0x00000157   Thumb Code     2  startup_va108xx.o(.text)
    MemManage_Handler                        0x00000159   Thumb Code     2  startup_va108xx.o(.text)
    BusFault_Handler                         0x0000015b   Thumb Code     2  startup_va108xx.o(.text)
    UsageFault_Handler                       0x0000015d   Thumb Code     2  startup_va108xx.o(.text)
    SVC_Handler                              0x0000015f   Thumb Code     2  startup_va108xx.o(.text)
    DebugMon_Handler                         0x00000161   Thumb Code     2  startup_va108xx.o(.text)
    OC0_IRQHandler                           0x00000167   Thumb Code     0  startup_va108xx.o(.text)
    OC13_IRQHandler                          0x00000167   Thumb Code     0  startup_va108xx.o(.text)
    OC14_IRQHandler                          0x00000167   Thumb Code     0  startup_va108xx.o(.text)
    OC15_IRQHandler                          0x00000167   Thumb Code     0  startup_va108xx.o(.text)
    OC16_IRQHandler                          0x00000167   Thumb Code     0  startup_va108xx.o(.text)
    OC17_IRQHandler                          0x00000167   Thumb Code     0  startup_va108xx.o(.text)
    OC18_IRQHandler                          0x00000167   Thumb Code     0  startup_va108xx.o(.text)
    OC19_IRQHandler                          0x00000167   Thumb Code     0  startup_va108xx.o(.text)
    OC20_IRQHandler                          0x00000167   Thumb Code     0  startup_va108xx.o(.text)
    OC21_IRQHandler                          0x00000167   Thumb Code     0  startup_va108xx.o(.text)
    OC22_IRQHandler                          0x00000167   Thumb Code     0  startup_va108xx.o(.text)
    OC23_IRQHandler                          0x00000167   Thumb Code     0  startup_va108xx.o(.text)
    OC24_IRQHandler                          0x00000167   Thumb Code     0  startup_va108xx.o(.text)
    OC25_IRQHandler                          0x00000167   Thumb Code     0  startup_va108xx.o(.text)
    OC26_IRQHandler                          0x00000167   Thumb Code     0  startup_va108xx.o(.text)
    OC28_IRQHandler                          0x00000167   Thumb Code     0  startup_va108xx.o(.text)
    OC29_IRQHandler                          0x00000167   Thumb Code     0  startup_va108xx.o(.text)
    OC2_IRQHandler                           0x00000167   Thumb Code     0  startup_va108xx.o(.text)
    VOR_GPIO_IRQHandler                      0x00000167   Thumb Code     0  startup_va108xx.o(.text)
    VOR_I2C0_MS_IRQHandler                   0x00000167   Thumb Code     0  startup_va108xx.o(.text)
    VOR_I2C0_SL_IRQHandler                   0x00000167   Thumb Code     0  startup_va108xx.o(.text)
    VOR_I2C1_MS_IRQHandler                   0x00000167   Thumb Code     0  startup_va108xx.o(.text)
    VOR_I2C1_SL_IRQHandler                   0x00000167   Thumb Code     0  startup_va108xx.o(.text)
    VOR_SPI0_IRQHandler                      0x00000167   Thumb Code     0  startup_va108xx.o(.text)
    VOR_SPI1_IRQHandler                      0x00000167   Thumb Code     0  startup_va108xx.o(.text)
    VOR_SPI2_IRQHandler                      0x00000167   Thumb Code     0  startup_va108xx.o(.text)
    VOR_TIM1_IRQHandler                      0x00000167   Thumb Code     0  startup_va108xx.o(.text)
    VOR_UART1_IRQHandler                     0x00000167   Thumb Code     0  startup_va108xx.o(.text)
    __aeabi_uidiv                            0x00000171   Thumb Code     0  uidiv.o(.text)
    __aeabi_uidivmod                         0x00000171   Thumb Code    44  uidiv.o(.text)
    __aeabi_idiv                             0x0000019d   Thumb Code     0  idiv.o(.text)
    __aeabi_idivmod                          0x0000019d   Thumb Code    40  idiv.o(.text)
    __aeabi_uldivmod                         0x000001c5   Thumb Code    96  uldiv.o(.text)
    __aeabi_memset                           0x00000225   Thumb Code    14  memseta.o(.text)
    __aeabi_memset4                          0x00000225   Thumb Code     0  memseta.o(.text)
    __aeabi_memset8                          0x00000225   Thumb Code     0  memseta.o(.text)
    __aeabi_memclr                           0x00000233   Thumb Code     4  memseta.o(.text)
    __aeabi_memclr4                          0x00000233   Thumb Code     0  memseta.o(.text)
    __aeabi_memclr8                          0x00000233   Thumb Code     0  memseta.o(.text)
    _memset$wrapper                          0x00000237   Thumb Code    18  memseta.o(.text)
    strcmp                                   0x00000249   Thumb Code    28  strcmp.o(.text)
    __0sscanf                                0x00000265   Thumb Code    50  __0sscanf.o(.text)
    _scanf_int                               0x000002a1   Thumb Code   330  _scanf_int.o(.text)
    _scanf_string                            0x000003eb   Thumb Code   232  _scanf_str.o(.text)
    __aeabi_dadd                             0x000004d5   Thumb Code   328  dadd.o(.text)
    __aeabi_dsub                             0x0000061d   Thumb Code    12  dadd.o(.text)
    __aeabi_drsub                            0x00000629   Thumb Code    12  dadd.o(.text)
    __aeabi_ui2d                             0x00000639   Thumb Code    24  dfltui.o(.text)
    __aeabi_d2uiz                            0x00000655   Thumb Code    50  dfixui.o(.text)
    __aeabi_cdcmpeq                          0x00000691   Thumb Code     0  cdcmple.o(.text)
    __aeabi_cdcmple                          0x00000691   Thumb Code    38  cdcmple.o(.text)
    __aeabi_cdrcmple                         0x000006b9   Thumb Code    38  cdrcmple.o(.text)
    __aeabi_llsl                             0x000006e1   Thumb Code    32  llshl.o(.text)
    _ll_shift_l                              0x000006e1   Thumb Code     0  llshl.o(.text)
    __aeabi_llsr                             0x00000701   Thumb Code    34  llushr.o(.text)
    _ll_ushift_r                             0x00000701   Thumb Code     0  llushr.o(.text)
    __aeabi_lasr                             0x00000723   Thumb Code    38  llsshr.o(.text)
    _ll_sshift_r                             0x00000723   Thumb Code     0  llsshr.o(.text)
    _chval                                   0x00000749   Thumb Code    30  _chval.o(.text)
    __vfscanf_char                           0x00000775   Thumb Code    24  scanf_char.o(.text)
    _sgetc                                   0x00000795   Thumb Code    32  _sgetc.o(.text)
    _sbackspace                              0x000007b5   Thumb Code    36  _sgetc.o(.text)
    __I$use$fp                               0x000007d9   Thumb Code     0  iusefp.o(.text)
    _double_round                            0x000007d9   Thumb Code    26  depilogue.o(.text)
    _double_epilogue                         0x000007f3   Thumb Code   164  depilogue.o(.text)
    __scatterload                            0x00000899   Thumb Code    28  init.o(.text)
    __scatterload_rt2                        0x00000899   Thumb Code     0  init.o(.text)
    isspace                                  0x000008bd   Thumb Code    14  isspace_c.o(.text)
    __vfscanf                                0x000008cd   Thumb Code   812  _scanf.o(.text)
    __ctype_lookup                           0x00000c05   Thumb Code    32  ctype_c.o(.text)
    BuildCommand                             0x00000c29   Thumb Code   142  parser.o(i.BuildCommand)
    ConfigureMemory                          0x00000cc5   Thumb Code   202  sampling_engine.o(i.ConfigureMemory)
    ConfigureMuxSampling                     0x00000d9d   Thumb Code    92  sampling_engine.o(i.ConfigureMuxSampling)
    ConfigurePeripherals                     0x00000e11   Thumb Code   250  sampling_engine.o(i.ConfigurePeripherals)
    ConfigurePins                            0x00000f2d   Thumb Code   284  main.o(i.ConfigurePins)
    GetMode                                  0x00001125   Thumb Code     6  sampling_engine.o(i.GetMode)
    GetTime                                  0x00001131   Thumb Code     6  sampling_engine.o(i.GetTime)
    ISR_SampleADC01                          0x0000113d   Thumb Code   352  sampling_engine.o(i.ISR_SampleADC01)
    ISR_SampleADCMux_RTDOnly                 0x000012c1   Thumb Code    74  sampling_engine.o(i.ISR_SampleADCMux_RTDOnly)
    ISR_SampleADCMux_SampleRequestedChannels 0x00001321   Thumb Code   100  sampling_engine.o(i.ISR_SampleADCMux_SampleRequestedChannels)
    ISR_SampleADCMux_TransitionToRTD         0x00001399   Thumb Code    52  sampling_engine.o(i.ISR_SampleADCMux_TransitionToRTD)
    ISR_SampleADCMux_VCCAndFinish            0x000013e1   Thumb Code   148  sampling_engine.o(i.ISR_SampleADCMux_VCCAndFinish)
    IsDataAvailable                          0x00001491   Thumb Code     6  sampling_engine.o(i.IsDataAvailable)
    MarkDataAsConsumed                       0x0000149d   Thumb Code     8  sampling_engine.o(i.MarkDataAsConsumed)
    OC27_IRQHandler                          0x000014ed   Thumb Code    70  sampling_engine.o(i.OC27_IRQHandler)
    OC30_IRQHandler                          0x0000153d   Thumb Code    16  sampling_engine.o(i.OC30_IRQHandler)
    OC31_IRQHandler                          0x00001559   Thumb Code    12  sampling_engine.o(i.OC31_IRQHandler)
    OnlyOversample                           0x0000156d   Thumb Code    26  sampling_engine.o(i.OnlyOversample)
    ParseCommand                             0x0000158d   Thumb Code   644  parser.o(i.ParseCommand)
    ParserInit                               0x000019c5   Thumb Code     2  parser.o(i.ParserInit)
    PrintADC01Samples                        0x000019c9   Thumb Code   206  output.o(i.PrintADC01Samples)
    PrintADCMuxSamples                       0x00001aad   Thumb Code   292  output.o(i.PrintADCMuxSamples)
    PrintBurstModeData                       0x00001be1   Thumb Code   134  output.o(i.PrintBurstModeData)
    PrintContinuousModeData                  0x00001ca1   Thumb Code   116  output.o(i.PrintContinuousModeData)
    PrintData                                0x00001d1d   Thumb Code    58  output.o(i.PrintData)
    PrintVersion                             0x00001d9d   Thumb Code   192  output.o(i.PrintVersion)
    ReadBurstResults                         0x00001f41   Thumb Code    30  sampling_engine.o(i.ReadBurstResults)
    ReadContinuousResults                    0x00001f65   Thumb Code    12  sampling_engine.o(i.ReadContinuousResults)
    SPIInit                                  0x00001f79   Thumb Code    32  main.o(i.SPIInit)
    SamplingEngineInit                       0x00001fa5   Thumb Code    64  sampling_engine.o(i.SamplingEngineInit)
    SetAcquisitionParams                     0x00002001   Thumb Code    96  sampling_engine.o(i.SetAcquisitionParams)
    SetBurstModeSamplePeriod                 0x00002071   Thumb Code    32  sampling_engine.o(i.SetBurstModeSamplePeriod)
    SetContinuousModeSamplePeriod            0x00002095   Thumb Code    18  sampling_engine.o(i.SetContinuousModeSamplePeriod)
    SetMode                                  0x000020ad   Thumb Code    18  sampling_engine.o(i.SetMode)
    SetTime                                  0x000020c5   Thumb Code    32  sampling_engine.o(i.SetTime)
    Start                                    0x000020ed   Thumb Code   106  sampling_engine.o(i.Start)
    Stop                                     0x0000216d   Thumb Code    42  sampling_engine.o(i.Stop)
    SysTick_Handler                          0x000021a5   Thumb Code    32  port.o(i.SysTick_Handler)
    SystemInit                               0x000021c9   Thumb Code    42  system_va108xx.o(i.SystemInit)
    TaskMain                                 0x0000220d   Thumb Code    14  main.o(i.TaskMain)
    TimersInit                               0x0000221d   Thumb Code   120  main.o(i.TimersInit)
    UART0Init                                0x000022bd   Thumb Code    72  uart.o(i.UART0Init)
    UART0Read                                0x0000231d   Thumb Code    56  uart.o(i.UART0Read)
    UART0WriteStr                            0x00002361   Thumb Code    22  uart.o(i.UART0WriteStr)
    VOR_GPIO_PinMux                          0x0000237d   Thumb Code    32  driver.common.o(i.VOR_GPIO_PinMux)
    VOR_UART0_IRQHandler                     0x000023a1   Thumb Code    34  uart.o(i.VOR_UART0_IRQHandler)
    __0sprintf$8                             0x0000243d   Thumb Code    36  printf8.o(i.__0sprintf$8)
    __1sprintf$8                             0x0000243d   Thumb Code     0  printf8.o(i.__0sprintf$8)
    __2sprintf                               0x0000243d   Thumb Code     0  printf8.o(i.__0sprintf$8)
    __ARM_clz                                0x00002465   Thumb Code    46  depilogue.o(i.__ARM_clz)
    __ARM_common_ll_muluu                    0x00002493   Thumb Code    48  sampling_engine.o(i.__ARM_common_ll_muluu)
    __ARM_common_switch8                     0x000024c3   Thumb Code    26  parser.o(i.__ARM_common_switch8)
    __scatterload_copy                       0x000024dd   Thumb Code    14  handlers.o(i.__scatterload_copy)
    __scatterload_null                       0x000024eb   Thumb Code     2  handlers.o(i.__scatterload_null)
    __scatterload_zeroinit                   0x000024ed   Thumb Code    14  handlers.o(i.__scatterload_zeroinit)
    getTempK10_from_adcCodeSum               0x0000297d   Thumb Code   308  output.o(i.getTempK10_from_adcCodeSum)
    main                                     0x00002b31   Thumb Code    36  main.o(i.main)
    uxListRemove                             0x00002b7d   Thumb Code    36  list.o(i.uxListRemove)
    vApplicationStackOverflowHook            0x00002ba1   Thumb Code     2  main.o(i.vApplicationStackOverflowHook)
    vApplicationTickHook                     0x00002ba3   Thumb Code     2  main.o(i.vApplicationTickHook)
    vListInsertEnd                           0x00002ba5   Thumb Code    24  list.o(i.vListInsertEnd)
    vTaskSwitchContext                       0x00002bbd   Thumb Code   118  tasks.o(i.vTaskSwitchContext)
    xTaskIncrementTick                       0x00002c41   Thumb Code   192  tasks.o(i.xTaskIncrementTick)
    __ctype_categories                       0x00002d18   Data          64  ctype_c.o(.constdata)
    Region$$Table$$Base                      0x00002d58   Number         0  anon$$obj.o(Region$$Table)
    Region$$Table$$Limit                     0x00002d78   Number         0  anon$$obj.o(Region$$Table)
    SystemCoreClock                          0x10000000   Data           4  system_va108xx.o(.data)
    pxCurrentTCB                             0x10000098   Data           4  tasks.o(.data)
    __initial_sp                             0x100047c0   Data           0  startup_va108xx.o(STACK)



==============================================================================

Memory Map of the image

  Image Entry point : 0x0000014d

  Load Region LR_1 (Base: 0x00000000, Size: 0x00002e4c, Max: 0xffffffff, ABSOLUTE)

    Execution Region ER_RO (Exec base: 0x00000000, Load base: 0x00000000, Size: 0x00002d78, Max: 0xffffffff, ABSOLUTE)

    Exec Addr    Load Addr    Size         Type   Attr      Idx    E Section Name        Object

    0x00000000   0x00000000   0x000000c0   Data   RO            3    RESET               startup_va108xx.o
    0x000000c0   0x000000c0   0x00000000   Code   RO         1435  * .ARM.Collect$$$$00000000  mc_p.l(entry.o)
    0x000000c0   0x000000c0   0x00000004   Code   RO         1729    .ARM.Collect$$$$00000001  mc_p.l(entry2.o)
    0x000000c4   0x000000c4   0x00000004   Code   RO         1732    .ARM.Collect$$$$00000004  mc_p.l(entry5.o)
    0x000000c8   0x000000c8   0x00000000   Code   RO         1734    .ARM.Collect$$$$00000008  mc_p.l(entry7b.o)
    0x000000c8   0x000000c8   0x00000000   Code   RO         1736    .ARM.Collect$$$$0000000A  mc_p.l(entry8b.o)
    0x000000c8   0x000000c8   0x00000008   Code   RO         1737    .ARM.Collect$$$$0000000B  mc_p.l(entry9a.o)
    0x000000d0   0x000000d0   0x00000000   Code   RO         1739    .ARM.Collect$$$$0000000D  mc_p.l(entry10a.o)
    0x000000d0   0x000000d0   0x00000000   Code   RO         1741    .ARM.Collect$$$$0000000F  mc_p.l(entry11a.o)
    0x000000d0   0x000000d0   0x00000004   Code   RO         1730    .ARM.Collect$$$$00002712  mc_p.l(entry2.o)
    0x000000d4   0x000000d4   0x00000078   Code   RO         1230    .emb_text           port.o
    0x0000014c   0x0000014c   0x00000024   Code   RO            4  * .text               startup_va108xx.o
    0x00000170   0x00000170   0x0000002c   Code   RO         1438    .text               mc_p.l(uidiv.o)
    0x0000019c   0x0000019c   0x00000028   Code   RO         1440    .text               mc_p.l(idiv.o)
    0x000001c4   0x000001c4   0x00000060   Code   RO         1442    .text               mc_p.l(uldiv.o)
    0x00000224   0x00000224   0x00000024   Code   RO         1446    .text               mc_p.l(memseta.o)
    0x00000248   0x00000248   0x0000001c   Code   RO         1448    .text               mc_p.l(strcmp.o)
    0x00000264   0x00000264   0x0000003c   Code   RO         1713    .text               mc_p.l(__0sscanf.o)
    0x000002a0   0x000002a0   0x0000014a   Code   RO         1715    .text               mc_p.l(_scanf_int.o)
    0x000003ea   0x000003ea   0x000000e8   Code   RO         1717    .text               mc_p.l(_scanf_str.o)
    0x000004d2   0x000004d2   0x00000002   PAD
    0x000004d4   0x000004d4   0x00000164   Code   RO         1719    .text               mf_p.l(dadd.o)
    0x00000638   0x00000638   0x0000001c   Code   RO         1721    .text               mf_p.l(dfltui.o)
    0x00000654   0x00000654   0x0000003c   Code   RO         1723    .text               mf_p.l(dfixui.o)
    0x00000690   0x00000690   0x00000028   Code   RO         1725    .text               mf_p.l(cdcmple.o)
    0x000006b8   0x000006b8   0x00000028   Code   RO         1727    .text               mf_p.l(cdrcmple.o)
    0x000006e0   0x000006e0   0x00000020   Code   RO         1746    .text               mc_p.l(llshl.o)
    0x00000700   0x00000700   0x00000022   Code   RO         1748    .text               mc_p.l(llushr.o)
    0x00000722   0x00000722   0x00000026   Code   RO         1750    .text               mc_p.l(llsshr.o)
    0x00000748   0x00000748   0x0000001e   Code   RO         1752    .text               mc_p.l(_chval.o)
    0x00000766   0x00000766   0x00000002   PAD
    0x00000768   0x00000768   0x0000002c   Code   RO         1754    .text               mc_p.l(scanf_char.o)
    0x00000794   0x00000794   0x00000044   Code   RO         1756    .text               mc_p.l(_sgetc.o)
    0x000007d8   0x000007d8   0x00000000   Code   RO         1758    .text               mc_p.l(iusefp.o)
    0x000007d8   0x000007d8   0x000000be   Code   RO         1759    .text               mf_p.l(depilogue.o)
    0x00000896   0x00000896   0x00000002   PAD
    0x00000898   0x00000898   0x00000024   Code   RO         1769    .text               mc_p.l(init.o)
    0x000008bc   0x000008bc   0x0000000e   Code   RO         1772    .text               mc_p.l(isspace_c.o)
    0x000008ca   0x000008ca   0x00000002   PAD
    0x000008cc   0x000008cc   0x00000338   Code   RO         1774    .text               mc_p.l(_scanf.o)
    0x00000c04   0x00000c04   0x00000024   Code   RO         1777    .text               mc_p.l(ctype_c.o)
    0x00000c28   0x00000c28   0x0000009c   Code   RO          381    i.BuildCommand      parser.o
    0x00000cc4   0x00000cc4   0x000000d8   Code   RO          419    i.ConfigureMemory   sampling_engine.o
    0x00000d9c   0x00000d9c   0x00000074   Code   RO          420    i.ConfigureMuxSampling  sampling_engine.o
    0x00000e10   0x00000e10   0x0000011c   Code   RO          421    i.ConfigurePeripherals  sampling_engine.o
    0x00000f2c   0x00000f2c   0x0000013c   Code   RO          117    i.ConfigurePins     main.o
    0x00001068   0x00001068   0x000000bc   Code   RO          422    i.ConfigureTrigger  sampling_engine.o
    0x00001124   0x00001124   0x0000000c   Code   RO          423    i.GetMode           sampling_engine.o
    0x00001130   0x00001130   0x0000000c   Code   RO          424    i.GetTime           sampling_engine.o
    0x0000113c   0x0000113c   0x00000184   Code   RO          425    i.ISR_SampleADC01   sampling_engine.o
    0x000012c0   0x000012c0   0x00000060   Code   RO          426    i.ISR_SampleADCMux_RTDOnly  sampling_engine.o
    0x00001320   0x00001320   0x00000078   Code   RO          427    i.ISR_SampleADCMux_SampleRequestedChannels  sampling_engine.o
    0x00001398   0x00001398   0x00000048   Code   RO          428    i.ISR_SampleADCMux_TransitionToRTD  sampling_engine.o
    0x000013e0   0x000013e0   0x000000b0   Code   RO          429    i.ISR_SampleADCMux_VCCAndFinish  sampling_engine.o
    0x00001490   0x00001490   0x0000000c   Code   RO          430    i.IsDataAvailable   sampling_engine.o
    0x0000149c   0x0000149c   0x0000000c   Code   RO          431    i.MarkDataAsConsumed  sampling_engine.o
    0x000014a8   0x000014a8   0x00000044   Code   RO          119    i.NVIC_SetPriority  main.o
    0x000014ec   0x000014ec   0x00000050   Code   RO          432    i.OC27_IRQHandler   sampling_engine.o
    0x0000153c   0x0000153c   0x0000001c   Code   RO          433    i.OC30_IRQHandler   sampling_engine.o
    0x00001558   0x00001558   0x00000014   Code   RO          434    i.OC31_IRQHandler   sampling_engine.o
    0x0000156c   0x0000156c   0x00000020   Code   RO          435    i.OnlyOversample    sampling_engine.o
    0x0000158c   0x0000158c   0x00000438   Code   RO          382    i.ParseCommand      parser.o
    0x000019c4   0x000019c4   0x00000002   Code   RO          383    i.ParserInit        parser.o
    0x000019c6   0x000019c6   0x00000002   PAD
    0x000019c8   0x000019c8   0x000000e4   Code   RO          312    i.PrintADC01Samples  output.o
    0x00001aac   0x00001aac   0x00000134   Code   RO          313    i.PrintADCMuxSamples  output.o
    0x00001be0   0x00001be0   0x000000c0   Code   RO          314    i.PrintBurstModeData  output.o
    0x00001ca0   0x00001ca0   0x0000007c   Code   RO          315    i.PrintContinuousModeData  output.o
    0x00001d1c   0x00001d1c   0x00000080   Code   RO          316    i.PrintData         output.o
    0x00001d9c   0x00001d9c   0x000001a4   Code   RO          317    i.PrintVersion      output.o
    0x00001f40   0x00001f40   0x00000024   Code   RO          436    i.ReadBurstResults  sampling_engine.o
    0x00001f64   0x00001f64   0x00000014   Code   RO          437    i.ReadContinuousResults  sampling_engine.o
    0x00001f78   0x00001f78   0x0000002c   Code   RO          120    i.SPIInit           main.o
    0x00001fa4   0x00001fa4   0x0000005c   Code   RO          438    i.SamplingEngineInit  sampling_engine.o
    0x00002000   0x00002000   0x00000070   Code   RO          439    i.SetAcquisitionParams  sampling_engine.o
    0x00002070   0x00002070   0x00000024   Code   RO          440    i.SetBurstModeSamplePeriod  sampling_engine.o
    0x00002094   0x00002094   0x00000018   Code   RO          441    i.SetContinuousModeSamplePeriod  sampling_engine.o
    0x000020ac   0x000020ac   0x00000018   Code   RO          442    i.SetMode           sampling_engine.o
    0x000020c4   0x000020c4   0x00000028   Code   RO          443    i.SetTime           sampling_engine.o
    0x000020ec   0x000020ec   0x00000080   Code   RO          444    i.Start             sampling_engine.o
    0x0000216c   0x0000216c   0x00000038   Code   RO          445    i.Stop              sampling_engine.o
    0x000021a4   0x000021a4   0x00000024   Code   RO         1231    i.SysTick_Handler   port.o
    0x000021c8   0x000021c8   0x00000044   Code   RO           13    i.SystemInit        system_va108xx.o
    0x0000220c   0x0000220c   0x0000000e   Code   RO          122    i.TaskMain          main.o
    0x0000221a   0x0000221a   0x00000002   PAD
    0x0000221c   0x0000221c   0x000000a0   Code   RO          123    i.TimersInit        main.o
    0x000022bc   0x000022bc   0x00000060   Code   RO          268    i.UART0Init         uart.o
    0x0000231c   0x0000231c   0x00000044   Code   RO          269    i.UART0Read         uart.o
    0x00002360   0x00002360   0x0000001c   Code   RO          270    i.UART0WriteStr     uart.o
    0x0000237c   0x0000237c   0x00000024   Code   RO           63    i.VOR_GPIO_PinMux   driver.common.o
    0x000023a0   0x000023a0   0x00000030   Code   RO          271    i.VOR_UART0_IRQHandler  uart.o
    0x000023d0   0x000023d0   0x00000014   Code   RO          446    i._SetADCMuxChannel  sampling_engine.o
    0x000023e4   0x000023e4   0x0000002c   Code   RO          447    i._SetSPI1ToADC0    sampling_engine.o
    0x00002410   0x00002410   0x0000002c   Code   RO          448    i._SetSPI1ToADC2    sampling_engine.o
    0x0000243c   0x0000243c   0x00000028   Code   RO         1661    i.__0sprintf$8      mc_p.l(printf8.o)
    0x00002464   0x00002464   0x0000002e   Code   RO         1761    i.__ARM_clz         mf_p.l(depilogue.o)
    0x00002492   0x00002492   0x00000030   Code   RO          611    i.__ARM_common_ll_muluu  sampling_engine.o
    0x000024c2   0x000024c2   0x0000001a   Code   RO          411    i.__ARM_common_switch8  parser.o
    0x000024dc   0x000024dc   0x0000000e   Code   RO         1782    i.__scatterload_copy  mc_p.l(handlers.o)
    0x000024ea   0x000024ea   0x00000002   Code   RO         1783    i.__scatterload_null  mc_p.l(handlers.o)
    0x000024ec   0x000024ec   0x0000000e   Code   RO         1784    i.__scatterload_zeroinit  mc_p.l(handlers.o)
    0x000024fa   0x000024fa   0x00000002   PAD
    0x000024fc   0x000024fc   0x00000428   Code   RO         1666    i._printf_core      mc_p.l(printf8.o)
    0x00002924   0x00002924   0x00000020   Code   RO         1667    i._printf_post_padding  mc_p.l(printf8.o)
    0x00002944   0x00002944   0x0000002c   Code   RO         1668    i._printf_pre_padding  mc_p.l(printf8.o)
    0x00002970   0x00002970   0x0000000a   Code   RO         1670    i._sputc            mc_p.l(printf8.o)
    0x0000297a   0x0000297a   0x00000002   PAD
    0x0000297c   0x0000297c   0x000001b4   Code   RO          318    i.getTempK10_from_adcCodeSum  output.o
    0x00002b30   0x00002b30   0x0000002c   Code   RO          125    i.main              main.o
    0x00002b5c   0x00002b5c   0x00000020   Code   RO          898    i.prvResetNextTaskUnblockTime  tasks.o
    0x00002b7c   0x00002b7c   0x00000024   Code   RO          624    i.uxListRemove      list.o
    0x00002ba0   0x00002ba0   0x00000002   Code   RO          127    i.vApplicationStackOverflowHook  main.o
    0x00002ba2   0x00002ba2   0x00000002   Code   RO          128    i.vApplicationTickHook  main.o
    0x00002ba4   0x00002ba4   0x00000018   Code   RO          628    i.vListInsertEnd    list.o
    0x00002bbc   0x00002bbc   0x00000084   Code   RO          928    i.vTaskSwitchContext  tasks.o
    0x00002c40   0x00002c40   0x000000c8   Code   RO          937    i.xTaskIncrementTick  tasks.o
    0x00002d08   0x00002d08   0x00000010   Data   RO          321    .constdata          output.o
    0x00002d18   0x00002d18   0x00000040   Data   RO         1778    .constdata          mc_p.l(ctype_c.o)
    0x00002d58   0x00002d58   0x00000020   Data   RO         1780    Region$$Table       anon$$obj.o


    Execution Region ER_RW (Exec base: 0x10000000, Load base: 0x00002d78, Size: 0x000000d4, Max: 0xffffffff, ABSOLUTE)

    Exec Addr    Load Addr    Size         Type   Attr      Idx    E Section Name        Object

    0x10000000   0x00002d78   0x00000004   Data   RW           14    .data               system_va108xx.o
    0x10000004   0x00002d7c   0x0000000c   Data   RW          273    .data               uart.o
    0x10000010   0x00002d88   0x00000040   Data   RW          322    .data               output.o
    0x10000050   0x00002dc8   0x00000004   Data   RW          385    .data               parser.o
    0x10000054   0x00002dcc   0x00000044   Data   RW          453    .data               sampling_engine.o
    0x10000098   0x00002e10   0x0000003c   Data   RW          946    .data               tasks.o


    Execution Region ER_ZI (Exec base: 0x100000d4, Load base: 0x00002e4c, Size: 0x000046ec, Max: 0xffffffff, ABSOLUTE)

    Exec Addr    Load Addr    Size         Type   Attr      Idx    E Section Name        Object

    0x100000d4        -       0x00000100   Zero   RW          272    .bss                uart.o
    0x100001d4        -       0x00000040   Zero   RW          320    .bss                output.o
    0x10000214        -       0x00000080   Zero   RW          384    .bss                parser.o
    0x10000294        -       0x00004088   Zero   RW          449    .bss                sampling_engine.o
    0x1000431c        -       0x000000a0   Zero   RW          945    .bss                tasks.o
    0x100043bc   0x00002e4c   0x00000004   PAD
    0x100043c0        -       0x00000400   Zero   RW            1    STACK               startup_va108xx.o


==============================================================================

Image component sizes


      Code (inc. data)   RO Data    RW Data    ZI Data      Debug   Object Name

        36          4          0          0          0        590   driver.common.o
        60          0          0          0          0       1424   list.o
       650        100          0          0          0      22070   main.o
      1836        530         16         64         64       7952   output.o
      1264        466          0          4        128       3244   parser.o
       156         14          0          0          0       1174   port.o
      2588        412          0         68      16520      27277   sampling_engine.o
        36          8        192          0       1024        852   startup_va108xx.o
        68         26          0          4          0     191831   system_va108xx.o
       364         26          0         60        160       6628   tasks.o
       240         56          0         12        256       9259   uart.o

    ----------------------------------------------------------------------
      7302       1642        240        212      18156     272301   Object Totals
         0          0         32          0          0          0   (incl. Generated)
         4          0          0          0          4          0   (incl. Padding)

    ----------------------------------------------------------------------

      Code (inc. data)   RO Data    RW Data    ZI Data      Debug   Library Member Name

        60         10          0          0          0         84   __0sscanf.o
        30          0          0          0          0         60   _chval.o
       824         12          0          0          0         84   _scanf.o
       330          0          0          0          0         84   _scanf_int.o
       232          0          0          0          0         84   _scanf_str.o
        68          0          0          0          0         76   _sgetc.o
        36          4         64          0          0         60   ctype_c.o
         0          0          0          0          0          0   entry.o
         0          0          0          0          0          0   entry10a.o
         0          0          0          0          0          0   entry11a.o
         8          4          0          0          0          0   entry2.o
         4          0          0          0          0          0   entry5.o
         0          0          0          0          0          0   entry7b.o
         0          0          0          0          0          0   entry8b.o
         8          4          0          0          0          0   entry9a.o
        30          0          0          0          0          0   handlers.o
        40          0          0          0          0         72   idiv.o
        36          8          0          0          0         68   init.o
        14          0          0          0          0         68   isspace_c.o
         0          0          0          0          0          0   iusefp.o
        32          0          0          0          0         68   llshl.o
        38          0          0          0          0         68   llsshr.o
        34          0          0          0          0         68   llushr.o
        36          0          0          0          0        100   memseta.o
      1190         48          0          0          0        384   printf8.o
        44          8          0          0          0         84   scanf_char.o
        28          0          0          0          0         68   strcmp.o
        44          0          0          0          0         72   uidiv.o
        96          0          0          0          0         84   uldiv.o
        40          2          0          0          0         68   cdcmple.o
        40          2          0          0          0         68   cdrcmple.o
       356          4          0          0          0        140   dadd.o
       236          0          0          0          0        216   depilogue.o
        60         10          0          0          0         68   dfixui.o
        28          4          0          0          0         68   dfltui.o

    ----------------------------------------------------------------------
      4034        120         64          0          0       2364   Library Totals
        12          0          0          0          0          0   (incl. Padding)

    ----------------------------------------------------------------------

      Code (inc. data)   RO Data    RW Data    ZI Data      Debug   Library Name

      3262         98         64          0          0       1736   mc_p.l
       760         22          0          0          0        628   mf_p.l

    ----------------------------------------------------------------------
      4034        120         64          0          0       2364   Library Totals

    ----------------------------------------------------------------------

==============================================================================


      Code (inc. data)   RO Data    RW Data    ZI Data      Debug   

     11336       1762        304        212      18156     271009   Grand Totals
     11336       1762        304        212      18156     271009   ELF Image Totals
     11336       1762        304        212          0          0   ROM Totals

==============================================================================

    Total RO  Size (Code + RO Data)                11640 (  11.37kB)
    Total RW  Size (RW Data + ZI Data)             18368 (  17.94kB)
    Total ROM Size (Code + RO Data + RW Data)      11852 (  11.57kB)

==============================================================================

