Component: ARM Compiler 5.06 update 2 (build 183) Tool: armlink [4d35b7]

==============================================================================

Section Cross References

    irq_va108xx.o(i.VOR_Disable_Irq) refers to irq_va108xx.o(i.__ARM_common_switch8) for __ARM_common_switch8
    irq_va108xx.o(i.VOR_Disable_Irq) refers to irq_va108xx.o(i.NVIC_DisableIRQ) for NVIC_DisableIRQ
    irq_va108xx.o(i.VOR_Enable_Irq) refers to irq_va108xx.o(i.__ARM_common_switch8) for __ARM_common_switch8
    irq_va108xx.o(i.VOR_Enable_Irq) refers to irq_va108xx.o(i.NVIC_SetPriority) for NVIC_SetPriority
    irq_va108xx.o(i.VOR_Enable_Irq) refers to irq_va108xx.o(i.NVIC_EnableIRQ) for NVIC_EnableIRQ
    startup_va108xx.o(RESET) refers to startup_va108xx.o(STACK) for __initial_sp
    startup_va108xx.o(RESET) refers to startup_va108xx.o(.text) for Reset_Handler
    startup_va108xx.o(RESET) refers to port.o(.emb_text) for PendSV_Handler
    startup_va108xx.o(RESET) refers to port.o(i.SysTick_Handler) for SysTick_Handler
    startup_va108xx.o(RESET) refers to timer.o(i.OC0_IRQHandler) for OC0_IRQHandler
    startup_va108xx.o(RESET) refers to timer.o(i.VOR_TIM1_IRQHandler) for VOR_TIM1_IRQHandler
    startup_va108xx.o(RESET) refers to main.o(i.VOR_UART0_IRQHandler) for VOR_UART0_IRQHandler
    startup_va108xx.o(RESET) refers to main.o(i.VOR_UART1_IRQHandler) for VOR_UART1_IRQHandler
    startup_va108xx.o(RESET) refers to spi_drv_api.o(i.VOR_SPI0_IRQHandler) for VOR_SPI0_IRQHandler
    startup_va108xx.o(RESET) refers to spi_drv_api.o(i.VOR_SPI1_IRQHandler) for VOR_SPI1_IRQHandler
    startup_va108xx.o(RESET) refers to spi_drv_api.o(i.VOR_SPI2_IRQHandler) for VOR_SPI2_IRQHandler
    startup_va108xx.o(RESET) refers to i2c_drv_api.o(i.VOR_I2C0_MS_IRQHandler) for VOR_I2C0_MS_IRQHandler
    startup_va108xx.o(RESET) refers to i2c_drv_api.o(i.VOR_I2C0_SL_IRQHandler) for VOR_I2C0_SL_IRQHandler
    startup_va108xx.o(RESET) refers to i2c_drv_api.o(i.VOR_I2C1_MS_IRQHandler) for VOR_I2C1_MS_IRQHandler
    startup_va108xx.o(RESET) refers to i2c_drv_api.o(i.VOR_I2C1_SL_IRQHandler) for VOR_I2C1_SL_IRQHandler
    startup_va108xx.o(RESET) refers to main.o(i.OC27_IRQHandler) for OC27_IRQHandler
    startup_va108xx.o(RESET) refers to main.o(i.OC30_IRQHandler) for OC30_IRQHandler
    startup_va108xx.o(RESET) refers to main.o(i.OC31_IRQHandler) for OC31_IRQHandler
    startup_va108xx.o(.text) refers to system_va108xx.o(i.SystemInit) for SystemInit
    startup_va108xx.o(.text) refers to entry.o(.ARM.Collect$$$$00000000) for __main
    system_va108xx.o(i.SystemCoreClockUpdate) refers to system_va108xx.o(.data) for .data
    system_va108xx.o(i.SystemInit) refers to system_va108xx.o(.data) for .data
    driver.common.o(i.VOR_Get_ClockFreq) refers to system_va108xx.o(.data) for SystemCoreClock
    driver.common.o(i.VOR_Sleep) refers to uidiv.o(.text) for __aeabi_uidivmod
    driver.common.o(i.VOR_Sleep) refers to system_va108xx.o(.data) for SystemCoreClock
    i2c_drv_api.o(i.VOR_I2C0_Control) refers to i2c_va108xx.o(i.VOR_I2C_Control) for VOR_I2C_Control
    i2c_drv_api.o(i.VOR_I2C0_Control) refers to i2c_va108xx.o(.data) for I2C0_Resources
    i2c_drv_api.o(i.VOR_I2C0_GetDataCount) refers to i2c_va108xx.o(i.VOR_I2C_GetDataCount) for VOR_I2C_GetDataCount
    i2c_drv_api.o(i.VOR_I2C0_GetDataCount) refers to i2c_va108xx.o(.data) for I2C0_Resources
    i2c_drv_api.o(i.VOR_I2C0_GetStatus) refers to i2c_va108xx.o(i.VOR_I2C_GetStatus) for VOR_I2C_GetStatus
    i2c_drv_api.o(i.VOR_I2C0_GetStatus) refers to i2c_va108xx.o(.data) for I2C0_Resources
    i2c_drv_api.o(i.VOR_I2C0_Initialize) refers to i2c_va108xx.o(i.VOR_I2C_Initialize) for VOR_I2C_Initialize
    i2c_drv_api.o(i.VOR_I2C0_Initialize) refers to i2c_va108xx.o(.data) for I2C0_Resources
    i2c_drv_api.o(i.VOR_I2C0_MS_IRQHandler) refers to i2c_va108xx.o(i.VOR_I2C_MasterHandler) for VOR_I2C_MasterHandler
    i2c_drv_api.o(i.VOR_I2C0_MS_IRQHandler) refers to i2c_va108xx.o(.data) for I2C0_Resources
    i2c_drv_api.o(i.VOR_I2C0_MasterReceive) refers to i2c_va108xx.o(i.VOR_I2C_MasterReceive) for VOR_I2C_MasterReceive
    i2c_drv_api.o(i.VOR_I2C0_MasterReceive) refers to i2c_va108xx.o(.data) for I2C0_Resources
    i2c_drv_api.o(i.VOR_I2C0_MasterTransmit) refers to i2c_va108xx.o(i.VOR_I2C_MasterTransmit) for VOR_I2C_MasterTransmit
    i2c_drv_api.o(i.VOR_I2C0_MasterTransmit) refers to i2c_va108xx.o(.data) for I2C0_Resources
    i2c_drv_api.o(i.VOR_I2C0_SL_IRQHandler) refers to i2c_va108xx.o(i.VOR_I2C_SlaveHandler) for VOR_I2C_SlaveHandler
    i2c_drv_api.o(i.VOR_I2C0_SL_IRQHandler) refers to i2c_va108xx.o(.data) for I2C0_Resources
    i2c_drv_api.o(i.VOR_I2C0_SlaveReceive) refers to i2c_va108xx.o(i.VOR_I2C_SlaveReceive) for VOR_I2C_SlaveReceive
    i2c_drv_api.o(i.VOR_I2C0_SlaveReceive) refers to i2c_va108xx.o(.data) for I2C0_Resources
    i2c_drv_api.o(i.VOR_I2C0_SlaveTransmit) refers to i2c_va108xx.o(i.VOR_I2C_SlaveTransmit) for VOR_I2C_SlaveTransmit
[...]
    ../clib/microlib/printf/printf.c         0x00000000   Number         0  printfb.o ABSOLUTE
    ../clib/microlib/printf/stubs.s          0x00000000   Number         0  stubs.o ABSOLUTE
    ../clib/microlib/stdio/fflush.c          0x00000000   Number         0  fflush.o ABSOLUTE
    ../clib/microlib/stdio/fputc.c           0x00000000   Number         0  fputc.o ABSOLUTE
    ../clib/microlib/stdio/semi.s            0x00000000   Number         0  semi.o ABSOLUTE
    ../clib/microlib/stdio/streams.c         0x00000000   Number         0  stdout.o ABSOLUTE
    ../clib/microlib/string/memcpy.c         0x00000000   Number         0  memcpya.o ABSOLUTE
    ../clib/microlib/string/memcpy.c         0x00000000   Number         0  memcpyb.o ABSOLUTE
    ../clib/microlib/string/memset.c         0x00000000   Number         0  memseta.o ABSOLUTE
    ../clib/microlib/string/strcmp.c         0x00000000   Number         0  strcmp.o ABSOLUTE
    ../clib/microlib/string/strcpy.c         0x00000000   Number         0  strcpy.o ABSOLUTE
    ../clib/microlib/string/strlen.c         0x00000000   Number         0  strlen.o ABSOLUTE
    ../clib/microlib/stubs.s                 0x00000000   Number         0  iusesemip.o ABSOLUTE
    ../clib/microlib/stubs.s                 0x00000000   Number         0  iusefp.o ABSOLUTE
    ../clib/microlib/stubs.s                 0x00000000   Number         0  useno.o ABSOLUTE
    ../clib/scanf.c                          0x00000000   Number         0  _sgetc.o ABSOLUTE
    ../clib/scanf.c                          0x00000000   Number         0  _scanf.o ABSOLUTE
    ../clib/scanf.c                          0x00000000   Number         0  _scanf_int.o ABSOLUTE
    ../clib/scanf.c                          0x00000000   Number         0  _scanf_str.o ABSOLUTE
    ../clib/scanf.c                          0x00000000   Number         0  __0sscanf.o ABSOLUTE
    ../clib/scanf.c                          0x00000000   Number         0  _chval.o ABSOLUTE
    ../clib/scanf.c                          0x00000000   Number         0  scanf_char.o ABSOLUTE
    ../fplib/microlib/fpadd.c                0x00000000   Number         0  dadd.o ABSOLUTE
    ../fplib/microlib/fpdiv.c                0x00000000   Number         0  ddiv.o ABSOLUTE
    ../fplib/microlib/fpepilogue.c           0x00000000   Number         0  depilogue.o ABSOLUTE
    ../fplib/microlib/fpepilogue.c           0x00000000   Number         0  fepilogue.o ABSOLUTE
    ../fplib/microlib/fpfix.c                0x00000000   Number         0  dfixul.o ABSOLUTE
    ../fplib/microlib/fpfix.c                0x00000000   Number         0  ffixui.o ABSOLUTE
    ../fplib/microlib/fpflt.c                0x00000000   Number         0  ffltui.o ABSOLUTE
    ../fplib/microlib/fpmul.c                0x00000000   Number         0  dmul.o ABSOLUTE
    ../fplib/microlib/fpmul.c                0x00000000   Number         0  fmul.o ABSOLUTE
    ..\..\common\src\hardfault_handler.c     0x00000000   Number         0  hardfault_handler.o ABSOLUTE
    ..\..\common\src\irq_va108xx.c           0x00000000   Number         0  irq_va108xx.o ABSOLUTE
    ..\..\common\src\startup_va108xx.s       0x00000000   Number         0  startup_va108xx.o ABSOLUTE
    ..\..\common\src\system_va108xx.c        0x00000000   Number         0  system_va108xx.o ABSOLUTE
    ..\..\driver\src\driver.common.c         0x00000000   Number         0  driver.common.o ABSOLUTE
    ..\..\driver\src\gpio_drv_api.c          0x00000000   Number         0  gpio_drv_api.o ABSOLUTE
    ..\..\driver\src\gpio_va108xx.c          0x00000000   Number         0  gpio_va108xx.o ABSOLUTE
    ..\..\driver\src\i2c_drv_api.c           0x00000000   Number         0  i2c_drv_api.o ABSOLUTE
    ..\..\driver\src\i2c_va108xx.c           0x00000000   Number         0  i2c_va108xx.o ABSOLUTE
    ..\..\driver\src\spi_drv_api.c           0x00000000   Number         0  spi_drv_api.o ABSOLUTE
    ..\..\driver\src\spi_va108xx.c           0x00000000   Number         0  spi_va108xx.o ABSOLUTE
    ..\..\driver\src\uart_drv_api.c          0x00000000   Number         0  uart_drv_api.o ABSOLUTE
    ..\..\driver\src\uart_va108xx.c          0x00000000   Number         0  uart_va108xx.o ABSOLUTE
    ..\..\utilities\src\redirect.c           0x00000000   Number         0  redirect.o ABSOLUTE
    ..\..\utilities\src\segger_rtt.c         0x00000000   Number         0  segger_rtt.o ABSOLUTE
    ..\..\utilities\src\segger_rtt_printf.c  0x00000000   Number         0  segger_rtt_printf.o ABSOLUTE
    ..\..\utilities\src\segger_rtt_syscalls_keil.c 0x00000000   Number         0  segger_rtt_syscalls_keil.o ABSOLUTE
    ..\..\utilities\src\utils.c              0x00000000   Number         0  utils.o ABSOLUTE
    ..\\..\\common\\src\\hardfault_handler.c 0x00000000   Number         0  hardfault_handler.o ABSOLUTE
    ..\\..\\common\\src\\irq_va108xx.c       0x00000000   Number         0  irq_va108xx.o ABSOLUTE
    ..\\..\\common\\src\\system_va108xx.c    0x00000000   Number         0  system_va108xx.o ABSOLUTE
    ..\\..\\driver\\src\\driver.common.c     0x00000000   Number         0  driver.common.o ABSOLUTE
    ..\\..\\driver\\src\\gpio_drv_api.c      0x00000000   Number         0  gpio_drv_api.o ABSOLUTE
    ..\\..\\driver\\src\\gpio_va108xx.c      0x00000000   Number         0  gpio_va108xx.o ABSOLUTE
    ..\\..\\driver\\src\\i2c_drv_api.c       0x00000000   Number         0  i2c_drv_api.o ABSOLUTE
    ..\\..\\driver\\src\\i2c_va108xx.c       0x00000000   Number         0  i2c_va108xx.o ABSOLUTE
    ..\\..\\driver\\src\\spi_drv_api.c       0x00000000   Number         0  spi_drv_api.o ABSOLUTE
    ..\\..\\driver\\src\\spi_va108xx.c       0x00000000   Number         0  spi_va108xx.o ABSOLUTE
    ..\\..\\driver\\src\\uart_drv_api.c      0x00000000   Number         0  uart_drv_api.o ABSOLUTE
    ..\\..\\driver\\src\\uart_va108xx.c      0x00000000   Number         0  uart_va108xx.o ABSOLUTE
    ..\\..\\utilities\\src\\redirect.c       0x00000000   Number         0  redirect.o ABSOLUTE
    ..\\..\\utilities\\src\\utils.c          0x00000000   Number         0  utils.o ABSOLUTE
    Source\\portable\\RVDS\\ARM_CM0\\port.c  0x00000000   Number         0  port.o ABSOLUTE
    Source\list.c                            0x00000000   Number         0  list.o ABSOLUTE
    Source\portable\MemMang\heap_1.c         0x00000000   Number         0  heap_1.o ABSOLUTE
    Source\portable\RVDS\ARM_CM0\port.c      0x00000000   Number         0  port.o ABSOLUTE
    Source\queue.c                           0x00000000   Number         0  queue.o ABSOLUTE
    Source\tasks.c                           0x00000000   Number         0  tasks.o ABSOLUTE
    Source\timers.c                          0x00000000   Number         0  timers.o ABSOLUTE
    cdrcmple.s                               0x00000000   Number         0  cdrcmple.o ABSOLUTE
    dc.s                                     0x00000000   Number         0  dc.o ABSOLUTE
    handlers.s                               0x00000000   Number         0  handlers.o ABSOLUTE
    init.s                                   0x00000000   Number         0  init.o ABSOLUTE
    src\\main.c                              0x00000000   Number         0  main.o ABSOLUTE
    src\\timer.c                             0x00000000   Number         0  timer.o ABSOLUTE
    src\main.c                               0x00000000   Number         0  main.o ABSOLUTE
    src\timer.c                              0x00000000   Number         0  timer.o ABSOLUTE
    .ARM.Collect$$$$00000000                 0x000000c0   Section        0  entry.o(.ARM.Collect$$$$00000000)
    .ARM.Collect$$$$00000001                 0x000000c0   Section        4  entry2.o(.ARM.Collect$$$$00000001)
    .ARM.Collect$$$$00000004                 0x000000c4   Section        4  entry5.o(.ARM.Collect$$$$00000004)
    .ARM.Collect$$$$00000008                 0x000000c8   Section        0  entry7b.o(.ARM.Collect$$$$00000008)
    .ARM.Collect$$$$0000000A                 0x000000c8   Section        0  entry8b.o(.ARM.Collect$$$$0000000A)
    .ARM.Collect$$$$0000000B                 0x000000c8   Section        8  entry9a.o(.ARM.Collect$$$$0000000B)
    .ARM.Collect$$$$0000000D                 0x000000d0   Section        0  entry10a.o(.ARM.Collect$$$$0000000D)
    .ARM.Collect$$$$0000000F                 0x000000d0   Section        0  entry11a.o(.ARM.Collect$$$$0000000F)
    .ARM.Collect$$$$00002712                 0x000000d0   Section        4  entry2.o(.ARM.Collect$$$$00002712)
    __lit__00000000                          0x000000d0   Data           4  entry2.o(.ARM.Collect$$$$00002712)
    .emb_text                                0x000000d4   Section      120  port.o(.emb_text)
    .text                                    0x0000014c   Section       36  startup_va108xx.o(.text)
    .text                                    0x00000170   Section        0  uidiv.o(.text)
    .text                                    0x0000019c   Section        0  uldiv.o(.text)
    .text                                    0x000001fc   Section        0  memcpya.o(.text)
    .text                                    0x00000220   Section        0  strcmp.o(.text)
    .text                                    0x0000023c   Section        0  __0sscanf.o(.text)
    .text                                    0x00000278   Section        0  _scanf_int.o(.text)
    .text                                    0x000003c2   Section        0  _scanf_str.o(.text)
    .text                                    0x000004aa   Section        0  fmul.o(.text)
    .text                                    0x00000524   Section        0  ffltui.o(.text)
    .text                                    0x00000532   Section        0  ffixui.o(.text)
    .text                                    0x0000055a   Section        0  llshl.o(.text)
    .text                                    0x0000057a   Section        0  llushr.o(.text)
    .text                                    0x0000059c   Section        0  _chval.o(.text)
    .text                                    0x000005bc   Section        0  scanf_char.o(.text)
    _scanf_char_input                        0x000005bd   Thumb Code    12  scanf_char.o(.text)
    .text                                    0x000005e8   Section        0  _sgetc.o(.text)
    .text                                    0x0000062c   Section        0  iusefp.o(.text)
    .text                                    0x0000062c   Section        0  fepilogue.o(.text)
    .text                                    0x000006b0   Section       36  init.o(.text)
    .text                                    0x000006d4   Section        0  isspace_c.o(.text)
    .text                                    0x000006e4   Section        0  _scanf.o(.text)
    .text                                    0x00000a1c   Section        0  ctype_c.o(.text)
    .text                                    0x00000a40   Section        0  __dczerorl2.o(.text)
    i.NVIC_DisableIRQ                        0x00000a98   Section        0  irq_va108xx.o(i.NVIC_DisableIRQ)
    NVIC_DisableIRQ                          0x00000a99   Thumb Code    14  irq_va108xx.o(i.NVIC_DisableIRQ)
    i.NVIC_EnableIRQ                         0x00000aac   Section        0  irq_va108xx.o(i.NVIC_EnableIRQ)
    NVIC_EnableIRQ                           0x00000aad   Thumb Code    14  irq_va108xx.o(i.NVIC_EnableIRQ)
    i.NVIC_EnableIRQ                         0x00000ac0   Section        0  main.o(i.NVIC_EnableIRQ)
    NVIC_EnableIRQ                           0x00000ac1   Thumb Code    14  main.o(i.NVIC_EnableIRQ)
    i.NVIC_SetPriority                       0x00000ad4   Section        0  irq_va108xx.o(i.NVIC_SetPriority)
    NVIC_SetPriority                         0x00000ad5   Thumb Code    60  irq_va108xx.o(i.NVIC_SetPriority)
    i.NVIC_SetPriority                       0x00000b18   Section        0  main.o(i.NVIC_SetPriority)
    NVIC_SetPriority                         0x00000b19   Thumb Code    60  main.o(i.NVIC_SetPriority)
    i.OC0_IRQHandler                         0x00000b5c   Section        0  timer.o(i.OC0_IRQHandler)
    i.OC27_IRQHandler                        0x00000b7c   Section        0  main.o(i.OC27_IRQHandler)
    i.OC30_IRQHandler                        0x00000bc8   Section        0  main.o(i.OC30_IRQHandler)
    i.OC31_IRQHandler                        0x00000d4c   Section        0  main.o(i.OC31_IRQHandler)
    i.OC31_func1                             0x00000d60   Section        0  main.o(i.OC31_func1)
    i.OC31_func2                             0x00000de8   Section        0  main.o(i.OC31_func2)
    i.OC31_func3                             0x00000e5c   Section        0  main.o(i.OC31_func3)
    i.SysTick_Handler                        0x00000f2c   Section        0  port.o(i.SysTick_Handler)
    i.SystemInit                             0x00000f50   Section        0  system_va108xx.o(i.SystemInit)
    i.VOR_Disable_Irq                        0x00000f60   Section        0  irq_va108xx.o(i.VOR_Disable_Irq)
    i.VOR_Enable_Irq                         0x00000fe4   Section        0  irq_va108xx.o(i.VOR_Enable_Irq)
    i.VOR_GPIO_PinMux                        0x00001104   Section        0  driver.common.o(i.VOR_GPIO_PinMux)
    i.VOR_Get_ClockFreq                      0x00001128   Section        0  driver.common.o(i.VOR_Get_ClockFreq)
    i.VOR_Get_SysTime                        0x00001134   Section        0  driver.common.o(i.VOR_Get_SysTime)
    i.VOR_I2C0_Control                       0x00001138   Section        0  i2c_drv_api.o(i.VOR_I2C0_Control)
    VOR_I2C0_Control                         0x00001139   Thumb Code    10  i2c_drv_api.o(i.VOR_I2C0_Control)
    i.VOR_I2C0_GetDataCount                  0x00001148   Section        0  i2c_drv_api.o(i.VOR_I2C0_GetDataCount)
    VOR_I2C0_GetDataCount                    0x00001149   Thumb Code    10  i2c_drv_api.o(i.VOR_I2C0_GetDataCount)
    i.VOR_I2C0_GetStatus                     0x00001158   Section        0  i2c_drv_api.o(i.VOR_I2C0_GetStatus)
    VOR_I2C0_GetStatus                       0x00001159   Thumb Code    10  i2c_drv_api.o(i.VOR_I2C0_GetStatus)
    i.VOR_I2C0_Initialize                    0x00001168   Section        0  i2c_drv_api.o(i.VOR_I2C0_Initialize)
    VOR_I2C0_Initialize                      0x00001169   Thumb Code    10  i2c_drv_api.o(i.VOR_I2C0_Initialize)
    i.VOR_I2C0_MS_IRQHandler                 0x00001178   Section        0  i2c_drv_api.o(i.VOR_I2C0_MS_IRQHandler)
    i.VOR_I2C0_MasterReceive                 0x00001188   Section        0  i2c_drv_api.o(i.VOR_I2C0_MasterReceive)
    VOR_I2C0_MasterReceive                   0x00001189   Thumb Code    12  i2c_drv_api.o(i.VOR_I2C0_MasterReceive)
    i.VOR_I2C0_MasterTransmit                0x00001198   Section        0  i2c_drv_api.o(i.VOR_I2C0_MasterTransmit)
    VOR_I2C0_MasterTransmit                  0x00001199   Thumb Code    12  i2c_drv_api.o(i.VOR_I2C0_MasterTransmit)
    i.VOR_I2C0_SL_IRQHandler                 0x000011a8   Section        0  i2c_drv_api.o(i.VOR_I2C0_SL_IRQHandler)
    i.VOR_I2C0_SlaveReceive                  0x000011b8   Section        0  i2c_drv_api.o(i.VOR_I2C0_SlaveReceive)
    VOR_I2C0_SlaveReceive                    0x000011b9   Thumb Code    10  i2c_drv_api.o(i.VOR_I2C0_SlaveReceive)
    i.VOR_I2C0_SlaveTransmit                 0x000011c8   Section        0  i2c_drv_api.o(i.VOR_I2C0_SlaveTransmit)
    VOR_I2C0_SlaveTransmit                   0x000011c9   Thumb Code    10  i2c_drv_api.o(i.VOR_I2C0_SlaveTransmit)
    i.VOR_I2C0_Uninitialize                  0x000011d8   Section        0  i2c_drv_api.o(i.VOR_I2C0_Uninitialize)
    VOR_I2C0_Uninitialize                    0x000011d9   Thumb Code    10  i2c_drv_api.o(i.VOR_I2C0_Uninitialize)
    i.VOR_I2C1_Control                       0x000011e8   Section        0  i2c_drv_api.o(i.VOR_I2C1_Control)
    VOR_I2C1_Control                         0x000011e9   Thumb Code    10  i2c_drv_api.o(i.VOR_I2C1_Control)
    i.VOR_I2C1_GetDataCount                  0x000011f8   Section        0  i2c_drv_api.o(i.VOR_I2C1_GetDataCount)
    VOR_I2C1_GetDataCount                    0x000011f9   Thumb Code    10  i2c_drv_api.o(i.VOR_I2C1_GetDataCount)
    i.VOR_I2C1_GetStatus                     0x00001208   Section        0  i2c_drv_api.o(i.VOR_I2C1_GetStatus)
    VOR_I2C1_GetStatus                       0x00001209   Thumb Code    10  i2c_drv_api.o(i.VOR_I2C1_GetStatus)
    i.VOR_I2C1_Initialize                    0x00001218   Section        0  i2c_drv_api.o(i.VOR_I2C1_Initialize)
    VOR_I2C1_Initialize                      0x00001219   Thumb Code    10  i2c_drv_api.o(i.VOR_I2C1_Initialize)
    i.VOR_I2C1_MS_IRQHandler                 0x00001228   Section        0  i2c_drv_api.o(i.VOR_I2C1_MS_IRQHandler)
    i.VOR_I2C1_MasterReceive                 0x00001238   Section        0  i2c_drv_api.o(i.VOR_I2C1_MasterReceive)
    VOR_I2C1_MasterReceive                   0x00001239   Thumb Code    12  i2c_drv_api.o(i.VOR_I2C1_MasterReceive)
    i.VOR_I2C1_MasterTransmit                0x00001248   Section        0  i2c_drv_api.o(i.VOR_I2C1_MasterTransmit)
    VOR_I2C1_MasterTransmit                  0x00001249   Thumb Code    12  i2c_drv_api.o(i.VOR_I2C1_MasterTransmit)
    i.VOR_I2C1_SL_IRQHandler                 0x00001258   Section        0  i2c_drv_api.o(i.VOR_I2C1_SL_IRQHandler)
    i.VOR_I2C1_SlaveReceive                  0x00001268   Section        0  i2c_drv_api.o(i.VOR_I2C1_SlaveReceive)
    VOR_I2C1_SlaveReceive                    0x00001269   Thumb Code    10  i2c_drv_api.o(i.VOR_I2C1_SlaveReceive)
    i.VOR_I2C1_SlaveTransmit                 0x00001278   Section        0  i2c_drv_api.o(i.VOR_I2C1_SlaveTransmit)
    VOR_I2C1_SlaveTransmit                   0x00001279   Thumb Code    10  i2c_drv_api.o(i.VOR_I2C1_SlaveTransmit)
    i.VOR_I2C1_Uninitialize                  0x00001288   Section        0  i2c_drv_api.o(i.VOR_I2C1_Uninitialize)
    VOR_I2C1_Uninitialize                    0x00001289   Thumb Code    10  i2c_drv_api.o(i.VOR_I2C1_Uninitialize)
    i.VOR_I2C_Control                        0x00001298   Section        0  i2c_va108xx.o(i.VOR_I2C_Control)
    i.VOR_I2C_GetDataCount                   0x00001384   Section        0  i2c_va108xx.o(i.VOR_I2C_GetDataCount)
    i.VOR_I2C_GetStatus                      0x00001394   Section        0  i2c_va108xx.o(i.VOR_I2C_GetStatus)
    i.VOR_I2C_Initialize                     0x000014c0   Section        0  i2c_va108xx.o(i.VOR_I2C_Initialize)
    i.VOR_I2C_MasterHandler                  0x000014fc   Section        0  i2c_va108xx.o(i.VOR_I2C_MasterHandler)
    i.VOR_I2C_MasterReceive                  0x00001670   Section        0  i2c_va108xx.o(i.VOR_I2C_MasterReceive)
    i.VOR_I2C_MasterTransmit                 0x00001788   Section        0  i2c_va108xx.o(i.VOR_I2C_MasterTransmit)
    i.VOR_I2C_Setup                          0x000018f0   Section        0  i2c_va108xx.o(i.VOR_I2C_Setup)
    VOR_I2C_Setup                            0x000018f1   Thumb Code   386  i2c_va108xx.o(i.VOR_I2C_Setup)
    i.VOR_I2C_SlaveHandler                   0x00001a74   Section        0  i2c_va108xx.o(i.VOR_I2C_SlaveHandler)
    i.VOR_I2C_SlaveReceive                   0x00001c04   Section        0  i2c_va108xx.o(i.VOR_I2C_SlaveReceive)
    i.VOR_I2C_SlaveTransmit                  0x00001d10   Section        0  i2c_va108xx.o(i.VOR_I2C_SlaveTransmit)
    i.VOR_I2C_Stop                           0x00001e98   Section        0  i2c_va108xx.o(i.VOR_I2C_Stop)
    VOR_I2C_Stop                             0x00001e99   Thumb Code    94  i2c_va108xx.o(i.VOR_I2C_Stop)
    i.VOR_I2C_Uninitialize                   0x00001ef8   Section        0  i2c_va108xx.o(i.VOR_I2C_Uninitialize)
    i.VOR_I2C_abort_transfer                 0x00001f18   Section        0  i2c_va108xx.o(i.VOR_I2C_abort_transfer)
    i.VOR_I2Cx_GetVersion                    0x00001f64   Section        0  i2c_va108xx.o(i.VOR_I2Cx_GetVersion)
    i.VOR_SPI0_Control                       0x00001f7c   Section        0  spi_drv_api.o(i.VOR_SPI0_Control)
    VOR_SPI0_Control                         0x00001f7d   Thumb Code    10  spi_drv_api.o(i.VOR_SPI0_Control)
    i.VOR_SPI0_GetRxCount                    0x00001f8c   Section        0  spi_drv_api.o(i.VOR_SPI0_GetRxCount)
    VOR_SPI0_GetRxCount                      0x00001f8d   Thumb Code    10  spi_drv_api.o(i.VOR_SPI0_GetRxCount)
    i.VOR_SPI0_GetStatus                     0x00001f9c   Section        0  spi_drv_api.o(i.VOR_SPI0_GetStatus)
    VOR_SPI0_GetStatus                       0x00001f9d   Thumb Code    10  spi_drv_api.o(i.VOR_SPI0_GetStatus)
    i.VOR_SPI0_GetTxCount                    0x00001fac   Section        0  spi_drv_api.o(i.VOR_SPI0_GetTxCount)
    VOR_SPI0_GetTxCount                      0x00001fad   Thumb Code    10  spi_drv_api.o(i.VOR_SPI0_GetTxCount)
    i.VOR_SPI0_IRQHandler                    0x00001fbc   Section        0  spi_drv_api.o(i.VOR_SPI0_IRQHandler)
    i.VOR_SPI0_Initialize                    0x00001fcc   Section        0  spi_drv_api.o(i.VOR_SPI0_Initialize)
    VOR_SPI0_Initialize                      0x00001fcd   Thumb Code    10  spi_drv_api.o(i.VOR_SPI0_Initialize)
    i.VOR_SPI0_Receive                       0x00001fdc   Section        0  spi_drv_api.o(i.VOR_SPI0_Receive)
    VOR_SPI0_Receive                         0x00001fdd   Thumb Code    10  spi_drv_api.o(i.VOR_SPI0_Receive)
    i.VOR_SPI0_Send                          0x00001fec   Section        0  spi_drv_api.o(i.VOR_SPI0_Send)
    VOR_SPI0_Send                            0x00001fed   Thumb Code    10  spi_drv_api.o(i.VOR_SPI0_Send)
    i.VOR_SPI0_Transfer                      0x00001ffc   Section        0  spi_drv_api.o(i.VOR_SPI0_Transfer)
    VOR_SPI0_Transfer                        0x00001ffd   Thumb Code    10  spi_drv_api.o(i.VOR_SPI0_Transfer)
    i.VOR_SPI0_Uninitialize                  0x0000200c   Section        0  spi_drv_api.o(i.VOR_SPI0_Uninitialize)
    VOR_SPI0_Uninitialize                    0x0000200d   Thumb Code    10  spi_drv_api.o(i.VOR_SPI0_Uninitialize)
    i.VOR_SPI1_Control                       0x0000201c   Section        0  spi_drv_api.o(i.VOR_SPI1_Control)
    VOR_SPI1_Control                         0x0000201d   Thumb Code    10  spi_drv_api.o(i.VOR_SPI1_Control)
    i.VOR_SPI1_GetRxCount                    0x0000202c   Section        0  spi_drv_api.o(i.VOR_SPI1_GetRxCount)
    VOR_SPI1_GetRxCount                      0x0000202d   Thumb Code    10  spi_drv_api.o(i.VOR_SPI1_GetRxCount)
    i.VOR_SPI1_GetStatus                     0x0000203c   Section        0  spi_drv_api.o(i.VOR_SPI1_GetStatus)
    VOR_SPI1_GetStatus                       0x0000203d   Thumb Code    10  spi_drv_api.o(i.VOR_SPI1_GetStatus)
    i.VOR_SPI1_GetTxCount                    0x0000204c   Section        0  spi_drv_api.o(i.VOR_SPI1_GetTxCount)
    VOR_SPI1_GetTxCount                      0x0000204d   Thumb Code    10  spi_drv_api.o(i.VOR_SPI1_GetTxCount)
    i.VOR_SPI1_IRQHandler                    0x0000205c   Section        0  spi_drv_api.o(i.VOR_SPI1_IRQHandler)
    i.VOR_SPI1_Initialize                    0x0000206c   Section        0  spi_drv_api.o(i.VOR_SPI1_Initialize)
    VOR_SPI1_Initialize                      0x0000206d   Thumb Code    10  spi_drv_api.o(i.VOR_SPI1_Initialize)
    i.VOR_SPI1_Receive                       0x0000207c   Section        0  spi_drv_api.o(i.VOR_SPI1_Receive)
    VOR_SPI1_Receive                         0x0000207d   Thumb Code    10  spi_drv_api.o(i.VOR_SPI1_Receive)
    i.VOR_SPI1_Send                          0x0000208c   Section        0  spi_drv_api.o(i.VOR_SPI1_Send)
    VOR_SPI1_Send                            0x0000208d   Thumb Code    10  spi_drv_api.o(i.VOR_SPI1_Send)
    i.VOR_SPI1_Transfer                      0x0000209c   Section        0  spi_drv_api.o(i.VOR_SPI1_Transfer)
    VOR_SPI1_Transfer                        0x0000209d   Thumb Code    10  spi_drv_api.o(i.VOR_SPI1_Transfer)
    i.VOR_SPI1_Uninitialize                  0x000020ac   Section        0  spi_drv_api.o(i.VOR_SPI1_Uninitialize)
    VOR_SPI1_Uninitialize                    0x000020ad   Thumb Code    10  spi_drv_api.o(i.VOR_SPI1_Uninitialize)
    i.VOR_SPI2_Control                       0x000020bc   Section        0  spi_drv_api.o(i.VOR_SPI2_Control)
    VOR_SPI2_Control                         0x000020bd   Thumb Code    10  spi_drv_api.o(i.VOR_SPI2_Control)
    i.VOR_SPI2_GetRxCount                    0x000020cc   Section        0  spi_drv_api.o(i.VOR_SPI2_GetRxCount)
    VOR_SPI2_GetRxCount                      0x000020cd   Thumb Code    10  spi_drv_api.o(i.VOR_SPI2_GetRxCount)
    i.VOR_SPI2_GetStatus                     0x000020dc   Section        0  spi_drv_api.o(i.VOR_SPI2_GetStatus)
    VOR_SPI2_GetStatus                       0x000020dd   Thumb Code    10  spi_drv_api.o(i.VOR_SPI2_GetStatus)
    i.VOR_SPI2_GetTxCount                    0x000020ec   Section        0  spi_drv_api.o(i.VOR_SPI2_GetTxCount)
    VOR_SPI2_GetTxCount                      0x000020ed   Thumb Code    10  spi_drv_api.o(i.VOR_SPI2_GetTxCount)
    i.VOR_SPI2_IRQHandler                    0x000020fc   Section        0  spi_drv_api.o(i.VOR_SPI2_IRQHandler)
    i.VOR_SPI2_Initialize                    0x0000210c   Section        0  spi_drv_api.o(i.VOR_SPI2_Initialize)
    VOR_SPI2_Initialize                      0x0000210d   Thumb Code    10  spi_drv_api.o(i.VOR_SPI2_Initialize)
    i.VOR_SPI2_Receive                       0x0000211c   Section        0  spi_drv_api.o(i.VOR_SPI2_Receive)
    VOR_SPI2_Receive                         0x0000211d   Thumb Code    10  spi_drv_api.o(i.VOR_SPI2_Receive)
    i.VOR_SPI2_Send                          0x0000212c   Section        0  spi_drv_api.o(i.VOR_SPI2_Send)
    VOR_SPI2_Send                            0x0000212d   Thumb Code    10  spi_drv_api.o(i.VOR_SPI2_Send)
    i.VOR_SPI2_Transfer                      0x0000213c   Section        0  spi_drv_api.o(i.VOR_SPI2_Transfer)
    VOR_SPI2_Transfer                        0x0000213d   Thumb Code    10  spi_drv_api.o(i.VOR_SPI2_Transfer)
    i.VOR_SPI2_Uninitialize                  0x0000214c   Section        0  spi_drv_api.o(i.VOR_SPI2_Uninitialize)
    VOR_SPI2_Uninitialize                    0x0000214d   Thumb Code    10  spi_drv_api.o(i.VOR_SPI2_Uninitialize)
    i.VOR_SPI_CTRL_ENABLE_BLOCKMODE_OPR      0x0000215c   Section        0  spi_va108xx.o(i.VOR_SPI_CTRL_ENABLE_BLOCKMODE_OPR)
    i.VOR_SPI_CTRL_SLAVE_OP_DISABLEMODE      0x00002180   Section        0  spi_va108xx.o(i.VOR_SPI_CTRL_SLAVE_OP_DISABLEMODE)
    i.VOR_SPI_Control                        0x000021a4   Section        0  spi_va108xx.o(i.VOR_SPI_Control)
    i.VOR_SPI_ENABLE_INTERFACE               0x00002252   Section        0  spi_va108xx.o(i.VOR_SPI_ENABLE_INTERFACE)
    i.VOR_SPI_GetRxCount                     0x00002276   Section        0  spi_va108xx.o(i.VOR_SPI_GetRxCount)
    i.VOR_SPI_GetStatus                      0x0000227a   Section        0  spi_va108xx.o(i.VOR_SPI_GetStatus)
    i.VOR_SPI_GetTxCount                     0x00002314   Section        0  spi_va108xx.o(i.VOR_SPI_GetTxCount)
    i.VOR_SPI_Initialize                     0x00002318   Section        0  spi_va108xx.o(i.VOR_SPI_Initialize)
    i.VOR_SPI_IrqHandler                     0x00002354   Section        0  spi_va108xx.o(i.VOR_SPI_IrqHandler)
    i.VOR_SPI_Receive                        0x0000246c   Section        0  spi_va108xx.o(i.VOR_SPI_Receive)
    i.VOR_SPI_SET_CTRL_SIZE_OPR              0x00002544   Section        0  spi_va108xx.o(i.VOR_SPI_SET_CTRL_SIZE_OPR)
    i.VOR_SPI_SET_Clock_Mode                 0x00002566   Section        0  spi_va108xx.o(i.VOR_SPI_SET_Clock_Mode)
    i.VOR_SPI_SET_Clock_Rate                 0x00002590   Section        0  spi_va108xx.o(i.VOR_SPI_SET_Clock_Rate)
    i.VOR_SPI_SET_LOOPBACKMODE               0x000025e2   Section        0  spi_va108xx.o(i.VOR_SPI_SET_LOOPBACKMODE)
    i.VOR_SPI_SET_RX_FIFOTRG                 0x00002608   Section        0  spi_va108xx.o(i.VOR_SPI_SET_RX_FIFOTRG)
    i.VOR_SPI_SET_SLAVEMODE                  0x0000261e   Section        0  spi_va108xx.o(i.VOR_SPI_SET_SLAVEMODE)
    i.VOR_SPI_SET_TX_FIFOTRG                 0x00002646   Section        0  spi_va108xx.o(i.VOR_SPI_SET_TX_FIFOTRG)
    i.VOR_SPI_SLAVE_SELECT_OPR               0x0000265c   Section        0  spi_va108xx.o(i.VOR_SPI_SLAVE_SELECT_OPR)
    i.VOR_SPI_Send                           0x0000267c   Section        0  spi_va108xx.o(i.VOR_SPI_Send)
    i.VOR_SPI_Transfer                       0x00002718   Section        0  spi_va108xx.o(i.VOR_SPI_Transfer)
    i.VOR_SPI_Uninitialize                   0x00002830   Section        0  spi_va108xx.o(i.VOR_SPI_Uninitialize)
    i.VOR_SPI_abort_transfer                 0x0000285c   Section        0  spi_va108xx.o(i.VOR_SPI_abort_transfer)
    i.VOR_SPIx_GetVersion                    0x00002880   Section        0  spi_va108xx.o(i.VOR_SPIx_GetVersion)
    i.VOR_Sleep                              0x00002898   Section        0  driver.common.o(i.VOR_Sleep)
    i.VOR_TIM1_IRQHandler                    0x000028c0   Section        0  timer.o(i.VOR_TIM1_IRQHandler)
    i.VOR_UART0_IRQHandler                   0x000028e0   Section        0  main.o(i.VOR_UART0_IRQHandler)
    i.VOR_UART1_IRQHandler                   0x00002924   Section        0  main.o(i.VOR_UART1_IRQHandler)
    i.__0sprintf$8                           0x00002968   Section        0  printf8.o(i.__0sprintf$8)
    i.__ARM_common_ll_muluu                  0x00002990   Section        0  main.o(i.__ARM_common_ll_muluu)
    i.__ARM_common_switch8                   0x000029c0   Section        0  irq_va108xx.o(i.__ARM_common_switch8)
    i.__scatterload_copy                     0x000029da   Section       14  handlers.o(i.__scatterload_copy)
    i.__scatterload_null                     0x000029e8   Section        2  handlers.o(i.__scatterload_null)
    i.__scatterload_zeroinit                 0x000029ea   Section       14  handlers.o(i.__scatterload_zeroinit)
    i._printf_core                           0x000029f8   Section        0  printf8.o(i._printf_core)
    _printf_core                             0x000029f9   Thumb Code  1020  printf8.o(i._printf_core)
    i._printf_post_padding                   0x00002e20   Section        0  printf8.o(i._printf_post_padding)
    _printf_post_padding                     0x00002e21   Thumb Code    32  printf8.o(i._printf_post_padding)
    i._printf_pre_padding                    0x00002e40   Section        0  printf8.o(i._printf_pre_padding)
    _printf_pre_padding                      0x00002e41   Thumb Code    44  printf8.o(i._printf_pre_padding)
    i._sputc                                 0x00002e6c   Section        0  printf8.o(i._sputc)
    _sputc                                   0x00002e6d   Thumb Code    10  printf8.o(i._sputc)
    i.configPins                             0x00002e78   Section        0  main.o(i.configPins)
    i.configSPI                              0x00002fe8   Section        0  main.o(i.configSPI)
    i.configSPI1Pins_ADC0                    0x00003018   Section        0  main.o(i.configSPI1Pins_ADC0)
    i.configSPI1Pins_ADC2                    0x00003044   Section        0  main.o(i.configSPI1Pins_ADC2)
    i.configTimers                           0x00003070   Section        0  main.o(i.configTimers)
    i.configUART                             0x00003108   Section        0  main.o(i.configUART)
    i.getBufRequirements                     0x0000314c   Section        0  main.o(i.getBufRequirements)
    i.getRTDSum                              0x00003180   Section        0  main.o(i.getRTDSum)
    i.getTempK10_from_adcCodeSum             0x000031a8   Section        0  main.o(i.getTempK10_from_adcCodeSum)
    i.getVolt100                             0x00003280   Section        0  main.o(i.getVolt100)
    i.main                                   0x000032ac   Section        0  main.o(i.main)
    i.parseCommand                           0x0000382c   Section        0  main.o(i.parseCommand)
    i.printADC01Buf                          0x000039d0   Section        0  main.o(i.printADC01Buf)
    i.printData                              0x00003ba4   Section        0  main.o(i.printData)
    i.printMuxBuf                            0x00003ce8   Section        0  main.o(i.printMuxBuf)
    i.printUARTTx                            0x00003f1c   Section        0  main.o(i.printUARTTx)
    i.printVersion                           0x00003f38   Section        0  main.o(i.printVersion)
    i.prvResetNextTaskUnblockTime            0x0000410c   Section        0  tasks.o(i.prvResetNextTaskUnblockTime)
    prvResetNextTaskUnblockTime              0x0000410d   Thumb Code    28  tasks.o(i.prvResetNextTaskUnblockTime)
    i.reportErrors                           0x0000412c   Section        0  main.o(i.reportErrors)
    i.selectAnalogMuxChPins                  0x00004174   Section        0  main.o(i.selectAnalogMuxChPins)
    selectAnalogMuxChPins                    0x00004175   Thumb Code    16  main.o(i.selectAnalogMuxChPins)
    i.setupADC                               0x00004188   Section        0  main.o(i.setupADC)
    i.startContinuous                        0x00004400   Section        0  main.o(i.startContinuous)
    i.startSecondTimer                       0x00004488   Section        0  main.o(i.startSecondTimer)
    i.uartRxChar                             0x000044cc   Section        0  main.o(i.uartRxChar)
    i.uxListRemove                           0x00004560   Section        0  list.o(i.uxListRemove)
    i.vApplicationStackOverflowHook          0x00004584   Section        0  main.o(i.vApplicationStackOverflowHook)
    i.vApplicationTickHook                   0x00004588   Section        0  main.o(i.vApplicationTickHook)
    i.vListInsertEnd                         0x0000458a   Section        0  list.o(i.vListInsertEnd)
    i.vTaskSwitchContext                     0x000045a4   Section        0  tasks.o(i.vTaskSwitchContext)
    i.xTaskIncrementTick                     0x00004628   Section        0  tasks.o(i.xTaskIncrementTick)
    .constdata                               0x000046f0   Section        4  i2c_va108xx.o(.constdata)
    i2c_driver_version                       0x000046f0   Data           4  i2c_va108xx.o(.constdata)
    .constdata                               0x000046f4   Section        4  spi_va108xx.o(.constdata)
    DriverVersion                            0x000046f4   Data           4  spi_va108xx.o(.constdata)
    .constdata                               0x000046f8   Section       16  main.o(.constdata)
    .constdata                               0x00004708   Section       64  ctype_c.o(.constdata)
    .data                                    0x10000000   Section        4  system_va108xx.o(.data)
    .data                                    0x10000004   Section       40  i2c_drv_api.o(.data)
    .data                                    0x1000002c   Section       40  i2c_drv_api.o(.data)
    .data                                    0x10000054   Section      232  i2c_va108xx.o(.data)
    .data                                    0x1000013c   Section      232  i2c_va108xx.o(.data)
    .data                                    0x10000224   Section       40  spi_drv_api.o(.data)
    .data                                    0x1000024c   Section       40  spi_drv_api.o(.data)
    .data                                    0x10000274   Section       40  spi_drv_api.o(.data)
    .data                                    0x1000029c   Section      220  spi_va108xx.o(.data)
    .data                                    0x10000378   Section      220  spi_va108xx.o(.data)
    .data                                    0x10000454   Section      220  spi_va108xx.o(.data)
    .data                                    0x10000530   Section      236  main.o(.data)
    .data                                    0x1000061c   Section        2  timer.o(.data)
    msec_tim_timeout                         0x1000061c   Data           1  timer.o(.data)
    sec_tim_timeout                          0x1000061d   Data           1  timer.o(.data)
    .data                                    0x10000620   Section       60  tasks.o(.data)
    uxDeletedTasksWaitingCleanUp             0x10000624   Data           4  tasks.o(.data)
    uxCurrentNumberOfTasks                   0x10000628   Data           4  tasks.o(.data)
    xTickCount                               0x1000062c   Data           4  tasks.o(.data)
    uxTopReadyPriority                       0x10000630   Data           4  tasks.o(.data)
    xSchedulerRunning                        0x10000634   Data           4  tasks.o(.data)
    uxPendedTicks                            0x10000638   Data           4  tasks.o(.data)
    xYieldPending                            0x1000063c   Data           4  tasks.o(.data)
    xNumOfOverflows                          0x10000640   Data           4  tasks.o(.data)
    uxTaskNumber                             0x10000644   Data           4  tasks.o(.data)
    xNextTaskUnblockTime                     0x10000648   Data           4  tasks.o(.data)
    xIdleTaskHandle                          0x1000064c   Data           4  tasks.o(.data)
    uxSchedulerSuspended                     0x10000650   Data           4  tasks.o(.data)
    pxDelayedTaskList                        0x10000654   Data           4  tasks.o(.data)
    pxOverflowDelayedTaskList                0x10000658   Data           4  tasks.o(.data)
    .bss                                     0x1000065c   Section    16964  main.o(.bss)
    .bss                                     0x100048a0   Section      200  tasks.o(.bss)
    pxReadyTasksLists                        0x100048a0   Data         100  tasks.o(.bss)
    xDelayedTaskList1                        0x10004904   Data          20  tasks.o(.bss)
    xDelayedTaskList2                        0x10004918   Data          20  tasks.o(.bss)
    xPendingReadyList                        0x1000492c   Data          20  tasks.o(.bss)
    xTasksWaitingTermination                 0x10004940   Data          20  tasks.o(.bss)
    xSuspendedTaskList                       0x10004954   Data          20  tasks.o(.bss)
    STACK                                    0x10004968   Section     1024  startup_va108xx.o(STACK)
    .ARM.__at_0x10007000                     0x10007000   Section      168  segger_rtt.o(.ARM.__at_0x10007000)

    Global Symbols

    Symbol Name                              Value     Ov Type        Size  Object(Section)

    BuildAttributes$$THM_ISAv3M$S$PE$A:L22$X:L11$S22$IEEE1$IW$USESV6$~STKCKD$USESV7$~SHL$OTIME$ROPI$EBA8$MICROLIB$REQ8$PRES8$EABIv2 0x00000000   Number         0  anon$$obj.o ABSOLUTE
    __ARM_use_no_argv                        0x00000000   Number         0  main.o ABSOLUTE
    __Vectors                                0x00000000   Data           4  startup_va108xx.o(RESET)
    __use_no_errno                           0x00000000   Number         0  useno.o ABSOLUTE
    __use_no_exception_handling              0x00000000   Number         0  useno.o ABSOLUTE
    __use_no_fp                              0x00000000   Number         0  useno.o ABSOLUTE
    __use_no_heap                            0x00000000   Number         0  useno.o ABSOLUTE
    __use_no_heap_region                     0x00000000   Number         0  useno.o ABSOLUTE
    __use_no_semihosting                     0x00000000   Number         0  useno.o ABSOLUTE
    __use_no_semihosting_swi                 0x00000000   Number         0  useno.o ABSOLUTE
    __use_no_signal_handling                 0x00000000   Number         0  useno.o ABSOLUTE
    _printf_a                                0x00000000   Number         0  stubs.o ABSOLUTE
    _printf_c                                0x00000000   Number         0  stubs.o ABSOLUTE
    _printf_charcount                        0x00000000   Number         0  stubs.o ABSOLUTE
    _printf_d                                0x00000000   Number         0  stubs.o ABSOLUTE
    _printf_e                                0x00000000   Number         0  stubs.o ABSOLUTE
    _printf_f                                0x00000000   Number         0  stubs.o ABSOLUTE
    _printf_flags                            0x00000000   Number         0  stubs.o ABSOLUTE
    _printf_fp_dec                           0x00000000   Number         0  stubs.o ABSOLUTE
    _printf_fp_hex                           0x00000000   Number         0  stubs.o ABSOLUTE
    _printf_g                                0x00000000   Number         0  stubs.o ABSOLUTE
    _printf_i                                0x00000000   Number         0  stubs.o ABSOLUTE
    _printf_int_dec                          0x00000000   Number         0  stubs.o ABSOLUTE
    _printf_l                                0x00000000   Number         0  stubs.o ABSOLUTE
    _printf_lc                               0x00000000   Number         0  stubs.o ABSOLUTE
    _printf_ll                               0x00000000   Number         0  stubs.o ABSOLUTE
    _printf_lld                              0x00000000   Number         0  stubs.o ABSOLUTE
    _printf_lli                              0x00000000   Number         0  stubs.o ABSOLUTE
    _printf_llo                              0x00000000   Number         0  stubs.o ABSOLUTE
    _printf_llu                              0x00000000   Number         0  stubs.o ABSOLUTE
    _printf_llx                              0x00000000   Number         0  stubs.o ABSOLUTE
    _printf_longlong_dec                     0x00000000   Number         0  stubs.o ABSOLUTE
    _printf_longlong_hex                     0x00000000   Number         0  stubs.o ABSOLUTE
    _printf_longlong_oct                     0x00000000   Number         0  stubs.o ABSOLUTE
    _printf_ls                               0x00000000   Number         0  stubs.o ABSOLUTE
    _printf_mbtowc                           0x00000000   Number         0  stubs.o ABSOLUTE
    _printf_n                                0x00000000   Number         0  stubs.o ABSOLUTE
    _printf_o                                0x00000000   Number         0  stubs.o ABSOLUTE
    _printf_p                                0x00000000   Number         0  stubs.o ABSOLUTE
    _printf_percent                          0x00000000   Number         0  stubs.o ABSOLUTE
    _printf_pre_padding                      0x00000000   Number         0  stubs.o ABSOLUTE
    _printf_return_value                     0x00000000   Number         0  stubs.o ABSOLUTE
    _printf_s                                0x00000000   Number         0  stubs.o ABSOLUTE
    _printf_sizespec                         0x00000000   Number         0  stubs.o ABSOLUTE
    _printf_str                              0x00000000   Number         0  stubs.o ABSOLUTE
    _printf_truncate_signed                  0x00000000   Number         0  stubs.o ABSOLUTE
    _printf_truncate_unsigned                0x00000000   Number         0  stubs.o ABSOLUTE
    _printf_u                                0x00000000   Number         0  stubs.o ABSOLUTE
    _printf_wc                               0x00000000   Number         0  stubs.o ABSOLUTE
    _printf_wctomb                           0x00000000   Number         0  stubs.o ABSOLUTE
    _printf_widthprec                        0x00000000   Number         0  stubs.o ABSOLUTE
    _printf_x                                0x00000000   Number         0  stubs.o ABSOLUTE
    __cpp_initialize__aeabi_                  - Undefined Weak Reference
    __cxa_finalize                            - Undefined Weak Reference
    _clock_init                               - Undefined Weak Reference
    _microlib_exit                            - Undefined Weak Reference
    _scanf_longlong                           - Undefined Weak Reference
    _scanf_real                               - Undefined Weak Reference
    __Vectors_End                            0x000000c0   Data           0  startup_va108xx.o(RESET)
    __Vectors_Size                           0x000000c0   Number         0  startup_va108xx.o ABSOLUTE
    __main                                   0x000000c1   Thumb Code     0  entry.o(.ARM.Collect$$$$00000000)
    _main_stk                                0x000000c1   Thumb Code     0  entry2.o(.ARM.Collect$$$$00000001)
    _main_scatterload                        0x000000c5   Thumb Code     0  entry5.o(.ARM.Collect$$$$00000004)
    __main_after_scatterload                 0x000000c9   Thumb Code     0  entry5.o(.ARM.Collect$$$$00000004)
    _main_clock                              0x000000c9   Thumb Code     0  entry7b.o(.ARM.Collect$$$$00000008)
    _main_cpp_init                           0x000000c9   Thumb Code     0  entry8b.o(.ARM.Collect$$$$0000000A)
    _main_init                               0x000000c9   Thumb Code     0  entry9a.o(.ARM.Collect$$$$0000000B)
    __rt_final_cpp                           0x000000d1   Thumb Code     0  entry10a.o(.ARM.Collect$$$$0000000D)
    __rt_final_exit                          0x000000d1   Thumb Code     0  entry11a.o(.ARM.Collect$$$$0000000F)
    __asm___6_port_c_39a90d8d__prvPortStartFirstTask 0x000000d5   Thumb Code    36  port.o(.emb_text)
    ulSetInterruptMaskFromISR                0x000000fd   Thumb Code     8  port.o(.emb_text)
    vClearInterruptMaskFromISR               0x00000105   Thumb Code     6  port.o(.emb_text)
    PendSV_Handler                           0x0000010b   Thumb Code    62  port.o(.emb_text)
    Reset_Handler                            0x0000014d   Thumb Code     8  startup_va108xx.o(.text)
    NMI_Handler                              0x00000155   Thumb Code     2  startup_va108xx.o(.text)
    HardFault_Handler                        0x00000157   Thumb Code     2  startup_va108xx.o(.text)
    MemManage_Handler                        0x00000159   Thumb Code     2  startup_va108xx.o(.text)
    BusFault_Handler                         0x0000015b   Thumb Code     2  startup_va108xx.o(.text)
    UsageFault_Handler                       0x0000015d   Thumb Code     2  startup_va108xx.o(.text)
    SVC_Handler                              0x0000015f   Thumb Code     2  startup_va108xx.o(.text)
    DebugMon_Handler                         0x00000161   Thumb Code     2  startup_va108xx.o(.text)
    OC13_IRQHandler                          0x00000167   Thumb Code     0  startup_va108xx.o(.text)
    OC14_IRQHandler                          0x00000167   Thumb Code     0  startup_va108xx.o(.text)
    OC15_IRQHandler                          0x00000167   Thumb Code     0  startup_va108xx.o(.text)
    OC16_IRQHandler                          0x00000167   Thumb Code     0  startup_va108xx.o(.text)
    OC17_IRQHandler                          0x00000167   Thumb Code     0  startup_va108xx.o(.text)
    OC18_IRQHandler                          0x00000167   Thumb Code     0  startup_va108xx.o(.text)
    OC19_IRQHandler                          0x00000167   Thumb Code     0  startup_va108xx.o(.text)
    OC20_IRQHandler                          0x00000167   Thumb Code     0  startup_va108xx.o(.text)
    OC21_IRQHandler                          0x00000167   Thumb Code     0  startup_va108xx.o(.text)
    OC22_IRQHandler                          0x00000167   Thumb Code     0  startup_va108xx.o(.text)
    OC23_IRQHandler                          0x00000167   Thumb Code     0  startup_va108xx.o(.text)
    OC24_IRQHandler                          0x00000167   Thumb Code     0  startup_va108xx.o(.text)
    OC25_IRQHandler                          0x00000167   Thumb Code     0  startup_va108xx.o(.text)
    OC26_IRQHandler                          0x00000167   Thumb Code     0  startup_va108xx.o(.text)
    OC28_IRQHandler                          0x00000167   Thumb Code     0  startup_va108xx.o(.text)
    OC29_IRQHandler                          0x00000167   Thumb Code     0  startup_va108xx.o(.text)
    OC2_IRQHandler                           0x00000167   Thumb Code     0  startup_va108xx.o(.text)
    VOR_GPIO_IRQHandler                      0x00000167   Thumb Code     0  startup_va108xx.o(.text)
    __aeabi_uidiv                            0x00000171   Thumb Code     0  uidiv.o(.text)
    __aeabi_uidivmod                         0x00000171   Thumb Code    44  uidiv.o(.text)
    __aeabi_uldivmod                         0x0000019d   Thumb Code    96  uldiv.o(.text)
    __aeabi_memcpy                           0x000001fd   Thumb Code    36  memcpya.o(.text)
    __aeabi_memcpy4                          0x000001fd   Thumb Code     0  memcpya.o(.text)
    __aeabi_memcpy8                          0x000001fd   Thumb Code     0  memcpya.o(.text)
    strcmp                                   0x00000221   Thumb Code    28  strcmp.o(.text)
    __0sscanf                                0x0000023d   Thumb Code    50  __0sscanf.o(.text)
    _scanf_int                               0x00000279   Thumb Code   330  _scanf_int.o(.text)
    _scanf_string                            0x000003c3   Thumb Code   232  _scanf_str.o(.text)
    __aeabi_fmul                             0x000004ab   Thumb Code   122  fmul.o(.text)
    __aeabi_ui2f                             0x00000525   Thumb Code    14  ffltui.o(.text)
    __aeabi_f2uiz                            0x00000533   Thumb Code    40  ffixui.o(.text)
    __aeabi_llsl                             0x0000055b   Thumb Code    32  llshl.o(.text)
    _ll_shift_l                              0x0000055b   Thumb Code     0  llshl.o(.text)
    __aeabi_llsr                             0x0000057b   Thumb Code    34  llushr.o(.text)
    _ll_ushift_r                             0x0000057b   Thumb Code     0  llushr.o(.text)
    _chval                                   0x0000059d   Thumb Code    30  _chval.o(.text)
    __vfscanf_char                           0x000005c9   Thumb Code    24  scanf_char.o(.text)
    _sgetc                                   0x000005e9   Thumb Code    32  _sgetc.o(.text)
    _sbackspace                              0x00000609   Thumb Code    36  _sgetc.o(.text)
    __I$use$fp                               0x0000062d   Thumb Code     0  iusefp.o(.text)
    _float_round                             0x0000062d   Thumb Code    16  fepilogue.o(.text)
    _float_epilogue                          0x0000063d   Thumb Code   114  fepilogue.o(.text)
    __scatterload                            0x000006b1   Thumb Code    28  init.o(.text)
    __scatterload_rt2                        0x000006b1   Thumb Code     0  init.o(.text)
    isspace                                  0x000006d5   Thumb Code    14  isspace_c.o(.text)
    __vfscanf                                0x000006e5   Thumb Code   812  _scanf.o(.text)
    __ctype_lookup                           0x00000a1d   Thumb Code    32  ctype_c.o(.text)
    __decompress                             0x00000a41   Thumb Code     0  __dczerorl2.o(.text)
    __decompress1                            0x00000a41   Thumb Code    86  __dczerorl2.o(.text)
    OC0_IRQHandler                           0x00000b5d   Thumb Code    26  timer.o(i.OC0_IRQHandler)
    OC27_IRQHandler                          0x00000b7d   Thumb Code    66  main.o(i.OC27_IRQHandler)
    OC30_IRQHandler                          0x00000bc9   Thumb Code   350  main.o(i.OC30_IRQHandler)
    OC31_IRQHandler                          0x00000d4d   Thumb Code    12  main.o(i.OC31_IRQHandler)
    OC31_func1                               0x00000d61   Thumb Code   110  main.o(i.OC31_func1)
    OC31_func2                               0x00000de9   Thumb Code   100  main.o(i.OC31_func2)
    OC31_func3                               0x00000e5d   Thumb Code   178  main.o(i.OC31_func3)
    SysTick_Handler                          0x00000f2d   Thumb Code    32  port.o(i.SysTick_Handler)
    SystemInit                               0x00000f51   Thumb Code     8  system_va108xx.o(i.SystemInit)
    VOR_Disable_Irq                          0x00000f61   Thumb Code   130  irq_va108xx.o(i.VOR_Disable_Irq)
    VOR_Enable_Irq                           0x00000fe5   Thumb Code   278  irq_va108xx.o(i.VOR_Enable_Irq)
    VOR_GPIO_PinMux                          0x00001105   Thumb Code    32  driver.common.o(i.VOR_GPIO_PinMux)
    VOR_Get_ClockFreq                        0x00001129   Thumb Code     6  driver.common.o(i.VOR_Get_ClockFreq)
    VOR_Get_SysTime                          0x00001135   Thumb Code     2  driver.common.o(i.VOR_Get_SysTime)
    VOR_I2C0_MS_IRQHandler                   0x00001179   Thumb Code    10  i2c_drv_api.o(i.VOR_I2C0_MS_IRQHandler)
    VOR_I2C0_SL_IRQHandler                   0x000011a9   Thumb Code    10  i2c_drv_api.o(i.VOR_I2C0_SL_IRQHandler)
    VOR_I2C1_MS_IRQHandler                   0x00001229   Thumb Code    10  i2c_drv_api.o(i.VOR_I2C1_MS_IRQHandler)
    VOR_I2C1_SL_IRQHandler                   0x00001259   Thumb Code    10  i2c_drv_api.o(i.VOR_I2C1_SL_IRQHandler)
    VOR_I2C_Control                          0x00001299   Thumb Code   226  i2c_va108xx.o(i.VOR_I2C_Control)
    VOR_I2C_GetDataCount                     0x00001385   Thumb Code    14  i2c_va108xx.o(i.VOR_I2C_GetDataCount)
    VOR_I2C_GetStatus                        0x00001395   Thumb Code   274  i2c_va108xx.o(i.VOR_I2C_GetStatus)
    VOR_I2C_Initialize                       0x000014c1   Thumb Code    54  i2c_va108xx.o(i.VOR_I2C_Initialize)
    VOR_I2C_MasterHandler                    0x000014fd   Thumb Code   370  i2c_va108xx.o(i.VOR_I2C_MasterHandler)
    VOR_I2C_MasterReceive                    0x00001671   Thumb Code   274  i2c_va108xx.o(i.VOR_I2C_MasterReceive)
    VOR_I2C_MasterTransmit                   0x00001789   Thumb Code   356  i2c_va108xx.o(i.VOR_I2C_MasterTransmit)
    VOR_I2C_SlaveHandler                     0x00001a75   Thumb Code   396  i2c_va108xx.o(i.VOR_I2C_SlaveHandler)
    VOR_I2C_SlaveReceive                     0x00001c05   Thumb Code   258  i2c_va108xx.o(i.VOR_I2C_SlaveReceive)
    VOR_I2C_SlaveTransmit                    0x00001d11   Thumb Code   382  i2c_va108xx.o(i.VOR_I2C_SlaveTransmit)
    VOR_I2C_Uninitialize                     0x00001ef9   Thumb Code    28  i2c_va108xx.o(i.VOR_I2C_Uninitialize)
    VOR_I2C_abort_transfer                   0x00001f19   Thumb Code    74  i2c_va108xx.o(i.VOR_I2C_abort_transfer)
    VOR_I2Cx_GetVersion                      0x00001f65   Thumb Code    18  i2c_va108xx.o(i.VOR_I2Cx_GetVersion)
    VOR_SPI0_IRQHandler                      0x00001fbd   Thumb Code    10  spi_drv_api.o(i.VOR_SPI0_IRQHandler)
    VOR_SPI1_IRQHandler                      0x0000205d   Thumb Code    10  spi_drv_api.o(i.VOR_SPI1_IRQHandler)
    VOR_SPI2_IRQHandler                      0x000020fd   Thumb Code    10  spi_drv_api.o(i.VOR_SPI2_IRQHandler)
    VOR_SPI_CTRL_ENABLE_BLOCKMODE_OPR        0x0000215d   Thumb Code    36  spi_va108xx.o(i.VOR_SPI_CTRL_ENABLE_BLOCKMODE_OPR)
    VOR_SPI_CTRL_SLAVE_OP_DISABLEMODE        0x00002181   Thumb Code    36  spi_va108xx.o(i.VOR_SPI_CTRL_SLAVE_OP_DISABLEMODE)
    VOR_SPI_Control                          0x000021a5   Thumb Code   174  spi_va108xx.o(i.VOR_SPI_Control)
    VOR_SPI_ENABLE_INTERFACE                 0x00002253   Thumb Code    36  spi_va108xx.o(i.VOR_SPI_ENABLE_INTERFACE)
    VOR_SPI_GetRxCount                       0x00002277   Thumb Code     4  spi_va108xx.o(i.VOR_SPI_GetRxCount)
    VOR_SPI_GetStatus                        0x0000227b   Thumb Code   154  spi_va108xx.o(i.VOR_SPI_GetStatus)
    VOR_SPI_GetTxCount                       0x00002315   Thumb Code     4  spi_va108xx.o(i.VOR_SPI_GetTxCount)
    VOR_SPI_Initialize                       0x00002319   Thumb Code    56  spi_va108xx.o(i.VOR_SPI_Initialize)
    VOR_SPI_IrqHandler                       0x00002355   Thumb Code   280  spi_va108xx.o(i.VOR_SPI_IrqHandler)
    VOR_SPI_Receive                          0x0000246d   Thumb Code   216  spi_va108xx.o(i.VOR_SPI_Receive)
    VOR_SPI_SET_CTRL_SIZE_OPR                0x00002545   Thumb Code    34  spi_va108xx.o(i.VOR_SPI_SET_CTRL_SIZE_OPR)
    VOR_SPI_SET_Clock_Mode                   0x00002567   Thumb Code    42  spi_va108xx.o(i.VOR_SPI_SET_Clock_Mode)
    VOR_SPI_SET_Clock_Rate                   0x00002591   Thumb Code    82  spi_va108xx.o(i.VOR_SPI_SET_Clock_Rate)
    VOR_SPI_SET_LOOPBACKMODE                 0x000025e3   Thumb Code    38  spi_va108xx.o(i.VOR_SPI_SET_LOOPBACKMODE)
    VOR_SPI_SET_RX_FIFOTRG                   0x00002609   Thumb Code    22  spi_va108xx.o(i.VOR_SPI_SET_RX_FIFOTRG)
    VOR_SPI_SET_SLAVEMODE                    0x0000261f   Thumb Code    40  spi_va108xx.o(i.VOR_SPI_SET_SLAVEMODE)
    VOR_SPI_SET_TX_FIFOTRG                   0x00002647   Thumb Code    22  spi_va108xx.o(i.VOR_SPI_SET_TX_FIFOTRG)
    VOR_SPI_SLAVE_SELECT_OPR                 0x0000265d   Thumb Code    30  spi_va108xx.o(i.VOR_SPI_SLAVE_SELECT_OPR)
    VOR_SPI_Send                             0x0000267d   Thumb Code   152  spi_va108xx.o(i.VOR_SPI_Send)
    VOR_SPI_Transfer                         0x00002719   Thumb Code   280  spi_va108xx.o(i.VOR_SPI_Transfer)
    VOR_SPI_Uninitialize                     0x00002831   Thumb Code    40  spi_va108xx.o(i.VOR_SPI_Uninitialize)
    VOR_SPI_abort_transfer                   0x0000285d   Thumb Code    34  spi_va108xx.o(i.VOR_SPI_abort_transfer)
    VOR_SPIx_GetVersion                      0x00002881   Thumb Code    18  spi_va108xx.o(i.VOR_SPIx_GetVersion)
    VOR_Sleep                                0x00002899   Thumb Code    30  driver.common.o(i.VOR_Sleep)
    VOR_TIM1_IRQHandler                      0x000028c1   Thumb Code    26  timer.o(i.VOR_TIM1_IRQHandler)
    VOR_UART0_IRQHandler                     0x000028e1   Thumb Code    54  main.o(i.VOR_UART0_IRQHandler)
    VOR_UART1_IRQHandler                     0x00002925   Thumb Code    54  main.o(i.VOR_UART1_IRQHandler)
    __0sprintf$8                             0x00002969   Thumb Code    36  printf8.o(i.__0sprintf$8)
    __1sprintf$8                             0x00002969   Thumb Code     0  printf8.o(i.__0sprintf$8)
    __2sprintf                               0x00002969   Thumb Code     0  printf8.o(i.__0sprintf$8)
    __ARM_common_ll_muluu                    0x00002991   Thumb Code    48  main.o(i.__ARM_common_ll_muluu)
    __ARM_common_switch8                     0x000029c1   Thumb Code    26  irq_va108xx.o(i.__ARM_common_switch8)
    __scatterload_copy                       0x000029db   Thumb Code    14  handlers.o(i.__scatterload_copy)
    __scatterload_null                       0x000029e9   Thumb Code     2  handlers.o(i.__scatterload_null)
    __scatterload_zeroinit                   0x000029eb   Thumb Code    14  handlers.o(i.__scatterload_zeroinit)
    configPins                               0x00002e79   Thumb Code   334  main.o(i.configPins)
    configSPI                                0x00002fe9   Thumb Code    36  main.o(i.configSPI)
    configSPI1Pins_ADC0                      0x00003019   Thumb Code    44  main.o(i.configSPI1Pins_ADC0)
    configSPI1Pins_ADC2                      0x00003045   Thumb Code    44  main.o(i.configSPI1Pins_ADC2)
    configTimers                             0x00003071   Thumb Code   128  main.o(i.configTimers)
    configUART                               0x00003109   Thumb Code    52  main.o(i.configUART)
    getBufRequirements                       0x0000314d   Thumb Code    46  main.o(i.getBufRequirements)
    getRTDSum                                0x00003181   Thumb Code    36  main.o(i.getRTDSum)
    getTempK10_from_adcCodeSum               0x000031a9   Thumb Code   134  main.o(i.getTempK10_from_adcCodeSum)
    getVolt100                               0x00003281   Thumb Code    38  main.o(i.getVolt100)
    main                                     0x000032ad   Thumb Code   758  main.o(i.main)
    parseCommand                             0x0000382d   Thumb Code   290  main.o(i.parseCommand)
    printADC01Buf                            0x000039d1   Thumb Code   454  main.o(i.printADC01Buf)
    printData                                0x00003ba5   Thumb Code   270  main.o(i.printData)
    printMuxBuf                              0x00003ce9   Thumb Code   546  main.o(i.printMuxBuf)
    printUARTTx                              0x00003f1d   Thumb Code    22  main.o(i.printUARTTx)
    printVersion                             0x00003f39   Thumb Code   240  main.o(i.printVersion)
    reportErrors                             0x0000412d   Thumb Code    30  main.o(i.reportErrors)
    setupADC                                 0x00004189   Thumb Code   578  main.o(i.setupADC)
    startContinuous                          0x00004401   Thumb Code    98  main.o(i.startContinuous)
    startSecondTimer                         0x00004489   Thumb Code    52  main.o(i.startSecondTimer)
    uartRxChar                               0x000044cd   Thumb Code   136  main.o(i.uartRxChar)
    uxListRemove                             0x00004561   Thumb Code    36  list.o(i.uxListRemove)
    vApplicationStackOverflowHook            0x00004585   Thumb Code     4  main.o(i.vApplicationStackOverflowHook)
    vApplicationTickHook                     0x00004589   Thumb Code     2  main.o(i.vApplicationTickHook)
    vListInsertEnd                           0x0000458b   Thumb Code    24  list.o(i.vListInsertEnd)
    vTaskSwitchContext                       0x000045a5   Thumb Code   118  tasks.o(i.vTaskSwitchContext)
    xTaskIncrementTick                       0x00004629   Thumb Code   192  tasks.o(i.xTaskIncrementTick)
    nibbleToAscii                            0x000046f8   Data          16  main.o(.constdata)
    __ctype_categories                       0x00004708   Data          64  ctype_c.o(.constdata)
    Region$$Table$$Base                      0x00004748   Number         0  anon$$obj.o(Region$$Table)
    Region$$Table$$Limit                     0x00004768   Number         0  anon$$obj.o(Region$$Table)
    SystemCoreClock                          0x10000000   Data           4  system_va108xx.o(.data)
    Driver_I2C0                              0x10000004   Data          40  i2c_drv_api.o(.data)
    Driver_I2C1                              0x1000002c   Data          40  i2c_drv_api.o(.data)
    I2C0_Resources                           0x10000054   Data         232  i2c_va108xx.o(.data)
    I2C1_Resources                           0x1000013c   Data         232  i2c_va108xx.o(.data)
    Driver_SPI0                              0x10000224   Data          40  spi_drv_api.o(.data)
    Driver_SPI1                              0x1000024c   Data          40  spi_drv_api.o(.data)
    Driver_SPI2                              0x10000274   Data          40  spi_drv_api.o(.data)
    SPI0_Resources                           0x1000029c   Data         220  spi_va108xx.o(.data)
    SPI1_Resources                           0x10000378   Data         220  spi_va108xx.o(.data)
    SPI2_Resources                           0x10000454   Data         220  spi_va108xx.o(.data)
    runModeEnum                              0x10000530   Data           1  main.o(.data)
    runStatusEnum                            0x10000531   Data           1  main.o(.data)
    uartRxStatus                             0x10000532   Data           1  main.o(.data)
    petromarCmd                              0x10000533   Data           1  main.o(.data)
    contSeqID                                0x10000534   Data           1  main.o(.data)
    secondCount                              0x10000538   Data           4  main.o(.data)
    rxCommandASCII_index                     0x1000053c   Data           4  main.o(.data)
    uartRxBufHead                            0x10000540   Data           4  main.o(.data)
    uartRxBufTail                            0x10000544   Data           4  main.o(.data)
    uartRxBufEnd                             0x10000548   Data           4  main.o(.data)
    flag_error_CmdTooLong                    0x1000054c   Data           4  main.o(.data)
    flag_error_UARTRxBufOverrun              0x10000550   Data           4  main.o(.data)
    flag_error_UARTTxBufTooSlow              0x10000554   Data           4  main.o(.data)
    flag_error_CmdNotStarted                 0x10000558   Data           4  main.o(.data)
    stringReady                              0x1000055c   Data           4  main.o(.data)
    lastTempK10                              0x10000560   Data           4  main.o(.data)
    timeStamp                                0x10000564   Data           4  main.o(.data)
    expPeriod                                0x10000568   Data           4  main.o(.data)
    expPeriodCounter                         0x1000056c   Data           4  main.o(.data)
    adc01Mode_sampPeriod_100ns               0x10000570   Data           4  main.o(.data)
    adc01Mode_sampPeriod_clks                0x10000574   Data           4  main.o(.data)
    adc01Mode_sampSize                       0x10000578   Data           4  main.o(.data)
    adc01Mode_sampDownCounter                0x1000057c   Data           4  main.o(.data)
    muxMode_sampPeriod_100ns                 0x10000580   Data           4  main.o(.data)
    muxMode_sampPeriod_clks                  0x10000584   Data           4  main.o(.data)
    muxMode_sampSize                         0x10000588   Data           4  main.o(.data)
    contMode_sampPeriod_100ns                0x1000058c   Data           4  main.o(.data)
    contMode_sampPeriod_clks                 0x10000590   Data           4  main.o(.data)
    spiCount                                 0x10000594   Data           4  main.o(.data)
    adcAllMask                               0x10000598   Data           4  main.o(.data)
    muxModeStat_chDoneCount                  0x1000059c   Data           4  main.o(.data)
    muxModeStat_sampCounter                  0x100005a0   Data           4  main.o(.data)
    muxModeStat_chCount                      0x100005a4   Data           4  main.o(.data)
    muxModeStat_sampDownCounter              0x100005a8   Data           4  main.o(.data)
    flag_dataAvail                           0x100005ac   Data           4  main.o(.data)
    OC31_funcPtr                             0x100005b0   Data           4  main.o(.data)
    bufADC0Ptr                               0x100005b4   Data           4  main.o(.data)
    bufADC1Ptr                               0x100005b8   Data           4  main.o(.data)
    bufADC0PtrStart                          0x100005bc   Data           4  main.o(.data)
    bufADC1PtrStart                          0x100005c0   Data           4  main.o(.data)
    bufMux                                   0x100005c4   Data           4  main.o(.data)
    bufMuxPtr                                0x100005c8   Data           4  main.o(.data)
    nextMuxChPins                            0x100005cc   Data           4  main.o(.data)
    burstStrPtr                              0x100005d0   Data           4  main.o(.data)
    burstHeader                              0x100005d4   Data           8  main.o(.data)
    contString                               0x100005dc   Data          64  main.o(.data)
    pxCurrentTCB                             0x10000620   Data           4  tasks.o(.data)
    burstString                              0x1000065c   Data          64  main.o(.bss)
    strBuf                                   0x1000069c   Data         128  main.o(.bss)
    adcBuf                                   0x1000071c   Data       16392  main.o(.bss)
    rxCommandASCII                           0x10004724   Data          64  main.o(.bss)
    uartRxBuf                                0x10004764   Data         256  main.o(.bss)
    paramList                                0x10004864   Data          20  main.o(.bss)
    muxModeStat_muxChList                    0x10004878   Data          40  main.o(.bss)
    __initial_sp                             0x10004d68   Data           0  startup_va108xx.o(STACK)
    _SEGGER_RTT                              0x10007000   Data         168  segger_rtt.o(.ARM.__at_0x10007000)



==============================================================================

Memory Map of the image

  Image Entry point : 0x0000014d

  Load Region LR_1 (Base: 0x00000000, Size: 0x00004dc4, Max: 0xffffffff, ABSOLUTE, COMPRESSED[0x0000485c])

    Execution Region ER_RO (Base: 0x00000000, Size: 0x00004768, Max: 0xffffffff, ABSOLUTE)

    Base Addr    Size         Type   Attr      Idx    E Section Name        Object

    0x00000000   0x000000c0   Data   RO          110    RESET               startup_va108xx.o
    0x000000c0   0x00000000   Code   RO         2390  * .ARM.Collect$$$$00000000  mc_p.l(entry.o)
    0x000000c0   0x00000004   Code   RO         2689    .ARM.Collect$$$$00000001  mc_p.l(entry2.o)
    0x000000c4   0x00000004   Code   RO         2692    .ARM.Collect$$$$00000004  mc_p.l(entry5.o)
    0x000000c8   0x00000000   Code   RO         2694    .ARM.Collect$$$$00000008  mc_p.l(entry7b.o)
    0x000000c8   0x00000000   Code   RO         2696    .ARM.Collect$$$$0000000A  mc_p.l(entry8b.o)
    0x000000c8   0x00000008   Code   RO         2697    .ARM.Collect$$$$0000000B  mc_p.l(entry9a.o)
    0x000000d0   0x00000000   Code   RO         2699    .ARM.Collect$$$$0000000D  mc_p.l(entry10a.o)
    0x000000d0   0x00000000   Code   RO         2701    .ARM.Collect$$$$0000000F  mc_p.l(entry11a.o)
    0x000000d0   0x00000004   Code   RO         2690    .ARM.Collect$$$$00002712  mc_p.l(entry2.o)
    0x000000d4   0x00000078   Code   RO         2185    .emb_text           port.o
    0x0000014c   0x00000024   Code   RO          111  * .text               startup_va108xx.o
    0x00000170   0x0000002c   Code   RO         2398    .text               mc_p.l(uidiv.o)
    0x0000019c   0x00000060   Code   RO         2402    .text               mc_p.l(uldiv.o)
    0x000001fc   0x00000024   Code   RO         2404    .text               mc_p.l(memcpya.o)
    0x00000220   0x0000001c   Code   RO         2410    .text               mc_p.l(strcmp.o)
    0x0000023c   0x0000003c   Code   RO         2677    .text               mc_p.l(__0sscanf.o)
    0x00000278   0x0000014a   Code   RO         2679    .text               mc_p.l(_scanf_int.o)
    0x000003c2   0x000000e8   Code   RO         2681    .text               mc_p.l(_scanf_str.o)
    0x000004aa   0x0000007a   Code   RO         2683    .text               mf_p.l(fmul.o)
    0x00000524   0x0000000e   Code   RO         2685    .text               mf_p.l(ffltui.o)
    0x00000532   0x00000028   Code   RO         2687    .text               mf_p.l(ffixui.o)
    0x0000055a   0x00000020   Code   RO         2704    .text               mc_p.l(llshl.o)
    0x0000057a   0x00000022   Code   RO         2706    .text               mc_p.l(llushr.o)
    0x0000059c   0x0000001e   Code   RO         2708    .text               mc_p.l(_chval.o)
    0x000005ba   0x00000002   PAD
    0x000005bc   0x0000002c   Code   RO         2710    .text               mc_p.l(scanf_char.o)
    0x000005e8   0x00000044   Code   RO         2712    .text               mc_p.l(_sgetc.o)
    0x0000062c   0x00000000   Code   RO         2714    .text               mc_p.l(iusefp.o)
    0x0000062c   0x00000082   Code   RO         2716    .text               mf_p.l(fepilogue.o)
    0x000006ae   0x00000002   PAD
    0x000006b0   0x00000024   Code   RO         2728    .text               mc_p.l(init.o)
    0x000006d4   0x0000000e   Code   RO         2732    .text               mc_p.l(isspace_c.o)
    0x000006e2   0x00000002   PAD
    0x000006e4   0x00000338   Code   RO         2734    .text               mc_p.l(_scanf.o)
    0x00000a1c   0x00000024   Code   RO         2740    .text               mc_p.l(ctype_c.o)
    0x00000a40   0x00000056   Code   RO         2751    .text               mc_p.l(__dczerorl2.o)
    0x00000a96   0x00000002   PAD
    0x00000a98   0x00000014   Code   RO           58    i.NVIC_DisableIRQ   irq_va108xx.o
    0x00000aac   0x00000014   Code   RO           59    i.NVIC_EnableIRQ    irq_va108xx.o
    0x00000ac0   0x00000014   Code   RO          885    i.NVIC_EnableIRQ    main.o
    0x00000ad4   0x00000044   Code   RO           60    i.NVIC_SetPriority  irq_va108xx.o
    0x00000b18   0x00000044   Code   RO          886    i.NVIC_SetPriority  main.o
    0x00000b5c   0x00000020   Code   RO         1204    i.OC0_IRQHandler    timer.o
    0x00000b7c   0x0000004c   Code   RO          887    i.OC27_IRQHandler   main.o
    0x00000bc8   0x00000184   Code   RO          888    i.OC30_IRQHandler   main.o
    0x00000d4c   0x00000014   Code   RO          889    i.OC31_IRQHandler   main.o
    0x00000d60   0x00000088   Code   RO          890    i.OC31_func1        main.o
    0x00000de8   0x00000074   Code   RO          891    i.OC31_func2        main.o
    0x00000e5c   0x000000d0   Code   RO          892    i.OC31_func3        main.o
    0x00000f2c   0x00000024   Code   RO         2186    i.SysTick_Handler   port.o
    0x00000f50   0x00000010   Code   RO          118    i.SystemInit        system_va108xx.o
    0x00000f60   0x00000082   Code   RO           61    i.VOR_Disable_Irq   irq_va108xx.o
    0x00000fe2   0x00000002   PAD
    0x00000fe4   0x00000120   Code   RO           62    i.VOR_Enable_Irq    irq_va108xx.o
    0x00001104   0x00000024   Code   RO          149    i.VOR_GPIO_PinMux   driver.common.o
    0x00001128   0x0000000c   Code   RO          150    i.VOR_Get_ClockFreq  driver.common.o
    0x00001134   0x00000002   Code   RO          151    i.VOR_Get_SysTime   driver.common.o
    0x00001136   0x00000002   PAD
    0x00001138   0x00000010   Code   RO          231    i.VOR_I2C0_Control  i2c_drv_api.o
    0x00001148   0x00000010   Code   RO          232    i.VOR_I2C0_GetDataCount  i2c_drv_api.o
    0x00001158   0x00000010   Code   RO          233    i.VOR_I2C0_GetStatus  i2c_drv_api.o
    0x00001168   0x00000010   Code   RO          234    i.VOR_I2C0_Initialize  i2c_drv_api.o
    0x00001178   0x00000010   Code   RO          235    i.VOR_I2C0_MS_IRQHandler  i2c_drv_api.o
    0x00001188   0x00000010   Code   RO          236    i.VOR_I2C0_MasterReceive  i2c_drv_api.o
    0x00001198   0x00000010   Code   RO          237    i.VOR_I2C0_MasterTransmit  i2c_drv_api.o
    0x000011a8   0x00000010   Code   RO          238    i.VOR_I2C0_SL_IRQHandler  i2c_drv_api.o
    0x000011b8   0x00000010   Code   RO          239    i.VOR_I2C0_SlaveReceive  i2c_drv_api.o
    0x000011c8   0x00000010   Code   RO          240    i.VOR_I2C0_SlaveTransmit  i2c_drv_api.o
    0x000011d8   0x00000010   Code   RO          241    i.VOR_I2C0_Uninitialize  i2c_drv_api.o
    0x000011e8   0x00000010   Code   RO          242    i.VOR_I2C1_Control  i2c_drv_api.o
    0x000011f8   0x00000010   Code   RO          243    i.VOR_I2C1_GetDataCount  i2c_drv_api.o
    0x00001208   0x00000010   Code   RO          244    i.VOR_I2C1_GetStatus  i2c_drv_api.o
    0x00001218   0x00000010   Code   RO          245    i.VOR_I2C1_Initialize  i2c_drv_api.o
    0x00001228   0x00000010   Code   RO          246    i.VOR_I2C1_MS_IRQHandler  i2c_drv_api.o
    0x00001238   0x00000010   Code   RO          247    i.VOR_I2C1_MasterReceive  i2c_drv_api.o
    0x00001248   0x00000010   Code   RO          248    i.VOR_I2C1_MasterTransmit  i2c_drv_api.o
    0x00001258   0x00000010   Code   RO          249    i.VOR_I2C1_SL_IRQHandler  i2c_drv_api.o
    0x00001268   0x00000010   Code   RO          250    i.VOR_I2C1_SlaveReceive  i2c_drv_api.o
    0x00001278   0x00000010   Code   RO          251    i.VOR_I2C1_SlaveTransmit  i2c_drv_api.o
    0x00001288   0x00000010   Code   RO          252    i.VOR_I2C1_Uninitialize  i2c_drv_api.o
    0x00001298   0x000000ec   Code   RO          370    i.VOR_I2C_Control   i2c_va108xx.o
    0x00001384   0x0000000e   Code   RO          371    i.VOR_I2C_GetDataCount  i2c_va108xx.o
    0x00001392   0x00000002   PAD
    0x00001394   0x0000012c   Code   RO          372    i.VOR_I2C_GetStatus  i2c_va108xx.o
    0x000014c0   0x0000003c   Code   RO          373    i.VOR_I2C_Initialize  i2c_va108xx.o
    0x000014fc   0x00000172   Code   RO          374    i.VOR_I2C_MasterHandler  i2c_va108xx.o
    0x0000166e   0x00000002   PAD
    0x00001670   0x00000118   Code   RO          375    i.VOR_I2C_MasterReceive  i2c_va108xx.o
    0x00001788   0x00000168   Code   RO          376    i.VOR_I2C_MasterTransmit  i2c_va108xx.o
    0x000018f0   0x00000182   Code   RO          377    i.VOR_I2C_Setup     i2c_va108xx.o
    0x00001a72   0x00000002   PAD
    0x00001a74   0x00000190   Code   RO          378    i.VOR_I2C_SlaveHandler  i2c_va108xx.o
    0x00001c04   0x0000010c   Code   RO          379    i.VOR_I2C_SlaveReceive  i2c_va108xx.o
    0x00001d10   0x00000188   Code   RO          380    i.VOR_I2C_SlaveTransmit  i2c_va108xx.o
    0x00001e98   0x0000005e   Code   RO          381    i.VOR_I2C_Stop      i2c_va108xx.o
    0x00001ef6   0x00000002   PAD
    0x00001ef8   0x00000020   Code   RO          382    i.VOR_I2C_Uninitialize  i2c_va108xx.o
    0x00001f18   0x0000004a   Code   RO          383    i.VOR_I2C_abort_transfer  i2c_va108xx.o
    0x00001f62   0x00000002   PAD
    0x00001f64   0x00000018   Code   RO          384    i.VOR_I2Cx_GetVersion  i2c_va108xx.o
    0x00001f7c   0x00000010   Code   RO          497    i.VOR_SPI0_Control  spi_drv_api.o
    0x00001f8c   0x00000010   Code   RO          498    i.VOR_SPI0_GetRxCount  spi_drv_api.o
    0x00001f9c   0x00000010   Code   RO          499    i.VOR_SPI0_GetStatus  spi_drv_api.o
    0x00001fac   0x00000010   Code   RO          500    i.VOR_SPI0_GetTxCount  spi_drv_api.o
    0x00001fbc   0x00000010   Code   RO          501    i.VOR_SPI0_IRQHandler  spi_drv_api.o
    0x00001fcc   0x00000010   Code   RO          502    i.VOR_SPI0_Initialize  spi_drv_api.o
    0x00001fdc   0x00000010   Code   RO          503    i.VOR_SPI0_Receive  spi_drv_api.o
    0x00001fec   0x00000010   Code   RO          504    i.VOR_SPI0_Send     spi_drv_api.o
    0x00001ffc   0x00000010   Code   RO          505    i.VOR_SPI0_Transfer  spi_drv_api.o
    0x0000200c   0x00000010   Code   RO          506    i.VOR_SPI0_Uninitialize  spi_drv_api.o
    0x0000201c   0x00000010   Code   RO          507    i.VOR_SPI1_Control  spi_drv_api.o
    0x0000202c   0x00000010   Code   RO          508    i.VOR_SPI1_GetRxCount  spi_drv_api.o
    0x0000203c   0x00000010   Code   RO          509    i.VOR_SPI1_GetStatus  spi_drv_api.o
    0x0000204c   0x00000010   Code   RO          510    i.VOR_SPI1_GetTxCount  spi_drv_api.o
    0x0000205c   0x00000010   Code   RO          511    i.VOR_SPI1_IRQHandler  spi_drv_api.o
    0x0000206c   0x00000010   Code   RO          512    i.VOR_SPI1_Initialize  spi_drv_api.o
    0x0000207c   0x00000010   Code   RO          513    i.VOR_SPI1_Receive  spi_drv_api.o
    0x0000208c   0x00000010   Code   RO          514    i.VOR_SPI1_Send     spi_drv_api.o
    0x0000209c   0x00000010   Code   RO          515    i.VOR_SPI1_Transfer  spi_drv_api.o
    0x000020ac   0x00000010   Code   RO          516    i.VOR_SPI1_Uninitialize  spi_drv_api.o
    0x000020bc   0x00000010   Code   RO          517    i.VOR_SPI2_Control  spi_drv_api.o
    0x000020cc   0x00000010   Code   RO          518    i.VOR_SPI2_GetRxCount  spi_drv_api.o
    0x000020dc   0x00000010   Code   RO          519    i.VOR_SPI2_GetStatus  spi_drv_api.o
    0x000020ec   0x00000010   Code   RO          520    i.VOR_SPI2_GetTxCount  spi_drv_api.o
    0x000020fc   0x00000010   Code   RO          521    i.VOR_SPI2_IRQHandler  spi_drv_api.o
    0x0000210c   0x00000010   Code   RO          522    i.VOR_SPI2_Initialize  spi_drv_api.o
    0x0000211c   0x00000010   Code   RO          523    i.VOR_SPI2_Receive  spi_drv_api.o
    0x0000212c   0x00000010   Code   RO          524    i.VOR_SPI2_Send     spi_drv_api.o
    0x0000213c   0x00000010   Code   RO          525    i.VOR_SPI2_Transfer  spi_drv_api.o
    0x0000214c   0x00000010   Code   RO          526    i.VOR_SPI2_Uninitialize  spi_drv_api.o
    0x0000215c   0x00000024   Code   RO          676    i.VOR_SPI_CTRL_ENABLE_BLOCKMODE_OPR  spi_va108xx.o
    0x00002180   0x00000024   Code   RO          677    i.VOR_SPI_CTRL_SLAVE_OP_DISABLEMODE  spi_va108xx.o
    0x000021a4   0x000000ae   Code   RO          678    i.VOR_SPI_Control   spi_va108xx.o
    0x00002252   0x00000024   Code   RO          680    i.VOR_SPI_ENABLE_INTERFACE  spi_va108xx.o
    0x00002276   0x00000004   Code   RO          681    i.VOR_SPI_GetRxCount  spi_va108xx.o
    0x0000227a   0x0000009a   Code   RO          682    i.VOR_SPI_GetStatus  spi_va108xx.o
    0x00002314   0x00000004   Code   RO          683    i.VOR_SPI_GetTxCount  spi_va108xx.o
    0x00002318   0x0000003c   Code   RO          684    i.VOR_SPI_Initialize  spi_va108xx.o
    0x00002354   0x00000118   Code   RO          685    i.VOR_SPI_IrqHandler  spi_va108xx.o
    0x0000246c   0x000000d8   Code   RO          687    i.VOR_SPI_Receive   spi_va108xx.o
    0x00002544   0x00000022   Code   RO          688    i.VOR_SPI_SET_CTRL_SIZE_OPR  spi_va108xx.o
    0x00002566   0x0000002a   Code   RO          689    i.VOR_SPI_SET_Clock_Mode  spi_va108xx.o
    0x00002590   0x00000052   Code   RO          690    i.VOR_SPI_SET_Clock_Rate  spi_va108xx.o
    0x000025e2   0x00000026   Code   RO          691    i.VOR_SPI_SET_LOOPBACKMODE  spi_va108xx.o
    0x00002608   0x00000016   Code   RO          692    i.VOR_SPI_SET_RX_FIFOTRG  spi_va108xx.o
    0x0000261e   0x00000028   Code   RO          693    i.VOR_SPI_SET_SLAVEMODE  spi_va108xx.o
    0x00002646   0x00000016   Code   RO          694    i.VOR_SPI_SET_TX_FIFOTRG  spi_va108xx.o
    0x0000265c   0x0000001e   Code   RO          695    i.VOR_SPI_SLAVE_SELECT_OPR  spi_va108xx.o
    0x0000267a   0x00000002   PAD
    0x0000267c   0x0000009c   Code   RO          696    i.VOR_SPI_Send      spi_va108xx.o
    0x00002718   0x00000118   Code   RO          697    i.VOR_SPI_Transfer  spi_va108xx.o
    0x00002830   0x0000002c   Code   RO          698    i.VOR_SPI_Uninitialize  spi_va108xx.o
    0x0000285c   0x00000022   Code   RO          699    i.VOR_SPI_abort_transfer  spi_va108xx.o
    0x0000287e   0x00000002   PAD
    0x00002880   0x00000018   Code   RO          700    i.VOR_SPIx_GetVersion  spi_va108xx.o
    0x00002898   0x00000028   Code   RO          152    i.VOR_Sleep         driver.common.o
    0x000028c0   0x00000020   Code   RO         1208    i.VOR_TIM1_IRQHandler  timer.o
    0x000028e0   0x00000044   Code   RO          893    i.VOR_UART0_IRQHandler  main.o
    0x00002924   0x00000044   Code   RO          894    i.VOR_UART1_IRQHandler  main.o
    0x00002968   0x00000028   Code   RO         2625    i.__0sprintf$8      mc_p.l(printf8.o)
    0x00002990   0x00000030   Code   RO         1150    i.__ARM_common_ll_muluu  main.o
    0x000029c0   0x0000001a   Code   RO           94    i.__ARM_common_switch8  irq_va108xx.o
    0x000029da   0x0000000e   Code   RO         2745    i.__scatterload_copy  mc_p.l(handlers.o)
    0x000029e8   0x00000002   Code   RO         2746    i.__scatterload_null  mc_p.l(handlers.o)
    0x000029ea   0x0000000e   Code   RO         2747    i.__scatterload_zeroinit  mc_p.l(handlers.o)
    0x000029f8   0x00000428   Code   RO         2630    i._printf_core      mc_p.l(printf8.o)
    0x00002e20   0x00000020   Code   RO         2631    i._printf_post_padding  mc_p.l(printf8.o)
    0x00002e40   0x0000002c   Code   RO         2632    i._printf_pre_padding  mc_p.l(printf8.o)
    0x00002e6c   0x0000000a   Code   RO         2634    i._sputc            mc_p.l(printf8.o)
    0x00002e76   0x00000002   PAD
    0x00002e78   0x00000170   Code   RO          895    i.configPins        main.o
    0x00002fe8   0x00000030   Code   RO          896    i.configSPI         main.o
    0x00003018   0x0000002c   Code   RO          897    i.configSPI1Pins_ADC0  main.o
    0x00003044   0x0000002c   Code   RO          898    i.configSPI1Pins_ADC2  main.o
    0x00003070   0x00000098   Code   RO          899    i.configTimers      main.o
    0x00003108   0x00000044   Code   RO          900    i.configUART        main.o
    0x0000314c   0x00000034   Code   RO          902    i.getBufRequirements  main.o
    0x00003180   0x00000028   Code   RO          904    i.getRTDSum         main.o
    0x000031a8   0x000000d8   Code   RO          905    i.getTempK10_from_adcCodeSum  main.o
    0x00003280   0x0000002c   Code   RO          906    i.getVolt100        main.o
    0x000032ac   0x00000580   Code   RO          907    i.main              main.o
    0x0000382c   0x000001a4   Code   RO          908    i.parseCommand      main.o
    0x000039d0   0x000001d4   Code   RO          909    i.printADC01Buf     main.o
    0x00003ba4   0x00000144   Code   RO          910    i.printData         main.o
    0x00003ce8   0x00000234   Code   RO          911    i.printMuxBuf       main.o
    0x00003f1c   0x0000001c   Code   RO          912    i.printUARTTx       main.o
    0x00003f38   0x000001d4   Code   RO          913    i.printVersion      main.o
    0x0000410c   0x00000020   Code   RO         1864    i.prvResetNextTaskUnblockTime  tasks.o
    0x0000412c   0x00000048   Code   RO          914    i.reportErrors      main.o
    0x00004174   0x00000014   Code   RO          915    i.selectAnalogMuxChPins  main.o
    0x00004188   0x00000278   Code   RO          916    i.setupADC          main.o
    0x00004400   0x00000088   Code   RO          917    i.startContinuous   main.o
    0x00004488   0x00000044   Code   RO          918    i.startSecondTimer  main.o
    0x000044cc   0x00000094   Code   RO          919    i.uartRxChar        main.o
    0x00004560   0x00000024   Code   RO         1595    i.uxListRemove      list.o
    0x00004584   0x00000004   Code   RO          922    i.vApplicationStackOverflowHook  main.o
    0x00004588   0x00000002   Code   RO          923    i.vApplicationTickHook  main.o
    0x0000458a   0x00000018   Code   RO         1599    i.vListInsertEnd    list.o
    0x000045a2   0x00000002   PAD
    0x000045a4   0x00000084   Code   RO         1892    i.vTaskSwitchContext  tasks.o
    0x00004628   0x000000c8   Code   RO         1901    i.xTaskIncrementTick  tasks.o
    0x000046f0   0x00000004   Data   RO          385    .constdata          i2c_va108xx.o
    0x000046f4   0x00000004   Data   RO          701    .constdata          spi_va108xx.o
    0x000046f8   0x00000010   Data   RO          927    .constdata          main.o
    0x00004708   0x00000040   Data   RO         2741    .constdata          mc_p.l(ctype_c.o)
    0x00004748   0x00000020   Data   RO         2743    Region$$Table       anon$$obj.o


    Execution Region ER_RW (Base: 0x10000000, Size: 0x0000065c, Max: 0xffffffff, ABSOLUTE, COMPRESSED[0x000000f4])

    Base Addr    Size         Type   Attr      Idx    E Section Name        Object

    0x10000000   0x00000004   Data   RW          119    .data               system_va108xx.o
    0x10000004   0x00000028   Data   RW          253    .data               i2c_drv_api.o
    0x1000002c   0x00000028   Data   RW          254    .data               i2c_drv_api.o
    0x10000054   0x000000e8   Data   RW          386    .data               i2c_va108xx.o
    0x1000013c   0x000000e8   Data   RW          387    .data               i2c_va108xx.o
    0x10000224   0x00000028   Data   RW          527    .data               spi_drv_api.o
    0x1000024c   0x00000028   Data   RW          528    .data               spi_drv_api.o
    0x10000274   0x00000028   Data   RW          529    .data               spi_drv_api.o
    0x1000029c   0x000000dc   Data   RW          702    .data               spi_va108xx.o
    0x10000378   0x000000dc   Data   RW          703    .data               spi_va108xx.o
    0x10000454   0x000000dc   Data   RW          704    .data               spi_va108xx.o
    0x10000530   0x000000ec   Data   RW          929    .data               main.o
    0x1000061c   0x00000002   Data   RW         1212    .data               timer.o
    0x1000061e   0x00000002   PAD
    0x10000620   0x0000003c   Data   RW         1910    .data               tasks.o


    Execution Region ER_ZI (Base: 0x1000065c, Size: 0x0000470c, Max: 0xffffffff, ABSOLUTE)

    Base Addr    Size         Type   Attr      Idx    E Section Name        Object

    0x1000065c   0x00004244   Zero   RW          926    .bss                main.o
    0x100048a0   0x000000c8   Zero   RW         1909    .bss                tasks.o
    0x10004968   0x00000400   Zero   RW          108    STACK               startup_va108xx.o



  Load Region LR$$.ARM.__at_0x10007000 (Base: 0x10007000, Size: 0x00000000, Max: 0x000000a8, ABSOLUTE)

    Execution Region ER$$.ARM.__at_0x10007000 (Base: 0x10007000, Size: 0x000000a8, Max: 0x000000a8, ABSOLUTE, UNINIT)

    Base Addr    Size         Type   Attr      Idx    E Section Name        Object

    0x10007000   0x000000a8   Zero   RW         1310    .ARM.__at_0x10007000  segger_rtt.o


==============================================================================

Image component sizes


      Code (inc. data)   RO Data    RW Data    ZI Data      Debug   Object Name

        90         20          0          0          0       2896   driver.common.o
         0          0          0          0          0     184524   hardfault_handler.o
       352        124          0         80          0      16494   i2c_drv_api.o
      3290        106          4        464          0      20153   i2c_va108xx.o
       552         50          0          0          0       9431   irq_va108xx.o
        60          0          0          0          0       1376   list.o
      7054       1636         16        236      16964      44377   main.o
       156         14          0          0          0       1142   port.o
         0          0          0          0        168       3803   segger_rtt.o
       480        180          0        120          0      21139   spi_drv_api.o
      1848         34          4        660          0      22425   spi_va108xx.o
        36          8        192          0       1024        800   startup_va108xx.o
        16          8          0          4          0        683   system_va108xx.o
       364         26          0         60        200       6536   tasks.o
        64         12          0          2          0       1099   timer.o

    ----------------------------------------------------------------------
     14382       2218        248       1628      18356     336878   Object Totals
         0          0         32          0          0          0   (incl. Generated)
        20          0          0          2          0          0   (incl. Padding)

    ----------------------------------------------------------------------

      Code (inc. data)   RO Data    RW Data    ZI Data      Debug   Library Member Name

        60         10          0          0          0         84   __0sscanf.o
        86          0          0          0          0          0   __dczerorl2.o
        30          0          0          0          0         60   _chval.o
       824         12          0          0          0         84   _scanf.o
       330          0          0          0          0         84   _scanf_int.o
       232          0          0          0          0         84   _scanf_str.o
        68          0          0          0          0         76   _sgetc.o
        36          4         64          0          0         60   ctype_c.o
         0          0          0          0          0          0   entry.o
         0          0          0          0          0          0   entry10a.o
         0          0          0          0          0          0   entry11a.o
         8          4          0          0          0          0   entry2.o
         4          0          0          0          0          0   entry5.o
         0          0          0          0          0          0   entry7b.o
         0          0          0          0          0          0   entry8b.o
         8          4          0          0          0          0   entry9a.o
        30          0          0          0          0          0   handlers.o
        36          8          0          0          0         68   init.o
        14          0          0          0          0         68   isspace_c.o
         0          0          0          0          0          0   iusefp.o
        32          0          0          0          0         68   llshl.o
        34          0          0          0          0         68   llushr.o
        36          0          0          0          0         60   memcpya.o
      1190         48          0          0          0        384   printf8.o
        44          8          0          0          0         84   scanf_char.o
        28          0          0          0          0         68   strcmp.o
        44          0          0          0          0         72   uidiv.o
        96          0          0          0          0         84   uldiv.o
       130          0          0          0          0        144   fepilogue.o
        40          0          0          0          0         60   ffixui.o
        14          0          0          0          0         68   ffltui.o
       122          0          0          0          0         72   fmul.o

    ----------------------------------------------------------------------
      3586         98         64          0          0       1900   Library Totals
        10          0          0          0          0          0   (incl. Padding)

    ----------------------------------------------------------------------

      Code (inc. data)   RO Data    RW Data    ZI Data      Debug   Library Name

      3270         98         64          0          0       1556   mc_p.l
       306          0          0          0          0        344   mf_p.l

    ----------------------------------------------------------------------
      3586         98         64          0          0       1900   Library Totals

    ----------------------------------------------------------------------

==============================================================================


      Code (inc. data)   RO Data    RW Data    ZI Data      Debug   

     17968       2316        312       1628      18356     331734   Grand Totals
     17968       2316        312        244      18356     331734   ELF Image Totals (compressed)
     17968       2316        312        244          0          0   ROM Totals

==============================================================================

    Total RO  Size (Code + RO Data)                18280 (  17.85kB)
    Total RW  Size (RW Data + ZI Data)             19984 (  19.52kB)
    Total ROM Size (Code + RO Data + RW Data)      18524 (  18.09kB)

==============================================================================

