<html>
<body>
<pre>
<h1>µVision Build Log</h1>
<h2>Tool Versions:</h2>
IDE-Version: µVision V5.24.2.0
Copyright (C) 2017 ARM Ltd and ARM Germany GmbH. All rights reserved.
License Information: Clay Merritt, Vorago Technologies, LIC=----
 
Tool Versions:
Toolchain:       MDK-Lite  Version: 5.24.1
Toolchain Path:  C:\Keil_v5\ARM\ARMCC\Bin
C Compiler:      Armcc.exe V5.06 update 5 (build 528)
Assembler:       Armasm.exe V5.06 update 5 (build 528)
Linker/Locator:  ArmLink.exe V5.06 update 5 (build 528)
Library Manager: ArmAr.exe V5.06 update 5 (build 528)
Hex Converter:   FromElf.exe V5.06 update 5 (build 528)
CPU DLL:         SARMCM3.DLL V5.24.1
Dialog DLL:      DARMCM1.DLL V1.18.0.0
Target DLL:      UL2CM3.DLL V1.160.3.0
Dialog DLL:      TARMCM1.DLL V1.13.0.0
 
<h2>Project:</h2>
C:\Temp\Temp_HT_DAB_Multiproject\software\mcu\project\ht_dab_va108xx.rev_c_brd\ht_dab_va108xx-ULINK2_FLASH.uvprojx
Project File Date:  03/02/2018

<h2>Output:</h2>
*** Using Compiler 'V5.06 update 5 (build 528)', folder: 'C:\Keil_v5\ARM\ARMCC\Bin'
Rebuild target 'ht_dab_va108xx'
Clean started - Project: 'ht_dab_va108xx-ULINK2_FLASH'
   deleting intermediate output files for target 'ht_dab_va108xx'
assembling startup_va108xx.s...
compiling system_va108xx.c...
compiling driver.common.c...
compiling main.c...
compiling uart.c...
compiling output.c...
compiling parser.c...
compiling sampling_engine.c...
compiling list.c...
compiling queue.c...
compiling tasks.c...
compiling port.c...
compiling heap_1.c...
compiling timers.c...
linking...
Program Size: Code=11336 RO-data=304 RW-data=212 ZI-data=18156  
".\Objects\ht_dab_va108xx.axf" - 0 Error(s), 0 Warning(s).

*** Performing Cross-Module-Optimization:
compiling system_va108xx.c...
compiling driver.common.c...
compiling main.c...
compiling uart.c...
compiling output.c...
compiling parser.c...
compiling sampling_engine.c...
compiling list.c...
compiling queue.c...
compiling tasks.c...
compiling port.c...
compiling heap_1.c...
compiling timers.c...
linking...
Program Size: Code=11336 RO-data=304 RW-data=212 ZI-data=18156  
FromELF: creating hex file...
After Build - User command #1: C:\Keil_v5\ARM\ARMCC\bin\fromelf.exe --bin C:\Temp\Temp_HT_DAB_Multiproject\software\mcu\project\ht_dab_va108xx.rev_c_brd\Objects\ht_dab_va108xx.axf --output C:\Temp\Temp_HT_DAB_Multiproject\software\mcu\project\ht_dab_va108xx.rev_c_brd\Objects\ht_dab_va108xx.bin
".\Objects\ht_dab_va108xx.axf" - 0 Error(s), 0 Warning(s).
*** Completed Cross-Module-Optimization after 2 iteration(s).

<h2>Software Packages used:</h2>

Package Vendor: Vorago
                http://www.voragotech.com/Vorago.VA108xx.1.4.0.pack
                Vorago.VA108xx.1.4.0
                VA108xx ARM Cortex-M0 Device Family Pack

<h2>Collection of Component include folders:</h2>
  .\RTE\_ht_dab_va108xx
  C:\Keil_v5\ARM\PACK\Vorago\VA108xx\1.4.0\core

<h2>Collection of Component Files used:</h2>
Build Time Elapsed:  00:00:31
</pre>
</body>
</html>
